Component: ARM Compiler 5.06 update 7 (build 960) Tool: armlink [4d3601]

==============================================================================

Section Cross References

    system_stm32f4xx.o(i.SystemCoreClockUpdate) refers to system_stm32f4xx.o(.data) for SystemCoreClock
    system_stm32f4xx.o(i.SystemInit) refers to system_stm32f4xx.o(i.SetSysClock) for SetSysClock
    startup_stm32f40_41xxx.o(STACK) refers (Special) to heapauxi.o(.text) for __use_two_region_memory
    startup_stm32f40_41xxx.o(HEAP) refers (Special) to heapauxi.o(.text) for __use_two_region_memory
    startup_stm32f40_41xxx.o(RESET) refers (Special) to heapauxi.o(.text) for __use_two_region_memory
    startup_stm32f40_41xxx.o(RESET) refers to startup_stm32f40_41xxx.o(STACK) for __initial_sp
    startup_stm32f40_41xxx.o(RESET) refers to startup_stm32f40_41xxx.o(.text) for Reset_Handler
    startup_stm32f40_41xxx.o(RESET) refers to pad_stm32f4xx_it.o(i.NMI_Handler) for NMI_Handler
    startup_stm32f40_41xxx.o(RESET) refers to pad_stm32f4xx_it.o(i.HardFault_Handler) for HardFault_Handler
    startup_stm32f40_41xxx.o(RESET) refers to pad_stm32f4xx_it.o(i.MemManage_Handler) for MemManage_Handler
    startup_stm32f40_41xxx.o(RESET) refers to pad_stm32f4xx_it.o(i.BusFault_Handler) for BusFault_Handler
    startup_stm32f40_41xxx.o(RESET) refers to pad_stm32f4xx_it.o(i.UsageFault_Handler) for UsageFault_Handler
    startup_stm32f40_41xxx.o(RESET) refers to port.o(.emb_text) for SVC_Handler
    startup_stm32f40_41xxx.o(RESET) refers to pad_stm32f4xx_it.o(i.DebugMon_Handler) for DebugMon_Handler
    startup_stm32f40_41xxx.o(RESET) refers to pad_stm32f4xx_it.o(i.SysTick_Handler) for SysTick_Handler
    startup_stm32f40_41xxx.o(.text) refers (Special) to heapauxi.o(.text) for __use_two_region_memory
    startup_stm32f40_41xxx.o(.text) refers to system_stm32f4xx.o(i.SystemInit) for SystemInit
    startup_stm32f40_41xxx.o(.text) refers to __main.o(!!!main) for __main
    startup_stm32f40_41xxx.o(.text) refers to startup_stm32f40_41xxx.o(HEAP) for Heap_Mem
    startup_stm32f40_41xxx.o(.text) refers to startup_stm32f40_41xxx.o(STACK) for Stack_Mem
    retarget.o(.rev16_text) refers (Special) to use_no_semi_2.o(.text) for __use_no_semihosting
    retarget.o(.revsh_text) refers (Special) to use_no_semi_2.o(.text) for __use_no_semihosting
    retarget.o(i._sys_exit) refers (Special) to use_no_semi_2.o(.text) for __use_no_semihosting
    retarget.o(i.fputc) refers (Special) to use_no_semi_2.o(.text) for __use_no_semihosting
    retarget.o(.data) refers (Special) to use_no_semi_2.o(.text) for __use_no_semihosting
    pad_stm32f4xx_it.o(i.SysTick_Handler) refers to tasks.o(i.xTaskGetSchedulerState) for xTaskGetSchedulerState
    pad_stm32f4xx_it.o(i.SysTick_Handler) refers to port.o(i.xPortSysTickHandler) for xPortSysTickHandler
    stm32f4xx_adc.o(i.ADC_DeInit) refers to stm32f4xx_rcc.o(i.RCC_APB2PeriphResetCmd) for RCC_APB2PeriphResetCmd
    stm32f4xx_can.o(i.CAN_DeInit) refers to stm32f4xx_rcc.o(i.RCC_APB1PeriphResetCmd) for RCC_APB1PeriphResetCmd
    stm32f4xx_can.o(i.CAN_GetITStatus) refers to stm32f4xx_can.o(i.CheckITStatus) for CheckITStatus
    stm32f4xx_cryp.o(i.CRYP_DeInit) refers to stm32f4xx_rcc.o(i.RCC_AHB2PeriphResetCmd) for RCC_AHB2PeriphResetCmd
    stm32f4xx_cryp_aes.o(i.CRYP_AES_CBC) refers to stm32f4xx_cryp.o(i.CRYP_KeyStructInit) for CRYP_KeyStructInit
    stm32f4xx_cryp_aes.o(i.CRYP_AES_CBC) refers to stm32f4xx_cryp.o(i.CRYP_FIFOFlush) for CRYP_FIFOFlush
    stm32f4xx_cryp_aes.o(i.CRYP_AES_CBC) refers to stm32f4xx_cryp.o(i.CRYP_Init) for CRYP_Init
    stm32f4xx_cryp_aes.o(i.CRYP_AES_CBC) refers to stm32f4xx_cryp.o(i.CRYP_KeyInit) for CRYP_KeyInit
    stm32f4xx_cryp_aes.o(i.CRYP_AES_CBC) refers to stm32f4xx_cryp.o(i.CRYP_Cmd) for CRYP_Cmd
    stm32f4xx_cryp_aes.o(i.CRYP_AES_CBC) refers to stm32f4xx_cryp.o(i.CRYP_GetFlagStatus) for CRYP_GetFlagStatus
    stm32f4xx_cryp_aes.o(i.CRYP_AES_CBC) refers to stm32f4xx_cryp.o(i.CRYP_IVInit) for CRYP_IVInit
    stm32f4xx_cryp_aes.o(i.CRYP_AES_CBC) refers to stm32f4xx_cryp.o(i.CRYP_GetCmdStatus) for CRYP_GetCmdStatus
    stm32f4xx_cryp_aes.o(i.CRYP_AES_CBC) refers to stm32f4xx_cryp.o(i.CRYP_DataIn) for CRYP_DataIn
    stm32f4xx_cryp_aes.o(i.CRYP_AES_CBC) refers to stm32f4xx_cryp.o(i.CRYP_DataOut) for CRYP_DataOut
    stm32f4xx_cryp_aes.o(i.CRYP_AES_CCM) refers to stm32f4xx_cryp.o(i.CRYP_KeyStructInit) for CRYP_KeyStructInit
    stm32f4xx_cryp_aes.o(i.CRYP_AES_CCM) refers to stm32f4xx_cryp.o(i.CRYP_FIFOFlush) for CRYP_FIFOFlush
    stm32f4xx_cryp_aes.o(i.CRYP_AES_CCM) refers to stm32f4xx_cryp.o(i.CRYP_KeyInit) for CRYP_KeyInit
    stm32f4xx_cryp_aes.o(i.CRYP_AES_CCM) refers to stm32f4xx_cryp.o(i.CRYP_IVInit) for CRYP_IVInit
    stm32f4xx_cryp_aes.o(i.CRYP_AES_CCM) refers to stm32f4xx_cryp.o(i.CRYP_Init) for CRYP_Init
    stm32f4xx_cryp_aes.o(i.CRYP_AES_CCM) refers to stm32f4xx_cryp.o(i.CRYP_PhaseConfig) for CRYP_PhaseConfig
[...]
    i.SEGGER_SYSVIEW_ShrinkId                0x08001708   Section        0  segger_sysview.o(i.SEGGER_SYSVIEW_ShrinkId)
    i.SEGGER_SYSVIEW_Start                   0x08001718   Section        0  segger_sysview.o(i.SEGGER_SYSVIEW_Start)
    i.SEGGER_SYSVIEW_Stop                    0x08001814   Section        0  segger_sysview.o(i.SEGGER_SYSVIEW_Stop)
    i.SEGGER_SYSVIEW_Warn                    0x08001858   Section        0  segger_sysview.o(i.SEGGER_SYSVIEW_Warn)
    i.SYSVIEW_AddTask                        0x080018d8   Section        0  segger_sysview_freertos.o(i.SYSVIEW_AddTask)
    i.SYSVIEW_DeleteTask                     0x08001984   Section        0  segger_sysview_freertos.o(i.SYSVIEW_DeleteTask)
    i.SYSVIEW_RecordU32x4                    0x08001a94   Section        0  segger_sysview_freertos.o(i.SYSVIEW_RecordU32x4)
    i.SYSVIEW_SendTaskInfo                   0x08001ae0   Section        0  segger_sysview_freertos.o(i.SYSVIEW_SendTaskInfo)
    i.SetSysClock                            0x08001b14   Section        0  system_stm32f4xx.o(i.SetSysClock)
    SetSysClock                              0x08001b15   Thumb Code   220  system_stm32f4xx.o(i.SetSysClock)
    i.SysTick_Handler                        0x08001c00   Section        0  pad_stm32f4xx_it.o(i.SysTick_Handler)
    i.SystemInit                             0x08001c10   Section        0  system_stm32f4xx.o(i.SystemInit)
    i.USART_Cmd                              0x08001c78   Section        0  stm32f4xx_usart.o(i.USART_Cmd)
    i.USART_Init                             0x08001c90   Section        0  stm32f4xx_usart.o(i.USART_Init)
    i.UsageFault_Handler                     0x08001d64   Section        0  pad_stm32f4xx_it.o(i.UsageFault_Handler)
    i._DoInit                                0x08001d68   Section        0  segger_rtt.o(i._DoInit)
    _DoInit                                  0x08001d69   Thumb Code    74  segger_rtt.o(i._DoInit)
    i._EncodeStr                             0x08001dd8   Section        0  segger_sysview.o(i._EncodeStr)
    _EncodeStr                               0x08001dd9   Thumb Code    70  segger_sysview.o(i._EncodeStr)
    i._HandleIncomingPacket                  0x08001e20   Section        0  segger_sysview.o(i._HandleIncomingPacket)
    _HandleIncomingPacket                    0x08001e21   Thumb Code   164  segger_sysview.o(i._HandleIncomingPacket)
    i._PreparePacket                         0x08001ec8   Section        0  segger_sysview.o(i._PreparePacket)
    _PreparePacket                           0x08001ec9   Thumb Code     6  segger_sysview.o(i._PreparePacket)
    i._SendPacket                            0x08001ed0   Section        0  segger_sysview.o(i._SendPacket)
    _SendPacket                              0x08001ed1   Thumb Code   296  segger_sysview.o(i._SendPacket)
    i._TrySendOverflowPacket                 0x08002004   Section        0  segger_sysview.o(i._TrySendOverflowPacket)
    _TrySendOverflowPacket                   0x08002005   Thumb Code   126  segger_sysview.o(i._TrySendOverflowPacket)
    i._ZN35_INTERNAL_13_app_hello_cpp_778a27ed10task1_taskEPv 0x0800208c   Section        0  app_hello.o(i._ZN35_INTERNAL_13_app_hello_cpp_778a27ed10task1_taskEPv)
    [local to app_hello_cpp]::task1_task(void*) 0x0800208d   Thumb Code    18  app_hello.o(i._ZN35_INTERNAL_13_app_hello_cpp_778a27ed10task1_taskEPv)
    i._cbGetTime                             0x080020b4   Section        0  segger_sysview_freertos.o(i._cbGetTime)
    _cbGetTime                               0x080020b5   Thumb Code    62  segger_sysview_freertos.o(i._cbGetTime)
    i._cbSendSystemDesc                      0x080020f4   Section        0  segger_sysview_config_freertos.o(i._cbSendSystemDesc)
    _cbSendSystemDesc                        0x080020f5   Thumb Code    16  segger_sysview_config_freertos.o(i._cbSendSystemDesc)
    i._cbSendTaskList                        0x08002148   Section        0  segger_sysview_freertos.o(i._cbSendTaskList)
    _cbSendTaskList                          0x08002149   Thumb Code    76  segger_sysview_freertos.o(i._cbSendTaskList)
    i._sys_exit                              0x0800219c   Section        0  retarget.o(i._sys_exit)
    i.app_hello_main                         0x080021a0   Section        0  app_hello.o(i.app_hello_main)
    i.fputc                                  0x080021d4   Section        0  retarget.o(i.fputc)
    i.main                                   0x080021f0   Section        0  main.o(i.main)
    i.prvAddCurrentTaskToDelayedList         0x0800228c   Section        0  tasks.o(i.prvAddCurrentTaskToDelayedList)
    prvAddCurrentTaskToDelayedList           0x0800228d   Thumb Code   154  tasks.o(i.prvAddCurrentTaskToDelayedList)
    i.prvAddNewTaskToReadyList               0x08002344   Section        0  tasks.o(i.prvAddNewTaskToReadyList)
    prvAddNewTaskToReadyList                 0x08002345   Thumb Code   192  tasks.o(i.prvAddNewTaskToReadyList)
    i.prvCheckForValidListAndQueue           0x08002420   Section        0  timers.o(i.prvCheckForValidListAndQueue)
    prvCheckForValidListAndQueue             0x08002421   Thumb Code    72  timers.o(i.prvCheckForValidListAndQueue)
    i.prvCheckTasksWaitingTermination        0x08002484   Section        0  tasks.o(i.prvCheckTasksWaitingTermination)
    prvCheckTasksWaitingTermination          0x08002485   Thumb Code    86  tasks.o(i.prvCheckTasksWaitingTermination)
    i.prvCopyDataFromQueue                   0x080024e8   Section        0  queue.o(i.prvCopyDataFromQueue)
    prvCopyDataFromQueue                     0x080024e9   Thumb Code    42  queue.o(i.prvCopyDataFromQueue)
    i.prvCopyDataToQueue                     0x08002512   Section        0  queue.o(i.prvCopyDataToQueue)
    prvCopyDataToQueue                       0x08002513   Thumb Code   124  queue.o(i.prvCopyDataToQueue)
    i.prvDeleteTCB                           0x0800258e   Section        0  tasks.o(i.prvDeleteTCB)
    prvDeleteTCB                             0x0800258f   Thumb Code    18  tasks.o(i.prvDeleteTCB)
    i.prvGetNextExpireTime                   0x080025a0   Section        0  timers.o(i.prvGetNextExpireTime)
    prvGetNextExpireTime                     0x080025a1   Thumb Code    36  timers.o(i.prvGetNextExpireTime)
    i.prvHeapInit                            0x080025c8   Section        0  heap_4.o(i.prvHeapInit)
    prvHeapInit                              0x080025c9   Thumb Code    98  heap_4.o(i.prvHeapInit)
    i.prvIdleTask                            0x08002644   Section        0  tasks.o(i.prvIdleTask)
    prvIdleTask                              0x08002645   Thumb Code    32  tasks.o(i.prvIdleTask)
    i.prvInitialiseNewQueue                  0x0800266c   Section        0  queue.o(i.prvInitialiseNewQueue)
    prvInitialiseNewQueue                    0x0800266d   Thumb Code    58  queue.o(i.prvInitialiseNewQueue)
    i.prvInitialiseNewTask                   0x080026a8   Section        0  tasks.o(i.prvInitialiseNewTask)
    prvInitialiseNewTask                     0x080026a9   Thumb Code   170  tasks.o(i.prvInitialiseNewTask)
    i.prvInitialiseTaskLists                 0x0800279c   Section        0  tasks.o(i.prvInitialiseTaskLists)
    prvInitialiseTaskLists                   0x0800279d   Thumb Code    70  tasks.o(i.prvInitialiseTaskLists)
    i.prvInsertBlockIntoFreeList             0x08002804   Section        0  heap_4.o(i.prvInsertBlockIntoFreeList)
    prvInsertBlockIntoFreeList               0x08002805   Thumb Code    96  heap_4.o(i.prvInsertBlockIntoFreeList)
    i.prvInsertTimerInActiveList             0x0800286c   Section        0  timers.o(i.prvInsertTimerInActiveList)
    prvInsertTimerInActiveList               0x0800286d   Thumb Code    80  timers.o(i.prvInsertTimerInActiveList)
    i.prvIsQueueEmpty                        0x080028c4   Section        0  queue.o(i.prvIsQueueEmpty)
    prvIsQueueEmpty                          0x080028c5   Thumb Code    26  queue.o(i.prvIsQueueEmpty)
    i.prvIsQueueFull                         0x080028de   Section        0  queue.o(i.prvIsQueueFull)
    prvIsQueueFull                           0x080028df   Thumb Code    30  queue.o(i.prvIsQueueFull)
    i.prvNotifyQueueSetContainer             0x080028fc   Section        0  queue.o(i.prvNotifyQueueSetContainer)
    prvNotifyQueueSetContainer               0x080028fd   Thumb Code   150  queue.o(i.prvNotifyQueueSetContainer)
    i.prvProcessExpiredTimer                 0x080029dc   Section        0  timers.o(i.prvProcessExpiredTimer)
    prvProcessExpiredTimer                   0x080029dd   Thumb Code    84  timers.o(i.prvProcessExpiredTimer)
    i.prvProcessReceivedCommands             0x08002a7c   Section        0  timers.o(i.prvProcessReceivedCommands)
    prvProcessReceivedCommands               0x08002a7d   Thumb Code   254  timers.o(i.prvProcessReceivedCommands)
    i.prvProcessTimerOrBlockTask             0x08002bc8   Section        0  timers.o(i.prvProcessTimerOrBlockTask)
    prvProcessTimerOrBlockTask               0x08002bc9   Thumb Code   102  timers.o(i.prvProcessTimerOrBlockTask)
    i.prvResetNextTaskUnblockTime            0x08002c3c   Section        0  tasks.o(i.prvResetNextTaskUnblockTime)
    prvResetNextTaskUnblockTime              0x08002c3d   Thumb Code    42  tasks.o(i.prvResetNextTaskUnblockTime)
    i.prvSampleTimeNow                       0x08002c70   Section        0  timers.o(i.prvSampleTimeNow)
    prvSampleTimeNow                         0x08002c71   Thumb Code    40  timers.o(i.prvSampleTimeNow)
    i.prvSwitchTimerLists                    0x08002c9c   Section        0  timers.o(i.prvSwitchTimerLists)
    prvSwitchTimerLists                      0x08002c9d   Thumb Code   140  timers.o(i.prvSwitchTimerLists)
    i.prvTaskExitError                       0x08002d78   Section        0  port.o(i.prvTaskExitError)
    prvTaskExitError                         0x08002d79   Thumb Code    50  port.o(i.prvTaskExitError)
    i.prvTimerTask                           0x08002dc4   Section        0  timers.o(i.prvTimerTask)
    prvTimerTask                             0x08002dc5   Thumb Code    26  timers.o(i.prvTimerTask)
    i.prvUnlockQueue                         0x08002dde   Section        0  queue.o(i.prvUnlockQueue)
    prvUnlockQueue                           0x08002ddf   Thumb Code   146  queue.o(i.prvUnlockQueue)
    i.pvPortMalloc                           0x08002e70   Section        0  heap_4.o(i.pvPortMalloc)
    i.pvTaskIncrementMutexHeldCount          0x08002fa0   Section        0  tasks.o(i.pvTaskIncrementMutexHeldCount)
    i.pxPortInitialiseStack                  0x08002fc0   Section        0  port.o(i.pxPortInitialiseStack)
    i.start_task                             0x08002fec   Section        0  main.o(i.start_task)
    start_task                               0x08002fed   Thumb Code    24  main.o(i.start_task)
    i.uxListRemove                           0x08003004   Section        0  list.o(i.uxListRemove)
    i.vListInitialise                        0x0800302c   Section        0  list.o(i.vListInitialise)
    i.vListInitialiseItem                    0x08003046   Section        0  list.o(i.vListInitialiseItem)
    i.vListInsert                            0x0800304c   Section        0  list.o(i.vListInsert)
    i.vListInsertEnd                         0x08003080   Section        0  list.o(i.vListInsertEnd)
    i.vPortEnterCritical                     0x08003098   Section        0  port.o(i.vPortEnterCritical)
    i.vPortExitCritical                      0x080030f8   Section        0  port.o(i.vPortExitCritical)
    i.vPortFree                              0x08003140   Section        0  heap_4.o(i.vPortFree)
    i.vPortSetupTimerInterrupt               0x080031d4   Section        0  port.o(i.vPortSetupTimerInterrupt)
    i.vPortValidateInterruptPriority         0x080031f4   Section        0  port.o(i.vPortValidateInterruptPriority)
    i.vQueueAddToRegistry                    0x0800326c   Section        0  queue.o(i.vQueueAddToRegistry)
    i.vQueueWaitForMessageRestricted         0x080032b0   Section        0  queue.o(i.vQueueWaitForMessageRestricted)
    i.vTaskDelay                             0x080032fc   Section        0  tasks.o(i.vTaskDelay)
    i.vTaskDelete                            0x080033a0   Section        0  tasks.o(i.vTaskDelete)
    i.vTaskMissedYield                       0x080034e8   Section        0  tasks.o(i.vTaskMissedYield)
    i.vTaskPlaceOnEventList                  0x080034f4   Section        0  tasks.o(i.vTaskPlaceOnEventList)
    i.vTaskPlaceOnEventListRestricted        0x0800356c   Section        0  tasks.o(i.vTaskPlaceOnEventListRestricted)
    i.vTaskPriorityInherit                   0x080035f0   Section        0  tasks.o(i.vTaskPriorityInherit)
    i.vTaskSetTimeOutState                   0x080036a8   Section        0  tasks.o(i.vTaskSetTimeOutState)
    i.vTaskStartScheduler                    0x08003718   Section        0  tasks.o(i.vTaskStartScheduler)
    i.vTaskSuspendAll                        0x080037e8   Section        0  tasks.o(i.vTaskSuspendAll)
    i.vTaskSwitchContext                     0x080037f8   Section        0  tasks.o(i.vTaskSwitchContext)
    i.xPortStartScheduler                    0x080038e0   Section        0  port.o(i.xPortStartScheduler)
    i.xPortSysTickHandler                    0x08003a14   Section        0  port.o(i.xPortSysTickHandler)
    i.xQueueGenericCreate                    0x08003a54   Section        0  queue.o(i.xQueueGenericCreate)
    i.xQueueGenericReceive                   0x08003aec   Section        0  queue.o(i.xQueueGenericReceive)
    i.xQueueGenericReset                     0x08003d50   Section        0  queue.o(i.xQueueGenericReset)
    i.xQueueGenericSend                      0x08003e24   Section        0  queue.o(i.xQueueGenericSend)
    i.xQueueGenericSendFromISR               0x08004050   Section        0  queue.o(i.xQueueGenericSendFromISR)
    i.xTaskCheckForTimeOut                   0x080041a8   Section        0  tasks.o(i.xTaskCheckForTimeOut)
    i.xTaskCreate                            0x0800426c   Section        0  tasks.o(i.xTaskCreate)
    i.xTaskGetSchedulerState                 0x080042cc   Section        0  tasks.o(i.xTaskGetSchedulerState)
    i.xTaskGetTickCount                      0x080042ec   Section        0  tasks.o(i.xTaskGetTickCount)
    i.xTaskGetTickCountFromISR               0x080042f8   Section        0  tasks.o(i.xTaskGetTickCountFromISR)
    i.xTaskIncrementTick                     0x0800430c   Section        0  tasks.o(i.xTaskIncrementTick)
    i.xTaskPriorityDisinherit                0x08004498   Section        0  tasks.o(i.xTaskPriorityDisinherit)
    i.xTaskRemoveFromEventList               0x0800459c   Section        0  tasks.o(i.xTaskRemoveFromEventList)
    i.xTaskResumeAll                         0x08004678   Section        0  tasks.o(i.xTaskResumeAll)
    i.xTimerCreateTimerTask                  0x080047c0   Section        0  timers.o(i.xTimerCreateTimerTask)
    i.xTimerGenericCommand                   0x08004854   Section        0  timers.o(i.xTimerGenericCommand)
    x$fpl$fpinit                             0x08004918   Section       10  fpinit.o(x$fpl$fpinit)
    $v0                                      0x08004918   Number         0  fpinit.o(x$fpl$fpinit)
    .constdata                               0x08004924   Section        8  segger_sysview_freertos.o(.constdata)
    .constdata                               0x0800492c   Section       26  segger_sysview.o(.constdata)
    _abSync                                  0x0800492c   Data          10  segger_sysview.o(.constdata)
    _aV2C                                    0x08004936   Data          16  segger_sysview.o(.constdata)
    .conststring                             0x08004948   Section       77  port.o(.conststring)
    .conststring                             0x08004998   Section       73  heap_4.o(.conststring)
    .conststring                             0x080049e4   Section       80  segger_sysview_freertos.o(.conststring)
    .data                                    0x20000000   Section       20  system_stm32f4xx.o(.data)
    .data                                    0x20000014   Section        4  retarget.o(.data)
    .data                                    0x20000018   Section       16  stm32f4xx_rcc.o(.data)
    APBAHBPrescTable                         0x20000018   Data          16  stm32f4xx_rcc.o(.data)
    .data                                    0x20000028   Section        4  main.o(.data)
    StartTask_Handler                        0x20000028   Data           4  main.o(.data)
    .data                                    0x2000002c   Section       60  tasks.o(.data)
    pxDelayedTaskList                        0x20000030   Data           4  tasks.o(.data)
    pxOverflowDelayedTaskList                0x20000034   Data           4  tasks.o(.data)
    uxDeletedTasksWaitingCleanUp             0x20000038   Data           4  tasks.o(.data)
    uxCurrentNumberOfTasks                   0x2000003c   Data           4  tasks.o(.data)
    xTickCount                               0x20000040   Data           4  tasks.o(.data)
    uxTopReadyPriority                       0x20000044   Data           4  tasks.o(.data)
    xSchedulerRunning                        0x20000048   Data           4  tasks.o(.data)
    uxPendedTicks                            0x2000004c   Data           4  tasks.o(.data)
    xYieldPending                            0x20000050   Data           4  tasks.o(.data)
    xNumOfOverflows                          0x20000054   Data           4  tasks.o(.data)
    uxTaskNumber                             0x20000058   Data           4  tasks.o(.data)
    xNextTaskUnblockTime                     0x2000005c   Data           4  tasks.o(.data)
    xIdleTaskHandle                          0x20000060   Data           4  tasks.o(.data)
    uxSchedulerSuspended                     0x20000064   Data           4  tasks.o(.data)
    .data                                    0x20000068   Section       20  timers.o(.data)
    pxCurrentTimerList                       0x20000068   Data           4  timers.o(.data)
    pxOverflowTimerList                      0x2000006c   Data           4  timers.o(.data)
    xTimerQueue                              0x20000070   Data           4  timers.o(.data)
    xTimerTaskHandle                         0x20000074   Data           4  timers.o(.data)
    xLastTime                                0x20000078   Data           4  timers.o(.data)
    .data                                    0x2000007c   Section       12  port.o(.data)
    uxCriticalNesting                        0x2000007c   Data           4  port.o(.data)
    ucMaxSysCallPriority                     0x20000080   Data           1  port.o(.data)
    ulMaxPRIGROUPValue                       0x20000084   Data           4  port.o(.data)
    .data                                    0x20000088   Section       24  heap_4.o(.data)
    xStart                                   0x20000088   Data           8  heap_4.o(.data)
    pxEnd                                    0x20000090   Data           4  heap_4.o(.data)
    xFreeBytesRemaining                      0x20000094   Data           4  heap_4.o(.data)
    xMinimumEverFreeBytesRemaining           0x20000098   Data           4  heap_4.o(.data)
    xBlockAllocatedBit                       0x2000009c   Data           4  heap_4.o(.data)
    .data                                    0x200000a0   Section        4  segger_sysview_freertos.o(.data)
    _NumTasks                                0x200000a0   Data           4  segger_sysview_freertos.o(.data)
    .data                                    0x200000a4   Section       21  segger_sysview.o(.data)
    _DownBuffer                              0x200000ac   Data           8  segger_sysview.o(.data)
    _pFirstModule                            0x200000b4   Data           4  segger_sysview.o(.data)
    _NumModules                              0x200000b8   Data           1  segger_sysview.o(.data)
    .data                                    0x200000bc   Section        4  app_hello.o(.data)
    Task1Task_Handler                        0x200000bc   Data           4  app_hello.o(.data)
    .bss                                     0x200000c0   Section       64  queue.o(.bss)
    .bss                                     0x20000100   Section      200  tasks.o(.bss)
    pxReadyTasksLists                        0x20000100   Data         100  tasks.o(.bss)
    xDelayedTaskList1                        0x20000164   Data          20  tasks.o(.bss)
    xDelayedTaskList2                        0x20000178   Data          20  tasks.o(.bss)
    xPendingReadyList                        0x2000018c   Data          20  tasks.o(.bss)
    xTasksWaitingTermination                 0x200001a0   Data          20  tasks.o(.bss)
    xSuspendedTaskList                       0x200001b4   Data          20  tasks.o(.bss)
    .bss                                     0x200001c8   Section       40  timers.o(.bss)
    xActiveTimerList1                        0x200001c8   Data          20  timers.o(.bss)
    xActiveTimerList2                        0x200001dc   Data          20  timers.o(.bss)
    .bss                                     0x200001f0   Section    76800  heap_4.o(.bss)
    ucHeap                                   0x200001f0   Data       76800  heap_4.o(.bss)
    .bss                                     0x20012df0   Section      160  segger_sysview_freertos.o(.bss)
    _aTasks                                  0x20012df0   Data         160  segger_sysview_freertos.o(.bss)
    .bss                                     0x20012e90   Section     1208  segger_rtt.o(.bss)
    _acUpBuffer                              0x20012f38   Data        1024  segger_rtt.o(.bss)
    _acDownBuffer                            0x20013338   Data          16  segger_rtt.o(.bss)
    .bss                                     0x20013348   Section     1291  segger_sysview.o(.bss)
    _UpBuffer                                0x20013348   Data        1024  segger_sysview.o(.bss)
    _SYSVIEW_Globals                         0x20013748   Data          40  segger_sysview.o(.bss)
    _aPacket                                 0x20013770   Data         227  segger_sysview.o(.bss)
    .bss                                     0x20013854   Section       96  libspace.o(.bss)
    HEAP                                     0x200138b8   Section        0  startup_stm32f40_41xxx.o(HEAP)
    STACK                                    0x200138b8   Section     1024  startup_stm32f40_41xxx.o(STACK)
    Heap_Mem                                 0x200138b8   Data           0  startup_stm32f40_41xxx.o(HEAP)
    Stack_Mem                                0x200138b8   Data        1024  startup_stm32f40_41xxx.o(STACK)
    __initial_sp                             0x20013cb8   Data           0  startup_stm32f40_41xxx.o(STACK)

    Global Symbols

    Symbol Name                              Value     Ov Type        Size  Object(Section)

    BuildAttributes$$THM_ISAv4$E$P$D$K$B$S$7EM$VFPi3$EXTD16$VFPS$VFMA$PE$A:L22UL41UL21$X:L11$S22US41US21$IEEE1$IW$USESV6$~STKCKD$USESV7$~SHL$OSPACE$ROPI$EBA8$UX$STANDARDLIB$REQ8$PRES8$EABIv2 0x00000000   Number         0  anon$$obj.o ABSOLUTE
    __ARM_use_no_argv                        0x00000000   Number         0  main.o ABSOLUTE
    __ARM_exceptions_init                     - Undefined Weak Reference
    __alloca_initialize                       - Undefined Weak Reference
    __arm_fini_                               - Undefined Weak Reference
    __arm_preinit_                            - Undefined Weak Reference
    __cpp_initialize__aeabi_                  - Undefined Weak Reference
    __cxa_finalize                            - Undefined Weak Reference
    __rt_locale                               - Undefined Weak Reference
    __sigvec_lookup                           - Undefined Weak Reference
    _atexit_init                              - Undefined Weak Reference
    _call_atexit_fns                          - Undefined Weak Reference
    _clock_init                               - Undefined Weak Reference
    _fp_trap_init                             - Undefined Weak Reference
    _fp_trap_shutdown                         - Undefined Weak Reference
    _get_lc_collate                           - Undefined Weak Reference
    _get_lc_ctype                             - Undefined Weak Reference
    _get_lc_monetary                          - Undefined Weak Reference
    _get_lc_numeric                           - Undefined Weak Reference
    _get_lc_time                              - Undefined Weak Reference
    _getenv_init                              - Undefined Weak Reference
    _handle_redirection                       - Undefined Weak Reference
    _init_alloc                               - Undefined Weak Reference
    _init_user_alloc                          - Undefined Weak Reference
    _initio                                   - Undefined Weak Reference
    _mutex_acquire                            - Undefined Weak Reference
    _mutex_release                            - Undefined Weak Reference
    _printf_mbtowc                            - Undefined Weak Reference
    _printf_post_padding                      - Undefined Weak Reference
    _printf_pre_padding                       - Undefined Weak Reference
    _printf_truncate_signed                   - Undefined Weak Reference
    _printf_truncate_unsigned                 - Undefined Weak Reference
    _rand_init                                - Undefined Weak Reference
    _signal_finish                            - Undefined Weak Reference
    _signal_init                              - Undefined Weak Reference
    _terminate_alloc                          - Undefined Weak Reference
    _terminate_user_alloc                     - Undefined Weak Reference
    _terminateio                              - Undefined Weak Reference
    __Vectors_Size                           0x00000188   Number         0  startup_stm32f40_41xxx.o ABSOLUTE
    __Vectors                                0x08000000   Data           4  startup_stm32f40_41xxx.o(RESET)
    __Vectors_End                            0x08000188   Data           0  startup_stm32f40_41xxx.o(RESET)
    __main                                   0x08000189   Thumb Code     8  __main.o(!!!main)
    __scatterload                            0x08000191   Thumb Code     0  __scatter.o(!!!scatter)
    __scatterload_rt2                        0x08000191   Thumb Code    44  __scatter.o(!!!scatter)
    __scatterload_rt2_thumb_only             0x08000191   Thumb Code     0  __scatter.o(!!!scatter)
    __scatterload_null                       0x0800019f   Thumb Code     0  __scatter.o(!!!scatter)
    __scatterload_copy                       0x080001c5   Thumb Code    26  __scatter_copy.o(!!handler_copy)
    __scatterload_zeroinit                   0x080001e1   Thumb Code    28  __scatter_zi.o(!!handler_zi)
    _printf_d                                0x080001fd   Thumb Code     0  _printf_d.o(.ARM.Collect$$_printf_percent$$00000009)
    _printf_percent                          0x080001fd   Thumb Code     0  _printf_percent.o(.ARM.Collect$$_printf_percent$$00000000)
    _printf_s                                0x08000203   Thumb Code     0  _printf_s.o(.ARM.Collect$$_printf_percent$$00000014)
    _printf_percent_end                      0x08000209   Thumb Code     0  _printf_percent_end.o(.ARM.Collect$$_printf_percent$$00000017)
    __rt_lib_init                            0x0800020d   Thumb Code     0  libinit.o(.ARM.Collect$$libinit$$00000000)
    __rt_lib_init_fp_1                       0x0800020f   Thumb Code     0  libinit2.o(.ARM.Collect$$libinit$$00000001)
    __rt_lib_init_alloca_1                   0x08000213   Thumb Code     0  libinit2.o(.ARM.Collect$$libinit$$0000002E)
    __rt_lib_init_argv_1                     0x08000213   Thumb Code     0  libinit2.o(.ARM.Collect$$libinit$$0000002C)
    __rt_lib_init_atexit_1                   0x08000213   Thumb Code     0  libinit2.o(.ARM.Collect$$libinit$$0000001B)
    __rt_lib_init_clock_1                    0x08000213   Thumb Code     0  libinit2.o(.ARM.Collect$$libinit$$00000021)
    __rt_lib_init_cpp_1                      0x08000213   Thumb Code     0  libinit2.o(.ARM.Collect$$libinit$$00000032)
    __rt_lib_init_exceptions_1               0x08000213   Thumb Code     0  libinit2.o(.ARM.Collect$$libinit$$00000030)
    __rt_lib_init_fp_trap_1                  0x08000213   Thumb Code     0  libinit2.o(.ARM.Collect$$libinit$$0000001F)
    __rt_lib_init_getenv_1                   0x08000213   Thumb Code     0  libinit2.o(.ARM.Collect$$libinit$$00000023)
    __rt_lib_init_heap_1                     0x08000213   Thumb Code     0  libinit2.o(.ARM.Collect$$libinit$$0000000A)
    __rt_lib_init_lc_collate_1               0x08000213   Thumb Code     0  libinit2.o(.ARM.Collect$$libinit$$00000011)
    __rt_lib_init_lc_ctype_1                 0x08000213   Thumb Code     0  libinit2.o(.ARM.Collect$$libinit$$00000013)
    __rt_lib_init_lc_monetary_1              0x08000213   Thumb Code     0  libinit2.o(.ARM.Collect$$libinit$$00000015)
    __rt_lib_init_lc_numeric_1               0x08000213   Thumb Code     0  libinit2.o(.ARM.Collect$$libinit$$00000017)
    __rt_lib_init_lc_time_1                  0x08000213   Thumb Code     0  libinit2.o(.ARM.Collect$$libinit$$00000019)
    __rt_lib_init_preinit_1                  0x08000213   Thumb Code     0  libinit2.o(.ARM.Collect$$libinit$$00000004)
    __rt_lib_init_rand_1                     0x08000213   Thumb Code     0  libinit2.o(.ARM.Collect$$libinit$$0000000E)
    __rt_lib_init_return                     0x08000213   Thumb Code     0  libinit2.o(.ARM.Collect$$libinit$$00000033)
    __rt_lib_init_signal_1                   0x08000213   Thumb Code     0  libinit2.o(.ARM.Collect$$libinit$$0000001D)
    __rt_lib_init_stdio_1                    0x08000213   Thumb Code     0  libinit2.o(.ARM.Collect$$libinit$$00000025)
    __rt_lib_init_user_alloc_1               0x08000213   Thumb Code     0  libinit2.o(.ARM.Collect$$libinit$$0000000C)
    __rt_lib_shutdown                        0x08000215   Thumb Code     0  libshutdown.o(.ARM.Collect$$libshutdown$$00000000)
    __rt_lib_shutdown_cpp_1                  0x08000217   Thumb Code     0  libshutdown2.o(.ARM.Collect$$libshutdown$$00000004)
    __rt_lib_shutdown_fini_1                 0x08000217   Thumb Code     0  libshutdown2.o(.ARM.Collect$$libshutdown$$00000002)
    __rt_lib_shutdown_fp_trap_1              0x08000217   Thumb Code     0  libshutdown2.o(.ARM.Collect$$libshutdown$$00000009)
    __rt_lib_shutdown_heap_1                 0x08000217   Thumb Code     0  libshutdown2.o(.ARM.Collect$$libshutdown$$00000011)
    __rt_lib_shutdown_return                 0x08000217   Thumb Code     0  libshutdown2.o(.ARM.Collect$$libshutdown$$00000012)
    __rt_lib_shutdown_signal_1               0x08000217   Thumb Code     0  libshutdown2.o(.ARM.Collect$$libshutdown$$0000000C)
    __rt_lib_shutdown_stdio_1                0x08000217   Thumb Code     0  libshutdown2.o(.ARM.Collect$$libshutdown$$00000006)
    __rt_lib_shutdown_user_alloc_1           0x08000217   Thumb Code     0  libshutdown2.o(.ARM.Collect$$libshutdown$$0000000E)
    __rt_entry                               0x08000219   Thumb Code     0  __rtentry.o(.ARM.Collect$$rtentry$$00000000)
    __rt_entry_presh_1                       0x08000219   Thumb Code     0  __rtentry2.o(.ARM.Collect$$rtentry$$00000002)
    __rt_entry_sh                            0x08000219   Thumb Code     0  __rtentry4.o(.ARM.Collect$$rtentry$$00000004)
    __rt_entry_li                            0x0800021f   Thumb Code     0  __rtentry2.o(.ARM.Collect$$rtentry$$0000000A)
    __rt_entry_postsh_1                      0x0800021f   Thumb Code     0  __rtentry2.o(.ARM.Collect$$rtentry$$00000009)
    __rt_entry_main                          0x08000223   Thumb Code     0  __rtentry2.o(.ARM.Collect$$rtentry$$0000000D)
    __rt_entry_postli_1                      0x08000223   Thumb Code     0  __rtentry2.o(.ARM.Collect$$rtentry$$0000000C)
    __rt_exit                                0x0800022b   Thumb Code     0  rtexit.o(.ARM.Collect$$rtexit$$00000000)
    __rt_exit_ls                             0x0800022d   Thumb Code     0  rtexit2.o(.ARM.Collect$$rtexit$$00000003)
    __rt_exit_prels_1                        0x0800022d   Thumb Code     0  rtexit2.o(.ARM.Collect$$rtexit$$00000002)
    __rt_exit_exit                           0x08000231   Thumb Code     0  rtexit2.o(.ARM.Collect$$rtexit$$00000004)
    SVC_Handler                              0x08000239   Thumb Code    28  port.o(.emb_text)
    __asm___6_port_c_39a90d8d__prvStartFirstTask 0x08000259   Thumb Code    28  port.o(.emb_text)
    __asm___6_port_c_39a90d8d__prvEnableVFP  0x08000279   Thumb Code    16  port.o(.emb_text)
    PendSV_Handler                           0x0800028d   Thumb Code    88  port.o(.emb_text)
    vPortGetIPSR                             0x080002e9   Thumb Code     6  port.o(.emb_text)
    Reset_Handler                            0x080002f1   Thumb Code    18  startup_stm32f40_41xxx.o(.text)
    ADC_IRQHandler                           0x08000315   Thumb Code     0  startup_stm32f40_41xxx.o(.text)
    CAN1_RX0_IRQHandler                      0x08000315   Thumb Code     0  startup_stm32f40_41xxx.o(.text)
    CAN1_RX1_IRQHandler                      0x08000315   Thumb Code     0  startup_stm32f40_41xxx.o(.text)
    CAN1_SCE_IRQHandler                      0x08000315   Thumb Code     0  startup_stm32f40_41xxx.o(.text)
    CAN1_TX_IRQHandler                       0x08000315   Thumb Code     0  startup_stm32f40_41xxx.o(.text)
    CAN2_RX0_IRQHandler                      0x08000315   Thumb Code     0  startup_stm32f40_41xxx.o(.text)
    CAN2_RX1_IRQHandler                      0x08000315   Thumb Code     0  startup_stm32f40_41xxx.o(.text)
    CAN2_SCE_IRQHandler                      0x08000315   Thumb Code     0  startup_stm32f40_41xxx.o(.text)
    CAN2_TX_IRQHandler                       0x08000315   Thumb Code     0  startup_stm32f40_41xxx.o(.text)
    CRYP_IRQHandler                          0x08000315   Thumb Code     0  startup_stm32f40_41xxx.o(.text)
    DCMI_IRQHandler                          0x08000315   Thumb Code     0  startup_stm32f40_41xxx.o(.text)
    DMA1_Stream0_IRQHandler                  0x08000315   Thumb Code     0  startup_stm32f40_41xxx.o(.text)
    DMA1_Stream1_IRQHandler                  0x08000315   Thumb Code     0  startup_stm32f40_41xxx.o(.text)
    DMA1_Stream2_IRQHandler                  0x08000315   Thumb Code     0  startup_stm32f40_41xxx.o(.text)
    DMA1_Stream3_IRQHandler                  0x08000315   Thumb Code     0  startup_stm32f40_41xxx.o(.text)
    DMA1_Stream4_IRQHandler                  0x08000315   Thumb Code     0  startup_stm32f40_41xxx.o(.text)
    DMA1_Stream5_IRQHandler                  0x08000315   Thumb Code     0  startup_stm32f40_41xxx.o(.text)
    DMA1_Stream6_IRQHandler                  0x08000315   Thumb Code     0  startup_stm32f40_41xxx.o(.text)
    DMA1_Stream7_IRQHandler                  0x08000315   Thumb Code     0  startup_stm32f40_41xxx.o(.text)
    DMA2_Stream0_IRQHandler                  0x08000315   Thumb Code     0  startup_stm32f40_41xxx.o(.text)
    DMA2_Stream1_IRQHandler                  0x08000315   Thumb Code     0  startup_stm32f40_41xxx.o(.text)
    DMA2_Stream2_IRQHandler                  0x08000315   Thumb Code     0  startup_stm32f40_41xxx.o(.text)
    DMA2_Stream3_IRQHandler                  0x08000315   Thumb Code     0  startup_stm32f40_41xxx.o(.text)
    DMA2_Stream4_IRQHandler                  0x08000315   Thumb Code     0  startup_stm32f40_41xxx.o(.text)
    DMA2_Stream5_IRQHandler                  0x08000315   Thumb Code     0  startup_stm32f40_41xxx.o(.text)
    DMA2_Stream6_IRQHandler                  0x08000315   Thumb Code     0  startup_stm32f40_41xxx.o(.text)
    DMA2_Stream7_IRQHandler                  0x08000315   Thumb Code     0  startup_stm32f40_41xxx.o(.text)
    ETH_IRQHandler                           0x08000315   Thumb Code     0  startup_stm32f40_41xxx.o(.text)
    ETH_WKUP_IRQHandler                      0x08000315   Thumb Code     0  startup_stm32f40_41xxx.o(.text)
    EXTI0_IRQHandler                         0x08000315   Thumb Code     0  startup_stm32f40_41xxx.o(.text)
    EXTI15_10_IRQHandler                     0x08000315   Thumb Code     0  startup_stm32f40_41xxx.o(.text)
    EXTI1_IRQHandler                         0x08000315   Thumb Code     0  startup_stm32f40_41xxx.o(.text)
    EXTI2_IRQHandler                         0x08000315   Thumb Code     0  startup_stm32f40_41xxx.o(.text)
    EXTI3_IRQHandler                         0x08000315   Thumb Code     0  startup_stm32f40_41xxx.o(.text)
    EXTI4_IRQHandler                         0x08000315   Thumb Code     0  startup_stm32f40_41xxx.o(.text)
    EXTI9_5_IRQHandler                       0x08000315   Thumb Code     0  startup_stm32f40_41xxx.o(.text)
    FLASH_IRQHandler                         0x08000315   Thumb Code     0  startup_stm32f40_41xxx.o(.text)
    FPU_IRQHandler                           0x08000315   Thumb Code     0  startup_stm32f40_41xxx.o(.text)
    FSMC_IRQHandler                          0x08000315   Thumb Code     0  startup_stm32f40_41xxx.o(.text)
    HASH_RNG_IRQHandler                      0x08000315   Thumb Code     0  startup_stm32f40_41xxx.o(.text)
    I2C1_ER_IRQHandler                       0x08000315   Thumb Code     0  startup_stm32f40_41xxx.o(.text)
    I2C1_EV_IRQHandler                       0x08000315   Thumb Code     0  startup_stm32f40_41xxx.o(.text)
    I2C2_ER_IRQHandler                       0x08000315   Thumb Code     0  startup_stm32f40_41xxx.o(.text)
    I2C2_EV_IRQHandler                       0x08000315   Thumb Code     0  startup_stm32f40_41xxx.o(.text)
    I2C3_ER_IRQHandler                       0x08000315   Thumb Code     0  startup_stm32f40_41xxx.o(.text)
    I2C3_EV_IRQHandler                       0x08000315   Thumb Code     0  startup_stm32f40_41xxx.o(.text)
    OTG_FS_IRQHandler                        0x08000315   Thumb Code     0  startup_stm32f40_41xxx.o(.text)
    OTG_FS_WKUP_IRQHandler                   0x08000315   Thumb Code     0  startup_stm32f40_41xxx.o(.text)
    OTG_HS_EP1_IN_IRQHandler                 0x08000315   Thumb Code     0  startup_stm32f40_41xxx.o(.text)
    OTG_HS_EP1_OUT_IRQHandler                0x08000315   Thumb Code     0  startup_stm32f40_41xxx.o(.text)
    OTG_HS_IRQHandler                        0x08000315   Thumb Code     0  startup_stm32f40_41xxx.o(.text)
    OTG_HS_WKUP_IRQHandler                   0x08000315   Thumb Code     0  startup_stm32f40_41xxx.o(.text)
    PVD_IRQHandler                           0x08000315   Thumb Code     0  startup_stm32f40_41xxx.o(.text)
    RCC_IRQHandler                           0x08000315   Thumb Code     0  startup_stm32f40_41xxx.o(.text)
    RTC_Alarm_IRQHandler                     0x08000315   Thumb Code     0  startup_stm32f40_41xxx.o(.text)
    RTC_WKUP_IRQHandler                      0x08000315   Thumb Code     0  startup_stm32f40_41xxx.o(.text)
    SDIO_IRQHandler                          0x08000315   Thumb Code     0  startup_stm32f40_41xxx.o(.text)
    SPI1_IRQHandler                          0x08000315   Thumb Code     0  startup_stm32f40_41xxx.o(.text)
    SPI2_IRQHandler                          0x08000315   Thumb Code     0  startup_stm32f40_41xxx.o(.text)
    SPI3_IRQHandler                          0x08000315   Thumb Code     0  startup_stm32f40_41xxx.o(.text)
    TAMP_STAMP_IRQHandler                    0x08000315   Thumb Code     0  startup_stm32f40_41xxx.o(.text)
    TIM10_IRQHandler                         0x08000315   Thumb Code     0  startup_stm32f40_41xxx.o(.text)
    TIM1_BRK_TIM9_IRQHandler                 0x08000315   Thumb Code     0  startup_stm32f40_41xxx.o(.text)
    TIM1_CC_IRQHandler                       0x08000315   Thumb Code     0  startup_stm32f40_41xxx.o(.text)
    TIM1_TRG_COM_TIM11_IRQHandler            0x08000315   Thumb Code     0  startup_stm32f40_41xxx.o(.text)
    TIM1_UP_TIM10_IRQHandler                 0x08000315   Thumb Code     0  startup_stm32f40_41xxx.o(.text)
    TIM2_IRQHandler                          0x08000315   Thumb Code     0  startup_stm32f40_41xxx.o(.text)
    TIM3_IRQHandler                          0x08000315   Thumb Code     0  startup_stm32f40_41xxx.o(.text)
    TIM4_IRQHandler                          0x08000315   Thumb Code     0  startup_stm32f40_41xxx.o(.text)
    TIM5_IRQHandler                          0x08000315   Thumb Code     0  startup_stm32f40_41xxx.o(.text)
    TIM6_DAC_IRQHandler                      0x08000315   Thumb Code     0  startup_stm32f40_41xxx.o(.text)
    TIM7_IRQHandler                          0x08000315   Thumb Code     0  startup_stm32f40_41xxx.o(.text)
    TIM8_BRK_TIM12_IRQHandler                0x08000315   Thumb Code     0  startup_stm32f40_41xxx.o(.text)
    TIM8_CC_IRQHandler                       0x08000315   Thumb Code     0  startup_stm32f40_41xxx.o(.text)
    TIM8_TRG_COM_TIM14_IRQHandler            0x08000315   Thumb Code     0  startup_stm32f40_41xxx.o(.text)
    TIM8_UP_TIM13_IRQHandler                 0x08000315   Thumb Code     0  startup_stm32f40_41xxx.o(.text)
    UART4_IRQHandler                         0x08000315   Thumb Code     0  startup_stm32f40_41xxx.o(.text)
    UART5_IRQHandler                         0x08000315   Thumb Code     0  startup_stm32f40_41xxx.o(.text)
    USART1_IRQHandler                        0x08000315   Thumb Code     0  startup_stm32f40_41xxx.o(.text)
    USART2_IRQHandler                        0x08000315   Thumb Code     0  startup_stm32f40_41xxx.o(.text)
    USART3_IRQHandler                        0x08000315   Thumb Code     0  startup_stm32f40_41xxx.o(.text)
    USART6_IRQHandler                        0x08000315   Thumb Code     0  startup_stm32f40_41xxx.o(.text)
    WWDG_IRQHandler                          0x08000315   Thumb Code     0  startup_stm32f40_41xxx.o(.text)
    __user_initial_stackheap                 0x08000319   Thumb Code     0  startup_stm32f40_41xxx.o(.text)
    __use_no_semihosting                     0x0800033d   Thumb Code     2  use_no_semi_2.o(.text)
    __2printf                                0x08000341   Thumb Code    20  noretval__2printf.o(.text)
    __printf                                 0x08000359   Thumb Code   104  __printf.o(.text)
    _printf_str                              0x080003c1   Thumb Code    82  _printf_str.o(.text)
    _printf_int_dec                          0x08000415   Thumb Code   104  _printf_dec.o(.text)
    memcmp                                   0x0800048d   Thumb Code    88  memcmp.o(.text)
    strcpy                                   0x080004e5   Thumb Code    72  strcpy.o(.text)
    __aeabi_memcpy                           0x0800052d   Thumb Code     0  rt_memcpy_v6.o(.text)
    __rt_memcpy                              0x0800052d   Thumb Code   138  rt_memcpy_v6.o(.text)
    _memcpy_lastbytes                        0x08000593   Thumb Code     0  rt_memcpy_v6.o(.text)
    __aeabi_memset                           0x080005b7   Thumb Code    16  aeabi_memset.o(.text)
    __aeabi_memclr4                          0x080005c7   Thumb Code     0  rt_memclr_w.o(.text)
    __aeabi_memclr8                          0x080005c7   Thumb Code     0  rt_memclr_w.o(.text)
    __rt_memclr_w                            0x080005c7   Thumb Code    78  rt_memclr_w.o(.text)
    _memset_w                                0x080005cb   Thumb Code     0  rt_memclr_w.o(.text)
    __use_two_region_memory                  0x08000615   Thumb Code     2  heapauxi.o(.text)
    __rt_heap_escrow$2region                 0x08000617   Thumb Code     2  heapauxi.o(.text)
    __rt_heap_expand$2region                 0x08000619   Thumb Code     2  heapauxi.o(.text)
    __I$use$semihosting                      0x0800061b   Thumb Code     0  use_no_semi.o(.text)
    __use_no_semihosting_swi                 0x0800061b   Thumb Code     2  use_no_semi.o(.text)
    _printf_int_common                       0x0800061d   Thumb Code   178  _printf_intcommon.o(.text)
    _printf_char_common                      0x080006db   Thumb Code    32  _printf_char_common.o(.text)
    _printf_cs_common                        0x08000701   Thumb Code    20  _printf_char.o(.text)
    _printf_char                             0x08000715   Thumb Code    16  _printf_char.o(.text)
    _printf_string                           0x08000725   Thumb Code     8  _printf_char.o(.text)
    _printf_char_file                        0x0800072d   Thumb Code    32  _printf_char_file.o(.text)
    __aeabi_memcpy4                          0x08000751   Thumb Code     0  rt_memcpy_w.o(.text)
    __aeabi_memcpy8                          0x08000751   Thumb Code     0  rt_memcpy_w.o(.text)
    __rt_memcpy_w                            0x08000751   Thumb Code   100  rt_memcpy_w.o(.text)
    _memcpy_lastbytes_aligned                0x08000799   Thumb Code     0  rt_memcpy_w.o(.text)
    __aeabi_memclr                           0x080007b5   Thumb Code     0  rt_memclr.o(.text)
    __rt_memclr                              0x080007b5   Thumb Code    68  rt_memclr.o(.text)
    _memset                                  0x080007b9   Thumb Code     0  rt_memclr.o(.text)
    ferror                                   0x080007f9   Thumb Code     8  ferror.o(.text)
    __user_setup_stackheap                   0x08000801   Thumb Code    74  sys_stackheap_outer.o(.text)
    exit                                     0x0800084b   Thumb Code    18  exit.o(.text)
    __user_libspace                          0x0800085d   Thumb Code     8  libspace.o(.text)
    __user_perproc_libspace                  0x0800085d   Thumb Code     0  libspace.o(.text)
    __user_perthread_libspace                0x0800085d   Thumb Code     0  libspace.o(.text)
    BSP_UART1_Init                           0x08000865   Thumb Code   162  bsp_uart1.o(i.BSP_UART1_Init)
    BusFault_Handler                         0x08000911   Thumb Code     4  pad_stm32f4xx_it.o(i.BusFault_Handler)
    DebugMon_Handler                         0x08000915   Thumb Code     2  pad_stm32f4xx_it.o(i.DebugMon_Handler)
    GPIO_Init                                0x08000917   Thumb Code   144  stm32f4xx_gpio.o(i.GPIO_Init)
    GPIO_PinAFConfig                         0x080009a7   Thumb Code    70  stm32f4xx_gpio.o(i.GPIO_PinAFConfig)
    HardFault_Handler                        0x080009ed   Thumb Code     4  pad_stm32f4xx_it.o(i.HardFault_Handler)
    MemManage_Handler                        0x080009f1   Thumb Code     4  pad_stm32f4xx_it.o(i.MemManage_Handler)
    NMI_Handler                              0x080009f5   Thumb Code     2  pad_stm32f4xx_it.o(i.NMI_Handler)
    NVIC_Init                                0x080009f9   Thumb Code   106  misc.o(i.NVIC_Init)
    NVIC_PriorityGroupConfig                 0x08000a71   Thumb Code    10  misc.o(i.NVIC_PriorityGroupConfig)
    RCC_AHB1PeriphClockCmd                   0x08000a85   Thumb Code    26  stm32f4xx_rcc.o(i.RCC_AHB1PeriphClockCmd)
    RCC_APB2PeriphClockCmd                   0x08000aa5   Thumb Code    26  stm32f4xx_rcc.o(i.RCC_APB2PeriphClockCmd)
    RCC_GetClocksFreq                        0x08000ac5   Thumb Code   214  stm32f4xx_rcc.o(i.RCC_GetClocksFreq)
    SEGGER_RTT_AllocUpBuffer                 0x08000bad   Thumb Code   192  segger_rtt.o(i.SEGGER_RTT_AllocUpBuffer)
    SEGGER_RTT_ConfigDownBuffer              0x08000c71   Thumb Code   112  segger_rtt.o(i.SEGGER_RTT_ConfigDownBuffer)
    SEGGER_RTT_ReadNoLock                    0x08000ce5   Thumb Code   164  segger_rtt.o(i.SEGGER_RTT_ReadNoLock)
    SEGGER_RTT_WriteSkipNoLock               0x08000d8d   Thumb Code   148  segger_rtt.o(i.SEGGER_RTT_WriteSkipNoLock)
    SEGGER_SYSVIEW_Conf                      0x08000e25   Thumb Code    26  segger_sysview_config_freertos.o(i.SEGGER_SYSVIEW_Conf)
    SEGGER_SYSVIEW_EncodeU32                 0x08000e4d   Thumb Code    38  segger_sysview.o(i.SEGGER_SYSVIEW_EncodeU32)
    SEGGER_SYSVIEW_GetSysDesc                0x08000e75   Thumb Code   180  segger_sysview.o(i.SEGGER_SYSVIEW_GetSysDesc)
    SEGGER_SYSVIEW_Init                      0x08000f31   Thumb Code    78  segger_sysview.o(i.SEGGER_SYSVIEW_Init)
    SEGGER_SYSVIEW_OnIdle                    0x08000f99   Thumb Code    48  segger_sysview.o(i.SEGGER_SYSVIEW_OnIdle)
    SEGGER_SYSVIEW_OnTaskCreate              0x08000fcd   Thumb Code    90  segger_sysview.o(i.SEGGER_SYSVIEW_OnTaskCreate)
    SEGGER_SYSVIEW_OnTaskStartExec           0x08001031   Thumb Code    90  segger_sysview.o(i.SEGGER_SYSVIEW_OnTaskStartExec)
    SEGGER_SYSVIEW_OnTaskStartReady          0x08001095   Thumb Code    90  segger_sysview.o(i.SEGGER_SYSVIEW_OnTaskStartReady)
    SEGGER_SYSVIEW_OnTaskStopReady           0x080010f9   Thumb Code   122  segger_sysview.o(i.SEGGER_SYSVIEW_OnTaskStopReady)
    SEGGER_SYSVIEW_RecordEnterISR            0x0800117d   Thumb Code    90  segger_sysview.o(i.SEGGER_SYSVIEW_RecordEnterISR)
    SEGGER_SYSVIEW_RecordExitISR             0x080011e1   Thumb Code    48  segger_sysview.o(i.SEGGER_SYSVIEW_RecordExitISR)
    SEGGER_SYSVIEW_RecordExitISRToScheduler  0x08001215   Thumb Code    48  segger_sysview.o(i.SEGGER_SYSVIEW_RecordExitISRToScheduler)
    SEGGER_SYSVIEW_RecordSystime             0x08001249   Thumb Code    52  segger_sysview.o(i.SEGGER_SYSVIEW_RecordSystime)
    SEGGER_SYSVIEW_RecordU32                 0x08001285   Thumb Code    88  segger_sysview.o(i.SEGGER_SYSVIEW_RecordU32)
    SEGGER_SYSVIEW_RecordU32x2               0x080012e1   Thumb Code   118  segger_sysview.o(i.SEGGER_SYSVIEW_RecordU32x2)
    SEGGER_SYSVIEW_RecordU32x3               0x0800135d   Thumb Code   148  segger_sysview.o(i.SEGGER_SYSVIEW_RecordU32x3)
    SEGGER_SYSVIEW_RecordVoid                0x080013f5   Thumb Code    50  segger_sysview.o(i.SEGGER_SYSVIEW_RecordVoid)
    SEGGER_SYSVIEW_SendModule                0x0800142d   Thumb Code   162  segger_sysview.o(i.SEGGER_SYSVIEW_SendModule)
    SEGGER_SYSVIEW_SendModuleDescription     0x080014d9   Thumb Code    30  segger_sysview.o(i.SEGGER_SYSVIEW_SendModuleDescription)
    SEGGER_SYSVIEW_SendNumModules            0x080014fd   Thumb Code    80  segger_sysview.o(i.SEGGER_SYSVIEW_SendNumModules)
    SEGGER_SYSVIEW_SendPacket                0x08001555   Thumb Code    52  segger_sysview.o(i.SEGGER_SYSVIEW_SendPacket)
    SEGGER_SYSVIEW_SendSysDesc               0x08001589   Thumb Code    66  segger_sysview.o(i.SEGGER_SYSVIEW_SendSysDesc)
    SEGGER_SYSVIEW_SendTaskInfo              0x080015d1   Thumb Code   260  segger_sysview.o(i.SEGGER_SYSVIEW_SendTaskInfo)
    SEGGER_SYSVIEW_SendTaskList              0x080016dd   Thumb Code    26  segger_sysview.o(i.SEGGER_SYSVIEW_SendTaskList)
    SEGGER_SYSVIEW_SetRAMBase                0x080016fd   Thumb Code     6  segger_sysview.o(i.SEGGER_SYSVIEW_SetRAMBase)
    SEGGER_SYSVIEW_ShrinkId                  0x08001709   Thumb Code    10  segger_sysview.o(i.SEGGER_SYSVIEW_ShrinkId)
    SEGGER_SYSVIEW_Start                     0x08001719   Thumb Code   240  segger_sysview.o(i.SEGGER_SYSVIEW_Start)
    SEGGER_SYSVIEW_Stop                      0x08001815   Thumb Code    60  segger_sysview.o(i.SEGGER_SYSVIEW_Stop)
    SEGGER_SYSVIEW_Warn                      0x08001859   Thumb Code   122  segger_sysview.o(i.SEGGER_SYSVIEW_Warn)
    SYSVIEW_AddTask                          0x080018d9   Thumb Code   150  segger_sysview_freertos.o(i.SYSVIEW_AddTask)
    SYSVIEW_DeleteTask                       0x08001985   Thumb Code   262  segger_sysview_freertos.o(i.SYSVIEW_DeleteTask)
    SYSVIEW_RecordU32x4                      0x08001a95   Thumb Code    76  segger_sysview_freertos.o(i.SYSVIEW_RecordU32x4)
    SYSVIEW_SendTaskInfo                     0x08001ae1   Thumb Code    50  segger_sysview_freertos.o(i.SYSVIEW_SendTaskInfo)
    SysTick_Handler                          0x08001c01   Thumb Code    16  pad_stm32f4xx_it.o(i.SysTick_Handler)
    SystemInit                               0x08001c11   Thumb Code    88  system_stm32f4xx.o(i.SystemInit)
    USART_Cmd                                0x08001c79   Thumb Code    24  stm32f4xx_usart.o(i.USART_Cmd)
    USART_Init                               0x08001c91   Thumb Code   204  stm32f4xx_usart.o(i.USART_Init)
    UsageFault_Handler                       0x08001d65   Thumb Code     4  pad_stm32f4xx_it.o(i.UsageFault_Handler)
    _sys_exit                                0x0800219d   Thumb Code     4  retarget.o(i._sys_exit)
    app_hello_main                           0x080021a1   Thumb Code    32  app_hello.o(i.app_hello_main)
    fputc                                    0x080021d5   Thumb Code    22  retarget.o(i.fputc)
    main                                     0x080021f1   Thumb Code   124  main.o(i.main)
    pvPortMalloc                             0x08002e71   Thumb Code   262  heap_4.o(i.pvPortMalloc)
    pvTaskIncrementMutexHeldCount            0x08002fa1   Thumb Code    26  tasks.o(i.pvTaskIncrementMutexHeldCount)
    pxPortInitialiseStack                    0x08002fc1   Thumb Code    38  port.o(i.pxPortInitialiseStack)
    uxListRemove                             0x08003005   Thumb Code    40  list.o(i.uxListRemove)
    vListInitialise                          0x0800302d   Thumb Code    26  list.o(i.vListInitialise)
    vListInitialiseItem                      0x08003047   Thumb Code     6  list.o(i.vListInitialiseItem)
    vListInsert                              0x0800304d   Thumb Code    52  list.o(i.vListInsert)
    vListInsertEnd                           0x08003081   Thumb Code    24  list.o(i.vListInsertEnd)
    vPortEnterCritical                       0x08003099   Thumb Code    68  port.o(i.vPortEnterCritical)
    vPortExitCritical                        0x080030f9   Thumb Code    48  port.o(i.vPortExitCritical)
    vPortFree                                0x08003141   Thumb Code   120  heap_4.o(i.vPortFree)
    vPortSetupTimerInterrupt                 0x080031d5   Thumb Code    26  port.o(i.vPortSetupTimerInterrupt)
    vPortValidateInterruptPriority           0x080031f5   Thumb Code    86  port.o(i.vPortValidateInterruptPriority)
    vQueueAddToRegistry                      0x0800326d   Thumb Code    64  queue.o(i.vQueueAddToRegistry)
    vQueueWaitForMessageRestricted           0x080032b1   Thumb Code    74  queue.o(i.vQueueWaitForMessageRestricted)
    vTaskDelay                               0x080032fd   Thumb Code    82  tasks.o(i.vTaskDelay)
    vTaskDelete                              0x080033a1   Thumb Code   214  tasks.o(i.vTaskDelete)
    vTaskMissedYield                         0x080034e9   Thumb Code     8  tasks.o(i.vTaskMissedYield)
    vTaskPlaceOnEventList                    0x080034f5   Thumb Code    42  tasks.o(i.vTaskPlaceOnEventList)
    vTaskPlaceOnEventListRestricted          0x0800356d   Thumb Code    56  tasks.o(i.vTaskPlaceOnEventListRestricted)
    vTaskPriorityInherit                     0x080035f1   Thumb Code   172  tasks.o(i.vTaskPriorityInherit)
    vTaskSetTimeOutState                     0x080036a9   Thumb Code    32  tasks.o(i.vTaskSetTimeOutState)
    vTaskStartScheduler                      0x08003719   Thumb Code   108  tasks.o(i.vTaskStartScheduler)
    vTaskSuspendAll                          0x080037e9   Thumb Code    12  tasks.o(i.vTaskSuspendAll)
    vTaskSwitchContext                       0x080037f9   Thumb Code   134  tasks.o(i.vTaskSwitchContext)
    xPortStartScheduler                      0x080038e1   Thumb Code   258  port.o(i.xPortStartScheduler)
    xPortSysTickHandler                      0x08003a15   Thumb Code    60  port.o(i.xPortSysTickHandler)
    xQueueGenericCreate                      0x08003a55   Thumb Code    78  queue.o(i.xQueueGenericCreate)
    xQueueGenericReceive                     0x08003aed   Thumb Code   536  queue.o(i.xQueueGenericReceive)
    xQueueGenericReset                       0x08003d51   Thumb Code   136  queue.o(i.xQueueGenericReset)
    xQueueGenericSend                        0x08003e25   Thumb Code   480  queue.o(i.xQueueGenericSend)
    xQueueGenericSendFromISR                 0x08004051   Thumb Code   270  queue.o(i.xQueueGenericSendFromISR)
    xTaskCheckForTimeOut                     0x080041a9   Thumb Code   116  tasks.o(i.xTaskCheckForTimeOut)
    xTaskCreate                              0x0800426d   Thumb Code    96  tasks.o(i.xTaskCreate)
    xTaskGetSchedulerState                   0x080042cd   Thumb Code    24  tasks.o(i.xTaskGetSchedulerState)
    xTaskGetTickCount                        0x080042ed   Thumb Code     6  tasks.o(i.xTaskGetTickCount)
    xTaskGetTickCountFromISR                 0x080042f9   Thumb Code    16  tasks.o(i.xTaskGetTickCountFromISR)
    xTaskIncrementTick                       0x0800430d   Thumb Code   280  tasks.o(i.xTaskIncrementTick)
    xTaskPriorityDisinherit                  0x08004499   Thumb Code   176  tasks.o(i.xTaskPriorityDisinherit)
    xTaskRemoveFromEventList                 0x0800459d   Thumb Code   124  tasks.o(i.xTaskRemoveFromEventList)
    xTaskResumeAll                           0x08004679   Thumb Code   220  tasks.o(i.xTaskResumeAll)
    xTimerCreateTimerTask                    0x080047c1   Thumb Code    56  timers.o(i.xTimerCreateTimerTask)
    xTimerGenericCommand                     0x08004855   Thumb Code   118  timers.o(i.xTimerGenericCommand)
    _fp_init                                 0x08004919   Thumb Code    10  fpinit.o(x$fpl$fpinit)
    __fplib_config_fpu_vfp                   0x08004921   Thumb Code     0  fpinit.o(x$fpl$fpinit)
    __fplib_config_pureend_doubles           0x08004921   Thumb Code     0  fpinit.o(x$fpl$fpinit)
    SYSVIEW_X_OS_TraceAPI                    0x08004924   Data           8  segger_sysview_freertos.o(.constdata)
    Region$$Table$$Base                      0x08004a34   Number         0  anon$$obj.o(Region$$Table)
    Region$$Table$$Limit                     0x08004a54   Number         0  anon$$obj.o(Region$$Table)
    SystemCoreClock                          0x20000000   Data           4  system_stm32f4xx.o(.data)
    AHBPrescTable                            0x20000004   Data          16  system_stm32f4xx.o(.data)
    __stdout                                 0x20000014   Data           4  retarget.o(.data)
    pxCurrentTCB                             0x2000002c   Data           4  tasks.o(.data)
    SEGGER_SYSVIEW_TickCnt                   0x200000a4   Data           4  segger_sysview.o(.data)
    SEGGER_SYSVIEW_InterruptId               0x200000a8   Data           4  segger_sysview.o(.data)
    xQueueRegistry                           0x200000c0   Data          64  queue.o(.bss)
    _SEGGER_RTT                              0x20012e90   Data         168  segger_rtt.o(.bss)
    __libspace_start                         0x20013854   Data          96  libspace.o(.bss)
    __temporary_stack_top$libspace           0x200138b4   Data           0  libspace.o(.bss)



==============================================================================

Memory Map of the image

  Image Entry point : 0x08000189

  Load Region LR_IROM1 (Base: 0x08000000, Size: 0x00004b14, Max: 0x00100000, ABSOLUTE)

    Execution Region ER_IROM1 (Exec base: 0x08000000, Load base: 0x08000000, Size: 0x00004a54, Max: 0x00100000, ABSOLUTE)

    Exec Addr    Load Addr    Size         Type   Attr      Idx    E Section Name        Object

    0x08000000   0x08000000   0x00000188   Data   RO          143    RESET               startup_stm32f40_41xxx.o
    0x08000188   0x08000188   0x00000008   Code   RO         7016  * !!!main             c_w.l(__main.o)
    0x08000190   0x08000190   0x00000034   Code   RO         7194    !!!scatter          c_w.l(__scatter.o)
    0x080001c4   0x080001c4   0x0000001a   Code   RO         7196    !!handler_copy      c_w.l(__scatter_copy.o)
    0x080001de   0x080001de   0x00000002   PAD
    0x080001e0   0x080001e0   0x0000001c   Code   RO         7198    !!handler_zi        c_w.l(__scatter_zi.o)
    0x080001fc   0x080001fc   0x00000000   Code   RO         7001    .ARM.Collect$$_printf_percent$$00000000  c_w.l(_printf_percent.o)
    0x080001fc   0x080001fc   0x00000006   Code   RO         6999    .ARM.Collect$$_printf_percent$$00000009  c_w.l(_printf_d.o)
    0x08000202   0x08000202   0x00000006   Code   RO         6998    .ARM.Collect$$_printf_percent$$00000014  c_w.l(_printf_s.o)
    0x08000208   0x08000208   0x00000004   Code   RO         7031    .ARM.Collect$$_printf_percent$$00000017  c_w.l(_printf_percent_end.o)
    0x0800020c   0x0800020c   0x00000002   Code   RO         7066    .ARM.Collect$$libinit$$00000000  c_w.l(libinit.o)
    0x0800020e   0x0800020e   0x00000004   Code   RO         7072    .ARM.Collect$$libinit$$00000001  c_w.l(libinit2.o)
    0x08000212   0x08000212   0x00000000   Code   RO         7075    .ARM.Collect$$libinit$$00000004  c_w.l(libinit2.o)
    0x08000212   0x08000212   0x00000000   Code   RO         7078    .ARM.Collect$$libinit$$0000000A  c_w.l(libinit2.o)
    0x08000212   0x08000212   0x00000000   Code   RO         7080    .ARM.Collect$$libinit$$0000000C  c_w.l(libinit2.o)
    0x08000212   0x08000212   0x00000000   Code   RO         7082    .ARM.Collect$$libinit$$0000000E  c_w.l(libinit2.o)
    0x08000212   0x08000212   0x00000000   Code   RO         7085    .ARM.Collect$$libinit$$00000011  c_w.l(libinit2.o)
    0x08000212   0x08000212   0x00000000   Code   RO         7087    .ARM.Collect$$libinit$$00000013  c_w.l(libinit2.o)
    0x08000212   0x08000212   0x00000000   Code   RO         7089    .ARM.Collect$$libinit$$00000015  c_w.l(libinit2.o)
    0x08000212   0x08000212   0x00000000   Code   RO         7091    .ARM.Collect$$libinit$$00000017  c_w.l(libinit2.o)
    0x08000212   0x08000212   0x00000000   Code   RO         7093    .ARM.Collect$$libinit$$00000019  c_w.l(libinit2.o)
    0x08000212   0x08000212   0x00000000   Code   RO         7095    .ARM.Collect$$libinit$$0000001B  c_w.l(libinit2.o)
    0x08000212   0x08000212   0x00000000   Code   RO         7097    .ARM.Collect$$libinit$$0000001D  c_w.l(libinit2.o)
    0x08000212   0x08000212   0x00000000   Code   RO         7099    .ARM.Collect$$libinit$$0000001F  c_w.l(libinit2.o)
    0x08000212   0x08000212   0x00000000   Code   RO         7101    .ARM.Collect$$libinit$$00000021  c_w.l(libinit2.o)
    0x08000212   0x08000212   0x00000000   Code   RO         7103    .ARM.Collect$$libinit$$00000023  c_w.l(libinit2.o)
    0x08000212   0x08000212   0x00000000   Code   RO         7105    .ARM.Collect$$libinit$$00000025  c_w.l(libinit2.o)
    0x08000212   0x08000212   0x00000000   Code   RO         7109    .ARM.Collect$$libinit$$0000002C  c_w.l(libinit2.o)
    0x08000212   0x08000212   0x00000000   Code   RO         7111    .ARM.Collect$$libinit$$0000002E  c_w.l(libinit2.o)
    0x08000212   0x08000212   0x00000000   Code   RO         7113    .ARM.Collect$$libinit$$00000030  c_w.l(libinit2.o)
    0x08000212   0x08000212   0x00000000   Code   RO         7115    .ARM.Collect$$libinit$$00000032  c_w.l(libinit2.o)
    0x08000212   0x08000212   0x00000002   Code   RO         7116    .ARM.Collect$$libinit$$00000033  c_w.l(libinit2.o)
    0x08000214   0x08000214   0x00000002   Code   RO         7134    .ARM.Collect$$libshutdown$$00000000  c_w.l(libshutdown.o)
    0x08000216   0x08000216   0x00000000   Code   RO         7144    .ARM.Collect$$libshutdown$$00000002  c_w.l(libshutdown2.o)
    0x08000216   0x08000216   0x00000000   Code   RO         7146    .ARM.Collect$$libshutdown$$00000004  c_w.l(libshutdown2.o)
    0x08000216   0x08000216   0x00000000   Code   RO         7148    .ARM.Collect$$libshutdown$$00000006  c_w.l(libshutdown2.o)
    0x08000216   0x08000216   0x00000000   Code   RO         7151    .ARM.Collect$$libshutdown$$00000009  c_w.l(libshutdown2.o)
    0x08000216   0x08000216   0x00000000   Code   RO         7154    .ARM.Collect$$libshutdown$$0000000C  c_w.l(libshutdown2.o)
    0x08000216   0x08000216   0x00000000   Code   RO         7156    .ARM.Collect$$libshutdown$$0000000E  c_w.l(libshutdown2.o)
    0x08000216   0x08000216   0x00000000   Code   RO         7159    .ARM.Collect$$libshutdown$$00000011  c_w.l(libshutdown2.o)
    0x08000216   0x08000216   0x00000002   Code   RO         7160    .ARM.Collect$$libshutdown$$00000012  c_w.l(libshutdown2.o)
    0x08000218   0x08000218   0x00000000   Code   RO         7020    .ARM.Collect$$rtentry$$00000000  c_w.l(__rtentry.o)
    0x08000218   0x08000218   0x00000000   Code   RO         7037    .ARM.Collect$$rtentry$$00000002  c_w.l(__rtentry2.o)
    0x08000218   0x08000218   0x00000006   Code   RO         7049    .ARM.Collect$$rtentry$$00000004  c_w.l(__rtentry4.o)
    0x0800021e   0x0800021e   0x00000000   Code   RO         7039    .ARM.Collect$$rtentry$$00000009  c_w.l(__rtentry2.o)
    0x0800021e   0x0800021e   0x00000004   Code   RO         7040    .ARM.Collect$$rtentry$$0000000A  c_w.l(__rtentry2.o)
    0x08000222   0x08000222   0x00000000   Code   RO         7042    .ARM.Collect$$rtentry$$0000000C  c_w.l(__rtentry2.o)
    0x08000222   0x08000222   0x00000008   Code   RO         7043    .ARM.Collect$$rtentry$$0000000D  c_w.l(__rtentry2.o)
    0x0800022a   0x0800022a   0x00000002   Code   RO         7070    .ARM.Collect$$rtexit$$00000000  c_w.l(rtexit.o)
    0x0800022c   0x0800022c   0x00000000   Code   RO         7118    .ARM.Collect$$rtexit$$00000002  c_w.l(rtexit2.o)
    0x0800022c   0x0800022c   0x00000004   Code   RO         7119    .ARM.Collect$$rtexit$$00000003  c_w.l(rtexit2.o)
    0x08000230   0x08000230   0x00000006   Code   RO         7120    .ARM.Collect$$rtexit$$00000004  c_w.l(rtexit2.o)
    0x08000236   0x08000236   0x00000002   PAD
    0x08000238   0x08000238   0x000000b6   Code   RO         5926    .emb_text           port.o
    0x080002ee   0x080002ee   0x00000002   PAD
    0x080002f0   0x080002f0   0x0000004c   Code   RO          144    .text               startup_stm32f40_41xxx.o
    0x0800033c   0x0800033c   0x00000002   Code   RO         6961    .text               c_w.l(use_no_semi_2.o)
    0x0800033e   0x0800033e   0x00000002   PAD
    0x08000340   0x08000340   0x00000018   Code   RO         6967    .text               c_w.l(noretval__2printf.o)
    0x08000358   0x08000358   0x00000068   Code   RO         6971    .text               c_w.l(__printf.o)
    0x080003c0   0x080003c0   0x00000052   Code   RO         6973    .text               c_w.l(_printf_str.o)
    0x08000412   0x08000412   0x00000002   PAD
    0x08000414   0x08000414   0x00000078   Code   RO         6975    .text               c_w.l(_printf_dec.o)
    0x0800048c   0x0800048c   0x00000058   Code   RO         7002    .text               c_w.l(memcmp.o)
    0x080004e4   0x080004e4   0x00000048   Code   RO         7004    .text               c_w.l(strcpy.o)
    0x0800052c   0x0800052c   0x0000008a   Code   RO         7008    .text               c_w.l(rt_memcpy_v6.o)
    0x080005b6   0x080005b6   0x00000010   Code   RO         7010    .text               c_w.l(aeabi_memset.o)
    0x080005c6   0x080005c6   0x0000004e   Code   RO         7012    .text               c_w.l(rt_memclr_w.o)
    0x08000614   0x08000614   0x00000006   Code   RO         7014    .text               c_w.l(heapauxi.o)
    0x0800061a   0x0800061a   0x00000002   Code   RO         7018    .text               c_w.l(use_no_semi.o)
    0x0800061c   0x0800061c   0x000000b2   Code   RO         7021    .text               c_w.l(_printf_intcommon.o)
    0x080006ce   0x080006ce   0x00000002   PAD
    0x080006d0   0x080006d0   0x00000030   Code   RO         7023    .text               c_w.l(_printf_char_common.o)
    0x08000700   0x08000700   0x0000002c   Code   RO         7027    .text               c_w.l(_printf_char.o)
    0x0800072c   0x0800072c   0x00000024   Code   RO         7029    .text               c_w.l(_printf_char_file.o)
    0x08000750   0x08000750   0x00000064   Code   RO         7032    .text               c_w.l(rt_memcpy_w.o)
    0x080007b4   0x080007b4   0x00000044   Code   RO         7034    .text               c_w.l(rt_memclr.o)
    0x080007f8   0x080007f8   0x00000008   Code   RO         7053    .text               c_w.l(ferror.o)
    0x08000800   0x08000800   0x0000004a   Code   RO         7057    .text               c_w.l(sys_stackheap_outer.o)
    0x0800084a   0x0800084a   0x00000012   Code   RO         7059    .text               c_w.l(exit.o)
    0x0800085c   0x0800085c   0x00000008   Code   RO         7067    .text               c_w.l(libspace.o)
    0x08000864   0x08000864   0x000000ac   Code   RO         5052    i.BSP_UART1_Init    bsp_uart1.o
    0x08000910   0x08000910   0x00000004   Code   RO          185    i.BusFault_Handler  pad_stm32f4xx_it.o
    0x08000914   0x08000914   0x00000002   Code   RO          186    i.DebugMon_Handler  pad_stm32f4xx_it.o
    0x08000916   0x08000916   0x00000090   Code   RO         2018    i.GPIO_Init         stm32f4xx_gpio.o
    0x080009a6   0x080009a6   0x00000046   Code   RO         2019    i.GPIO_PinAFConfig  stm32f4xx_gpio.o
    0x080009ec   0x080009ec   0x00000004   Code   RO          187    i.HardFault_Handler  pad_stm32f4xx_it.o
    0x080009f0   0x080009f0   0x00000004   Code   RO          188    i.MemManage_Handler  pad_stm32f4xx_it.o
    0x080009f4   0x080009f4   0x00000002   Code   RO          189    i.NMI_Handler       pad_stm32f4xx_it.o
    0x080009f6   0x080009f6   0x00000002   PAD
    0x080009f8   0x080009f8   0x00000078   Code   RO          295    i.NVIC_Init         misc.o
    0x08000a70   0x08000a70   0x00000014   Code   RO          296    i.NVIC_PriorityGroupConfig  misc.o
    0x08000a84   0x08000a84   0x00000020   Code   RO         2882    i.RCC_AHB1PeriphClockCmd  stm32f4xx_rcc.o
    0x08000aa4   0x08000aa4   0x00000020   Code   RO         2894    i.RCC_APB2PeriphClockCmd  stm32f4xx_rcc.o
    0x08000ac4   0x08000ac4   0x000000e8   Code   RO         2903    i.RCC_GetClocksFreq  stm32f4xx_rcc.o
    0x08000bac   0x08000bac   0x000000c4   Code   RO         6134    i.SEGGER_RTT_AllocUpBuffer  segger_rtt.o
    0x08000c70   0x08000c70   0x00000074   Code   RO         6135    i.SEGGER_RTT_ConfigDownBuffer  segger_rtt.o
    0x08000ce4   0x08000ce4   0x000000a8   Code   RO         6148    i.SEGGER_RTT_ReadNoLock  segger_rtt.o
    0x08000d8c   0x08000d8c   0x00000098   Code   RO         6162    i.SEGGER_RTT_WriteSkipNoLock  segger_rtt.o
    0x08000e24   0x08000e24   0x00000028   Code   RO         6054    i.SEGGER_SYSVIEW_Conf  segger_sysview_config_freertos.o
    0x08000e4c   0x08000e4c   0x00000026   Code   RO         6406    i.SEGGER_SYSVIEW_EncodeU32  segger_sysview.o
    0x08000e72   0x08000e72   0x00000002   PAD
    0x08000e74   0x08000e74   0x000000bc   Code   RO         6411    i.SEGGER_SYSVIEW_GetSysDesc  segger_sysview.o
    0x08000f30   0x08000f30   0x00000068   Code   RO         6412    i.SEGGER_SYSVIEW_Init  segger_sysview.o
    0x08000f98   0x08000f98   0x00000034   Code   RO         6419    i.SEGGER_SYSVIEW_OnIdle  segger_sysview.o
    0x08000fcc   0x08000fcc   0x00000064   Code   RO         6420    i.SEGGER_SYSVIEW_OnTaskCreate  segger_sysview.o
    0x08001030   0x08001030   0x00000064   Code   RO         6421    i.SEGGER_SYSVIEW_OnTaskStartExec  segger_sysview.o
    0x08001094   0x08001094   0x00000064   Code   RO         6422    i.SEGGER_SYSVIEW_OnTaskStartReady  segger_sysview.o
    0x080010f8   0x080010f8   0x00000084   Code   RO         6424    i.SEGGER_SYSVIEW_OnTaskStopReady  segger_sysview.o
    0x0800117c   0x0800117c   0x00000064   Code   RO         6433    i.SEGGER_SYSVIEW_RecordEnterISR  segger_sysview.o
    0x080011e0   0x080011e0   0x00000034   Code   RO         6435    i.SEGGER_SYSVIEW_RecordExitISR  segger_sysview.o
    0x08001214   0x08001214   0x00000034   Code   RO         6436    i.SEGGER_SYSVIEW_RecordExitISRToScheduler  segger_sysview.o
    0x08001248   0x08001248   0x0000003c   Code   RO         6440    i.SEGGER_SYSVIEW_RecordSystime  segger_sysview.o
    0x08001284   0x08001284   0x0000005c   Code   RO         6441    i.SEGGER_SYSVIEW_RecordU32  segger_sysview.o
    0x080012e0   0x080012e0   0x0000007c   Code   RO         6443    i.SEGGER_SYSVIEW_RecordU32x2  segger_sysview.o
    0x0800135c   0x0800135c   0x00000098   Code   RO         6444    i.SEGGER_SYSVIEW_RecordU32x3  segger_sysview.o
    0x080013f4   0x080013f4   0x00000038   Code   RO         6451    i.SEGGER_SYSVIEW_RecordVoid  segger_sysview.o
    0x0800142c   0x0800142c   0x000000ac   Code   RO         6453    i.SEGGER_SYSVIEW_SendModule  segger_sysview.o
    0x080014d8   0x080014d8   0x00000024   Code   RO         6454    i.SEGGER_SYSVIEW_SendModuleDescription  segger_sysview.o
    0x080014fc   0x080014fc   0x00000058   Code   RO         6455    i.SEGGER_SYSVIEW_SendNumModules  segger_sysview.o
    0x08001554   0x08001554   0x00000034   Code   RO         6456    i.SEGGER_SYSVIEW_SendPacket  segger_sysview.o
    0x08001588   0x08001588   0x00000048   Code   RO         6457    i.SEGGER_SYSVIEW_SendSysDesc  segger_sysview.o
    0x080015d0   0x080015d0   0x0000010c   Code   RO         6458    i.SEGGER_SYSVIEW_SendTaskInfo  segger_sysview.o
    0x080016dc   0x080016dc   0x00000020   Code   RO         6459    i.SEGGER_SYSVIEW_SendTaskList  segger_sysview.o
    0x080016fc   0x080016fc   0x0000000c   Code   RO         6460    i.SEGGER_SYSVIEW_SetRAMBase  segger_sysview.o
    0x08001708   0x08001708   0x00000010   Code   RO         6461    i.SEGGER_SYSVIEW_ShrinkId  segger_sysview.o
    0x08001718   0x08001718   0x000000fc   Code   RO         6462    i.SEGGER_SYSVIEW_Start  segger_sysview.o
    0x08001814   0x08001814   0x00000044   Code   RO         6463    i.SEGGER_SYSVIEW_Stop  segger_sysview.o
    0x08001858   0x08001858   0x00000080   Code   RO         6464    i.SEGGER_SYSVIEW_Warn  segger_sysview.o
    0x080018d8   0x080018d8   0x000000ac   Code   RO         6072    i.SYSVIEW_AddTask   segger_sysview_freertos.o
    0x08001984   0x08001984   0x00000110   Code   RO         6073    i.SYSVIEW_DeleteTask  segger_sysview_freertos.o
    0x08001a94   0x08001a94   0x0000004c   Code   RO         6074    i.SYSVIEW_RecordU32x4  segger_sysview_freertos.o
    0x08001ae0   0x08001ae0   0x00000032   Code   RO         6076    i.SYSVIEW_SendTaskInfo  segger_sysview_freertos.o
    0x08001b12   0x08001b12   0x00000002   PAD
    0x08001b14   0x08001b14   0x000000ec   Code   RO            3    i.SetSysClock       system_stm32f4xx.o
    0x08001c00   0x08001c00   0x00000010   Code   RO          190    i.SysTick_Handler   pad_stm32f4xx_it.o
    0x08001c10   0x08001c10   0x00000068   Code   RO            5    i.SystemInit        system_stm32f4xx.o
    0x08001c78   0x08001c78   0x00000018   Code   RO         4779    i.USART_Cmd         stm32f4xx_usart.o
    0x08001c90   0x08001c90   0x000000d4   Code   RO         4786    i.USART_Init        stm32f4xx_usart.o
    0x08001d64   0x08001d64   0x00000004   Code   RO          191    i.UsageFault_Handler  pad_stm32f4xx_it.o
    0x08001d68   0x08001d68   0x00000070   Code   RO         6165    i._DoInit           segger_rtt.o
    0x08001dd8   0x08001dd8   0x00000046   Code   RO         6468    i._EncodeStr        segger_sysview.o
    0x08001e1e   0x08001e1e   0x00000002   PAD
    0x08001e20   0x08001e20   0x000000a8   Code   RO         6469    i._HandleIncomingPacket  segger_sysview.o
    0x08001ec8   0x08001ec8   0x00000006   Code   RO         6470    i._PreparePacket    segger_sysview.o
    0x08001ece   0x08001ece   0x00000002   PAD
    0x08001ed0   0x08001ed0   0x00000134   Code   RO         6473    i._SendPacket       segger_sysview.o
    0x08002004   0x08002004   0x00000088   Code   RO         6475    i._TrySendOverflowPacket  segger_sysview.o
    0x0800208c   0x0800208c   0x00000028   Code   RO         6875    i._ZN35_INTERNAL_13_app_hello_cpp_778a27ed10task1_taskEPv  app_hello.o
    0x080020b4   0x080020b4   0x0000003e   Code   RO         6078    i._cbGetTime        segger_sysview_freertos.o
    0x080020f2   0x080020f2   0x00000002   PAD
    0x080020f4   0x080020f4   0x00000054   Code   RO         6055    i._cbSendSystemDesc  segger_sysview_config_freertos.o
    0x08002148   0x08002148   0x00000054   Code   RO         6079    i._cbSendTaskList   segger_sysview_freertos.o
    0x0800219c   0x0800219c   0x00000004   Code   RO          150    i._sys_exit         retarget.o
    0x080021a0   0x080021a0   0x00000034   Code   RO         6876    i.app_hello_main    app_hello.o
    0x080021d4   0x080021d4   0x0000001c   Code   RO          151    i.fputc             retarget.o
    0x080021f0   0x080021f0   0x0000009c   Code   RO         5081    i.main              main.o
    0x0800228c   0x0800228c   0x000000b8   Code   RO         5421    i.prvAddCurrentTaskToDelayedList  tasks.o
    0x08002344   0x08002344   0x000000dc   Code   RO         5422    i.prvAddNewTaskToReadyList  tasks.o
    0x08002420   0x08002420   0x00000064   Code   RO         5796    i.prvCheckForValidListAndQueue  timers.o
    0x08002484   0x08002484   0x00000064   Code   RO         5423    i.prvCheckTasksWaitingTermination  tasks.o
    0x080024e8   0x080024e8   0x0000002a   Code   RO         5173    i.prvCopyDataFromQueue  queue.o
    0x08002512   0x08002512   0x0000007c   Code   RO         5174    i.prvCopyDataToQueue  queue.o
    0x0800258e   0x0800258e   0x00000012   Code   RO         5424    i.prvDeleteTCB      tasks.o
    0x080025a0   0x080025a0   0x00000028   Code   RO         5797    i.prvGetNextExpireTime  timers.o
    0x080025c8   0x080025c8   0x0000007c   Code   RO         6004    i.prvHeapInit       heap_4.o
    0x08002644   0x08002644   0x00000028   Code   RO         5425    i.prvIdleTask       tasks.o
    0x0800266c   0x0800266c   0x0000003a   Code   RO         5176    i.prvInitialiseNewQueue  queue.o
    0x080026a6   0x080026a6   0x00000002   PAD
    0x080026a8   0x080026a8   0x000000f4   Code   RO         5426    i.prvInitialiseNewTask  tasks.o
    0x0800279c   0x0800279c   0x00000068   Code   RO         5427    i.prvInitialiseTaskLists  tasks.o
    0x08002804   0x08002804   0x00000068   Code   RO         6005    i.prvInsertBlockIntoFreeList  heap_4.o
    0x0800286c   0x0800286c   0x00000058   Code   RO         5799    i.prvInsertTimerInActiveList  timers.o
    0x080028c4   0x080028c4   0x0000001a   Code   RO         5177    i.prvIsQueueEmpty   queue.o
    0x080028de   0x080028de   0x0000001e   Code   RO         5178    i.prvIsQueueFull    queue.o
    0x080028fc   0x080028fc   0x000000e0   Code   RO         5179    i.prvNotifyQueueSetContainer  queue.o
    0x080029dc   0x080029dc   0x000000a0   Code   RO         5800    i.prvProcessExpiredTimer  timers.o
    0x08002a7c   0x08002a7c   0x0000014c   Code   RO         5801    i.prvProcessReceivedCommands  timers.o
    0x08002bc8   0x08002bc8   0x00000074   Code   RO         5802    i.prvProcessTimerOrBlockTask  timers.o
    0x08002c3c   0x08002c3c   0x00000034   Code   RO         5429    i.prvResetNextTaskUnblockTime  tasks.o
    0x08002c70   0x08002c70   0x0000002c   Code   RO         5803    i.prvSampleTimeNow  timers.o
    0x08002c9c   0x08002c9c   0x000000dc   Code   RO         5804    i.prvSwitchTimerLists  timers.o
    0x08002d78   0x08002d78   0x0000004c   Code   RO         5927    i.prvTaskExitError  port.o
    0x08002dc4   0x08002dc4   0x0000001a   Code   RO         5805    i.prvTimerTask      timers.o
    0x08002dde   0x08002dde   0x00000092   Code   RO         5180    i.prvUnlockQueue    queue.o
    0x08002e70   0x08002e70   0x00000130   Code   RO         6006    i.pvPortMalloc      heap_4.o
    0x08002fa0   0x08002fa0   0x00000020   Code   RO         5433    i.pvTaskIncrementMutexHeldCount  tasks.o
    0x08002fc0   0x08002fc0   0x0000002c   Code   RO         5928    i.pxPortInitialiseStack  port.o
    0x08002fec   0x08002fec   0x00000018   Code   RO         5082    i.start_task        main.o
    0x08003004   0x08003004   0x00000028   Code   RO         5123    i.uxListRemove      list.o
    0x0800302c   0x0800302c   0x0000001a   Code   RO         5124    i.vListInitialise   list.o
    0x08003046   0x08003046   0x00000006   Code   RO         5125    i.vListInitialiseItem  list.o
    0x0800304c   0x0800304c   0x00000034   Code   RO         5126    i.vListInsert       list.o
    0x08003080   0x08003080   0x00000018   Code   RO         5127    i.vListInsertEnd    list.o
    0x08003098   0x08003098   0x00000060   Code   RO         5930    i.vPortEnterCritical  port.o
    0x080030f8   0x080030f8   0x00000048   Code   RO         5931    i.vPortExitCritical  port.o
    0x08003140   0x08003140   0x00000094   Code   RO         6007    i.vPortFree         heap_4.o
    0x080031d4   0x080031d4   0x00000020   Code   RO         5932    i.vPortSetupTimerInterrupt  port.o
    0x080031f4   0x080031f4   0x00000078   Code   RO         5933    i.vPortValidateInterruptPriority  port.o
    0x0800326c   0x0800326c   0x00000044   Code   RO         5186    i.vQueueAddToRegistry  queue.o
    0x080032b0   0x080032b0   0x0000004a   Code   RO         5190    i.vQueueWaitForMessageRestricted  queue.o
    0x080032fa   0x080032fa   0x00000002   PAD
    0x080032fc   0x080032fc   0x000000a4   Code   RO         5442    i.vTaskDelay        tasks.o
    0x080033a0   0x080033a0   0x00000148   Code   RO         5444    i.vTaskDelete       tasks.o
    0x080034e8   0x080034e8   0x0000000c   Code   RO         5448    i.vTaskMissedYield  tasks.o
    0x080034f4   0x080034f4   0x00000078   Code   RO         5450    i.vTaskPlaceOnEventList  tasks.o
    0x0800356c   0x0800356c   0x00000084   Code   RO         5451    i.vTaskPlaceOnEventListRestricted  tasks.o
    0x080035f0   0x080035f0   0x000000b8   Code   RO         5453    i.vTaskPriorityInherit  tasks.o
    0x080036a8   0x080036a8   0x00000070   Code   RO         5457    i.vTaskSetTimeOutState  tasks.o
    0x08003718   0x08003718   0x000000d0   Code   RO         5458    i.vTaskStartScheduler  tasks.o
    0x080037e8   0x080037e8   0x00000010   Code   RO         5460    i.vTaskSuspendAll   tasks.o
    0x080037f8   0x080037f8   0x000000e8   Code   RO         5461    i.vTaskSwitchContext  tasks.o
    0x080038e0   0x080038e0   0x00000134   Code   RO         5934    i.xPortStartScheduler  port.o
    0x08003a14   0x08003a14   0x00000040   Code   RO         5935    i.xPortSysTickHandler  port.o
    0x08003a54   0x08003a54   0x00000098   Code   RO         5195    i.xQueueGenericCreate  queue.o
    0x08003aec   0x08003aec   0x00000264   Code   RO         5196    i.xQueueGenericReceive  queue.o
    0x08003d50   0x08003d50   0x000000d4   Code   RO         5197    i.xQueueGenericReset  queue.o
    0x08003e24   0x08003e24   0x0000022c   Code   RO         5198    i.xQueueGenericSend  queue.o
    0x08004050   0x08004050   0x00000158   Code   RO         5199    i.xQueueGenericSendFromISR  queue.o
    0x080041a8   0x080041a8   0x000000c4   Code   RO         5462    i.xTaskCheckForTimeOut  tasks.o
    0x0800426c   0x0800426c   0x00000060   Code   RO         5463    i.xTaskCreate       tasks.o
    0x080042cc   0x080042cc   0x00000020   Code   RO         5468    i.xTaskGetSchedulerState  tasks.o
    0x080042ec   0x080042ec   0x0000000c   Code   RO         5469    i.xTaskGetTickCount  tasks.o
    0x080042f8   0x080042f8   0x00000014   Code   RO         5470    i.xTaskGetTickCountFromISR  tasks.o
    0x0800430c   0x0800430c   0x0000018c   Code   RO         5471    i.xTaskIncrementTick  tasks.o
    0x08004498   0x08004498   0x00000104   Code   RO         5474    i.xTaskPriorityDisinherit  tasks.o
    0x0800459c   0x0800459c   0x000000dc   Code   RO         5475    i.xTaskRemoveFromEventList  tasks.o
    0x08004678   0x08004678   0x00000148   Code   RO         5477    i.xTaskResumeAll    tasks.o
    0x080047c0   0x080047c0   0x00000094   Code   RO         5809    i.xTimerCreateTimerTask  timers.o
    0x08004854   0x08004854   0x000000c4   Code   RO         5810    i.xTimerGenericCommand  timers.o
    0x08004918   0x08004918   0x0000000a   Code   RO         7126    x$fpl$fpinit        fz_wm.l(fpinit.o)
    0x08004922   0x08004922   0x00000002   PAD
    0x08004924   0x08004924   0x00000008   Data   RO         6081    .constdata          segger_sysview_freertos.o
    0x0800492c   0x0800492c   0x0000001a   Data   RO         6479    .constdata          segger_sysview.o
    0x08004946   0x08004946   0x00000002   PAD
    0x08004948   0x08004948   0x0000004d   Data   RO         5936    .conststring        port.o
    0x08004995   0x08004995   0x00000003   PAD
    0x08004998   0x08004998   0x00000049   Data   RO         6012    .conststring        heap_4.o
    0x080049e1   0x080049e1   0x00000003   PAD
    0x080049e4   0x080049e4   0x00000050   Data   RO         6082    .conststring        segger_sysview_freertos.o
    0x08004a34   0x08004a34   0x00000020   Data   RO         7192    Region$$Table       anon$$obj.o


    Execution Region RW_IRAM1 (Exec base: 0x20000000, Load base: 0x08004a54, Size: 0x00013cb8, Max: 0x00020000, ABSOLUTE)

    Exec Addr    Load Addr    Size         Type   Attr      Idx    E Section Name        Object

    0x20000000   0x08004a54   0x00000014   Data   RW            6    .data               system_stm32f4xx.o
    0x20000014   0x08004a68   0x00000004   Data   RW          152    .data               retarget.o
    0x20000018   0x08004a6c   0x00000010   Data   RW         2935    .data               stm32f4xx_rcc.o
    0x20000028   0x08004a7c   0x00000004   Data   RW         5083    .data               main.o
    0x2000002c   0x08004a80   0x0000003c   Data   RW         5480    .data               tasks.o
    0x20000068   0x08004abc   0x00000014   Data   RW         5818    .data               timers.o
    0x2000007c   0x08004ad0   0x0000000c   Data   RW         5937    .data               port.o
    0x20000088   0x08004adc   0x00000018   Data   RW         6013    .data               heap_4.o
    0x200000a0   0x08004af4   0x00000004   Data   RW         6083    .data               segger_sysview_freertos.o
    0x200000a4   0x08004af8   0x00000015   Data   RW         6480    .data               segger_sysview.o
    0x200000b9   0x08004b0d   0x00000003   PAD
    0x200000bc   0x08004b10   0x00000004   Data   RW         6879    .data               app_hello.o
    0x200000c0        -       0x00000040   Zero   RW         5210    .bss                queue.o
    0x20000100        -       0x000000c8   Zero   RW         5479    .bss                tasks.o
    0x200001c8        -       0x00000028   Zero   RW         5817    .bss                timers.o
    0x200001f0        -       0x00012c00   Zero   RW         6011    .bss                heap_4.o
    0x20012df0        -       0x000000a0   Zero   RW         6080    .bss                segger_sysview_freertos.o
    0x20012e90        -       0x000004b8   Zero   RW         6170    .bss                segger_rtt.o
    0x20013348        -       0x0000050b   Zero   RW         6478    .bss                segger_sysview.o
    0x20013853   0x08004b14   0x00000001   PAD
    0x20013854        -       0x00000060   Zero   RW         7068    .bss                c_w.l(libspace.o)
    0x200138b4   0x08004b14   0x00000004   PAD
    0x200138b8        -       0x00000000   Zero   RW          142    HEAP                startup_stm32f40_41xxx.o
    0x200138b8        -       0x00000400   Zero   RW          141    STACK               startup_stm32f40_41xxx.o


==============================================================================

Image component sizes


      Code (inc. data)   RO Data    RW Data    ZI Data      Debug   Object Name

        92         42          0          4          0      13177   app_hello.o
       172         10          0          0          0        777   bsp_uart1.o
       680        104         73         24      76800       4443   heap_4.o
       148          0          0          0          0       5206   list.o
       180         32          0          4          0      27994   main.o
       140         24          0          0          0       1775   misc.o
        36          0          0          0          0      19167   pad_stm32f4xx_it.o
       994        194         77         12          0      11989   port.o
      2668        454          0          0         64      25441   queue.o
        32          6          0          4          0       3262   retarget.o
       744         54          0          0       1208      10316   segger_rtt.o
      3386        232         26         21       1291      39081   segger_sysview.o
       124         82          0          0          0       1314   segger_sysview_config_freertos.o
       716         40         88          4        160       6420   segger_sysview_freertos.o
        76         28        392          0       1024        984   startup_stm32f40_41xxx.o
       214          0          0          0          0       2011   stm32f4xx_gpio.o
       296         30          0         16          0       4378   stm32f4xx_rcc.o
       236          8          0          0          0       2289   stm32f4xx_usart.o
       340         32          0         20          0     264509   system_stm32f4xx.o
      4062       1354          0         60        200      35426   tasks.o
      1470        472          0         20         40       9847   timers.o

    ----------------------------------------------------------------------
     16824       3198        696        192      80788     489806   Object Totals
         0          0         32          0          0          0   (incl. Generated)
        18          0          8          3          1          0   (incl. Padding)

    ----------------------------------------------------------------------

      Code (inc. data)   RO Data    RW Data    ZI Data      Debug   Library Member Name

         8          0          0          0          0         68   __main.o
       104          0          0          0          0         84   __printf.o
         0          0          0          0          0          0   __rtentry.o
        12          0          0          0          0          0   __rtentry2.o
         6          0          0          0          0          0   __rtentry4.o
        52          8          0          0          0          0   __scatter.o
        26          0          0          0          0          0   __scatter_copy.o
        28          0          0          0          0          0   __scatter_zi.o
        44          0          0          0          0        108   _printf_char.o
        48          6          0          0          0         96   _printf_char_common.o
        36          4          0          0          0         80   _printf_char_file.o
         6          0          0          0          0          0   _printf_d.o
       120         16          0          0          0         92   _printf_dec.o
       178          0          0          0          0         88   _printf_intcommon.o
         0          0          0          0          0          0   _printf_percent.o
         4          0          0          0          0          0   _printf_percent_end.o
         6          0          0          0          0          0   _printf_s.o
        82          0          0          0          0         80   _printf_str.o
        16          0          0          0          0         68   aeabi_memset.o
        18          0          0          0          0         80   exit.o
         8          0          0          0          0         68   ferror.o
         6          0          0          0          0        152   heapauxi.o
         2          0          0          0          0          0   libinit.o
         6          0          0          0          0          0   libinit2.o
         2          0          0          0          0          0   libshutdown.o
         2          0          0          0          0          0   libshutdown2.o
         8          4          0          0         96         68   libspace.o
        88          0          0          0          0         76   memcmp.o
        24          4          0          0          0         84   noretval__2printf.o
        68          0          0          0          0         68   rt_memclr.o
        78          0          0          0          0         80   rt_memclr_w.o
       138          0          0          0          0         68   rt_memcpy_v6.o
       100          0          0          0          0         80   rt_memcpy_w.o
         2          0          0          0          0          0   rtexit.o
        10          0          0          0          0          0   rtexit2.o
        72          0          0          0          0         80   strcpy.o
        74          0          0          0          0         80   sys_stackheap_outer.o
         2          0          0          0          0         68   use_no_semi.o
         2          0          0          0          0         68   use_no_semi_2.o
        10          0          0          0          0        116   fpinit.o

    ----------------------------------------------------------------------
      1508         42          0          0        100       2000   Library Totals
        12          0          0          0          4          0   (incl. Padding)

    ----------------------------------------------------------------------

      Code (inc. data)   RO Data    RW Data    ZI Data      Debug   Library Name

      1486         42          0          0         96       1884   c_w.l
        10          0          0          0          0        116   fz_wm.l

    ----------------------------------------------------------------------
      1508         42          0          0        100       2000   Library Totals

    ----------------------------------------------------------------------

==============================================================================


      Code (inc. data)   RO Data    RW Data    ZI Data      Debug   

     18332       3240        696        192      80888     477218   Grand Totals
     18332       3240        696        192      80888     477218   ELF Image Totals
     18332       3240        696        192          0          0   ROM Totals

==============================================================================

    Total RO  Size (Code + RO Data)                19028 (  18.58kB)
    Total RW  Size (RW Data + ZI Data)             81080 (  79.18kB)
    Total ROM Size (Code + RO Data + RW Data)      19220 (  18.77kB)

==============================================================================

