Component: ARM Compiler 5.06 update 7 (build 960) Tool: armlink [4d3601]

==============================================================================

Section Cross References

    system_stm32f4xx.o(i.SystemCoreClockUpdate) refers to system_stm32f4xx.o(.data) for SystemCoreClock
    system_stm32f4xx.o(i.SystemInit) refers to system_stm32f4xx.o(i.SetSysClock) for SetSysClock
    startup_stm32f40_41xxx.o(STACK) refers (Special) to heapauxi.o(.text) for __use_two_region_memory
    startup_stm32f40_41xxx.o(HEAP) refers (Special) to heapauxi.o(.text) for __use_two_region_memory
    startup_stm32f40_41xxx.o(RESET) refers (Special) to heapauxi.o(.text) for __use_two_region_memory
    startup_stm32f40_41xxx.o(RESET) refers to startup_stm32f40_41xxx.o(STACK) for __initial_sp
    startup_stm32f40_41xxx.o(RESET) refers to startup_stm32f40_41xxx.o(.text) for Reset_Handler
    startup_stm32f40_41xxx.o(RESET) refers to pad_stm32f4xx_it.o(i.NMI_Handler) for NMI_Handler
    startup_stm32f40_41xxx.o(RESET) refers to pad_stm32f4xx_it.o(i.HardFault_Handler) for HardFault_Handler
    startup_stm32f40_41xxx.o(RESET) refers to pad_stm32f4xx_it.o(i.MemManage_Handler) for MemManage_Handler
    startup_stm32f40_41xxx.o(RESET) refers to pad_stm32f4xx_it.o(i.BusFault_Handler) for BusFault_Handler
    startup_stm32f40_41xxx.o(RESET) refers to pad_stm32f4xx_it.o(i.UsageFault_Handler) for UsageFault_Handler
    startup_stm32f40_41xxx.o(RESET) refers to port.o(.emb_text) for SVC_Handler
    startup_stm32f40_41xxx.o(RESET) refers to pad_stm32f4xx_it.o(i.DebugMon_Handler) for DebugMon_Handler
    startup_stm32f40_41xxx.o(RESET) refers to pad_stm32f4xx_it.o(i.SysTick_Handler) for SysTick_Handler
    startup_stm32f40_41xxx.o(.text) refers (Special) to heapauxi.o(.text) for __use_two_region_memory
    startup_stm32f40_41xxx.o(.text) refers to system_stm32f4xx.o(i.SystemInit) for SystemInit
    startup_stm32f40_41xxx.o(.text) refers to __main.o(!!!main) for __main
    startup_stm32f40_41xxx.o(.text) refers to startup_stm32f40_41xxx.o(HEAP) for Heap_Mem
    startup_stm32f40_41xxx.o(.text) refers to startup_stm32f40_41xxx.o(STACK) for Stack_Mem
    pad_stm32f4xx_it.o(i.SysTick_Handler) refers to tasks.o(i.xTaskGetSchedulerState) for xTaskGetSchedulerState
    pad_stm32f4xx_it.o(i.SysTick_Handler) refers to port.o(i.xPortSysTickHandler) for xPortSysTickHandler
    retarget.o(.rev16_text) refers (Special) to use_no_semi_2.o(.text) for __use_no_semihosting
    retarget.o(.revsh_text) refers (Special) to use_no_semi_2.o(.text) for __use_no_semihosting
    retarget.o(i._sys_exit) refers (Special) to use_no_semi_2.o(.text) for __use_no_semihosting
    retarget.o(i.fputc) refers (Special) to use_no_semi_2.o(.text) for __use_no_semihosting
    retarget.o(.data) refers (Special) to use_no_semi_2.o(.text) for __use_no_semihosting
    stm32f4xx_adc.o(i.ADC_DeInit) refers to stm32f4xx_rcc.o(i.RCC_APB2PeriphResetCmd) for RCC_APB2PeriphResetCmd
    stm32f4xx_can.o(i.CAN_DeInit) refers to stm32f4xx_rcc.o(i.RCC_APB1PeriphResetCmd) for RCC_APB1PeriphResetCmd
    stm32f4xx_can.o(i.CAN_GetITStatus) refers to stm32f4xx_can.o(i.CheckITStatus) for CheckITStatus
    stm32f4xx_cryp.o(i.CRYP_DeInit) refers to stm32f4xx_rcc.o(i.RCC_AHB2PeriphResetCmd) for RCC_AHB2PeriphResetCmd
    stm32f4xx_cryp_aes.o(i.CRYP_AES_CBC) refers to stm32f4xx_cryp.o(i.CRYP_KeyStructInit) for CRYP_KeyStructInit
    stm32f4xx_cryp_aes.o(i.CRYP_AES_CBC) refers to stm32f4xx_cryp.o(i.CRYP_FIFOFlush) for CRYP_FIFOFlush
    stm32f4xx_cryp_aes.o(i.CRYP_AES_CBC) refers to stm32f4xx_cryp.o(i.CRYP_Init) for CRYP_Init
    stm32f4xx_cryp_aes.o(i.CRYP_AES_CBC) refers to stm32f4xx_cryp.o(i.CRYP_KeyInit) for CRYP_KeyInit
    stm32f4xx_cryp_aes.o(i.CRYP_AES_CBC) refers to stm32f4xx_cryp.o(i.CRYP_Cmd) for CRYP_Cmd
    stm32f4xx_cryp_aes.o(i.CRYP_AES_CBC) refers to stm32f4xx_cryp.o(i.CRYP_GetFlagStatus) for CRYP_GetFlagStatus
    stm32f4xx_cryp_aes.o(i.CRYP_AES_CBC) refers to stm32f4xx_cryp.o(i.CRYP_IVInit) for CRYP_IVInit
    stm32f4xx_cryp_aes.o(i.CRYP_AES_CBC) refers to stm32f4xx_cryp.o(i.CRYP_GetCmdStatus) for CRYP_GetCmdStatus
    stm32f4xx_cryp_aes.o(i.CRYP_AES_CBC) refers to stm32f4xx_cryp.o(i.CRYP_DataIn) for CRYP_DataIn
    stm32f4xx_cryp_aes.o(i.CRYP_AES_CBC) refers to stm32f4xx_cryp.o(i.CRYP_DataOut) for CRYP_DataOut
    stm32f4xx_cryp_aes.o(i.CRYP_AES_CCM) refers to stm32f4xx_cryp.o(i.CRYP_KeyStructInit) for CRYP_KeyStructInit
    stm32f4xx_cryp_aes.o(i.CRYP_AES_CCM) refers to stm32f4xx_cryp.o(i.CRYP_FIFOFlush) for CRYP_FIFOFlush
    stm32f4xx_cryp_aes.o(i.CRYP_AES_CCM) refers to stm32f4xx_cryp.o(i.CRYP_KeyInit) for CRYP_KeyInit
    stm32f4xx_cryp_aes.o(i.CRYP_AES_CCM) refers to stm32f4xx_cryp.o(i.CRYP_IVInit) for CRYP_IVInit
    stm32f4xx_cryp_aes.o(i.CRYP_AES_CCM) refers to stm32f4xx_cryp.o(i.CRYP_Init) for CRYP_Init
    stm32f4xx_cryp_aes.o(i.CRYP_AES_CCM) refers to stm32f4xx_cryp.o(i.CRYP_PhaseConfig) for CRYP_PhaseConfig
[...]
    ..\..\..\..\portable\fwlib\stm32f4xx_lib\src\stm32f4xx_gpio.c 0x00000000   Number         0  stm32f4xx_gpio.o ABSOLUTE
    ..\..\..\..\portable\fwlib\stm32f4xx_lib\src\stm32f4xx_hash.c 0x00000000   Number         0  stm32f4xx_hash.o ABSOLUTE
    ..\..\..\..\portable\fwlib\stm32f4xx_lib\src\stm32f4xx_hash_md5.c 0x00000000   Number         0  stm32f4xx_hash_md5.o ABSOLUTE
    ..\..\..\..\portable\fwlib\stm32f4xx_lib\src\stm32f4xx_hash_sha1.c 0x00000000   Number         0  stm32f4xx_hash_sha1.o ABSOLUTE
    ..\..\..\..\portable\fwlib\stm32f4xx_lib\src\stm32f4xx_i2c.c 0x00000000   Number         0  stm32f4xx_i2c.o ABSOLUTE
    ..\..\..\..\portable\fwlib\stm32f4xx_lib\src\stm32f4xx_iwdg.c 0x00000000   Number         0  stm32f4xx_iwdg.o ABSOLUTE
    ..\..\..\..\portable\fwlib\stm32f4xx_lib\src\stm32f4xx_ltdc.c 0x00000000   Number         0  stm32f4xx_ltdc.o ABSOLUTE
    ..\..\..\..\portable\fwlib\stm32f4xx_lib\src\stm32f4xx_pwr.c 0x00000000   Number         0  stm32f4xx_pwr.o ABSOLUTE
    ..\..\..\..\portable\fwlib\stm32f4xx_lib\src\stm32f4xx_rcc.c 0x00000000   Number         0  stm32f4xx_rcc.o ABSOLUTE
    ..\..\..\..\portable\fwlib\stm32f4xx_lib\src\stm32f4xx_rng.c 0x00000000   Number         0  stm32f4xx_rng.o ABSOLUTE
    ..\..\..\..\portable\fwlib\stm32f4xx_lib\src\stm32f4xx_rtc.c 0x00000000   Number         0  stm32f4xx_rtc.o ABSOLUTE
    ..\..\..\..\portable\fwlib\stm32f4xx_lib\src\stm32f4xx_sai.c 0x00000000   Number         0  stm32f4xx_sai.o ABSOLUTE
    ..\..\..\..\portable\fwlib\stm32f4xx_lib\src\stm32f4xx_sdio.c 0x00000000   Number         0  stm32f4xx_sdio.o ABSOLUTE
    ..\..\..\..\portable\fwlib\stm32f4xx_lib\src\stm32f4xx_spi.c 0x00000000   Number         0  stm32f4xx_spi.o ABSOLUTE
    ..\..\..\..\portable\fwlib\stm32f4xx_lib\src\stm32f4xx_syscfg.c 0x00000000   Number         0  stm32f4xx_syscfg.o ABSOLUTE
    ..\..\..\..\portable\fwlib\stm32f4xx_lib\src\stm32f4xx_tim.c 0x00000000   Number         0  stm32f4xx_tim.o ABSOLUTE
    ..\..\..\..\portable\fwlib\stm32f4xx_lib\src\stm32f4xx_usart.c 0x00000000   Number         0  stm32f4xx_usart.o ABSOLUTE
    ..\..\..\..\portable\fwlib\stm32f4xx_lib\src\stm32f4xx_wwdg.c 0x00000000   Number         0  stm32f4xx_wwdg.o ABSOLUTE
    ..\..\..\..\portable\startlib\stm32f40_41xxx_start\portable\keil\Retarget.c 0x00000000   Number         0  retarget.o ABSOLUTE
    ..\..\..\..\portable\startlib\stm32f40_41xxx_start\portable\keil\startup_stm32f40_41xxx.s 0x00000000   Number         0  startup_stm32f40_41xxx.o ABSOLUTE
    ..\..\..\..\portable\startlib\stm32f40_41xxx_start\system_stm32f4xx.c 0x00000000   Number         0  system_stm32f4xx.o ABSOLUTE
    ..\..\app\app_hello.cpp                  0x00000000   Number         0  app_hello.o ABSOLUTE
    ..\..\app\main.c                         0x00000000   Number         0  main.o ABSOLUTE
    ..\..\app\pad_stm32f4xx_it.c             0x00000000   Number         0  pad_stm32f4xx_it.o ABSOLUTE
    ..\\..\\..\\..\\components\\FreeRTOS-Kernel-V9.0.0\\portable\\RVDS\\ARM_CM4F\\port.c 0x00000000   Number         0  port.o ABSOLUTE
    ..\\..\\..\\..\\portable\\bsplib\\zdyz_explorer_bsp\\bsp_tim6.c 0x00000000   Number         0  bsp_tim6.o ABSOLUTE
    ..\\..\\..\\..\\portable\\bsplib\\zdyz_explorer_bsp\\bsp_uart1.c 0x00000000   Number         0  bsp_uart1.o ABSOLUTE
    ..\\..\\..\\..\\portable\\fwlib\\stm32f4xx_lib\\src\\misc.c 0x00000000   Number         0  misc.o ABSOLUTE
    ..\\..\\..\\..\\portable\\fwlib\\stm32f4xx_lib\\src\\stm32f4xx_adc.c 0x00000000   Number         0  stm32f4xx_adc.o ABSOLUTE
    ..\\..\\..\\..\\portable\\fwlib\\stm32f4xx_lib\\src\\stm32f4xx_can.c 0x00000000   Number         0  stm32f4xx_can.o ABSOLUTE
    ..\\..\\..\\..\\portable\\fwlib\\stm32f4xx_lib\\src\\stm32f4xx_crc.c 0x00000000   Number         0  stm32f4xx_crc.o ABSOLUTE
    ..\\..\\..\\..\\portable\\fwlib\\stm32f4xx_lib\\src\\stm32f4xx_cryp.c 0x00000000   Number         0  stm32f4xx_cryp.o ABSOLUTE
    ..\\..\\..\\..\\portable\\fwlib\\stm32f4xx_lib\\src\\stm32f4xx_cryp_aes.c 0x00000000   Number         0  stm32f4xx_cryp_aes.o ABSOLUTE
    ..\\..\\..\\..\\portable\\fwlib\\stm32f4xx_lib\\src\\stm32f4xx_cryp_des.c 0x00000000   Number         0  stm32f4xx_cryp_des.o ABSOLUTE
    ..\\..\\..\\..\\portable\\fwlib\\stm32f4xx_lib\\src\\stm32f4xx_cryp_tdes.c 0x00000000   Number         0  stm32f4xx_cryp_tdes.o ABSOLUTE
    ..\\..\\..\\..\\portable\\fwlib\\stm32f4xx_lib\\src\\stm32f4xx_dac.c 0x00000000   Number         0  stm32f4xx_dac.o ABSOLUTE
    ..\\..\\..\\..\\portable\\fwlib\\stm32f4xx_lib\\src\\stm32f4xx_dbgmcu.c 0x00000000   Number         0  stm32f4xx_dbgmcu.o ABSOLUTE
    ..\\..\\..\\..\\portable\\fwlib\\stm32f4xx_lib\\src\\stm32f4xx_dcmi.c 0x00000000   Number         0  stm32f4xx_dcmi.o ABSOLUTE
    ..\\..\\..\\..\\portable\\fwlib\\stm32f4xx_lib\\src\\stm32f4xx_dma.c 0x00000000   Number         0  stm32f4xx_dma.o ABSOLUTE
    ..\\..\\..\\..\\portable\\fwlib\\stm32f4xx_lib\\src\\stm32f4xx_dma2d.c 0x00000000   Number         0  stm32f4xx_dma2d.o ABSOLUTE
    ..\\..\\..\\..\\portable\\fwlib\\stm32f4xx_lib\\src\\stm32f4xx_exti.c 0x00000000   Number         0  stm32f4xx_exti.o ABSOLUTE
    ..\\..\\..\\..\\portable\\fwlib\\stm32f4xx_lib\\src\\stm32f4xx_flash.c 0x00000000   Number         0  stm32f4xx_flash.o ABSOLUTE
    ..\\..\\..\\..\\portable\\fwlib\\stm32f4xx_lib\\src\\stm32f4xx_flash_ramfunc.c 0x00000000   Number         0  stm32f4xx_flash_ramfunc.o ABSOLUTE
    ..\\..\\..\\..\\portable\\fwlib\\stm32f4xx_lib\\src\\stm32f4xx_fsmc.c 0x00000000   Number         0  stm32f4xx_fsmc.o ABSOLUTE
    ..\\..\\..\\..\\portable\\fwlib\\stm32f4xx_lib\\src\\stm32f4xx_gpio.c 0x00000000   Number         0  stm32f4xx_gpio.o ABSOLUTE
    ..\\..\\..\\..\\portable\\fwlib\\stm32f4xx_lib\\src\\stm32f4xx_hash.c 0x00000000   Number         0  stm32f4xx_hash.o ABSOLUTE
    ..\\..\\..\\..\\portable\\fwlib\\stm32f4xx_lib\\src\\stm32f4xx_hash_md5.c 0x00000000   Number         0  stm32f4xx_hash_md5.o ABSOLUTE
    ..\\..\\..\\..\\portable\\fwlib\\stm32f4xx_lib\\src\\stm32f4xx_hash_sha1.c 0x00000000   Number         0  stm32f4xx_hash_sha1.o ABSOLUTE
    ..\\..\\..\\..\\portable\\fwlib\\stm32f4xx_lib\\src\\stm32f4xx_i2c.c 0x00000000   Number         0  stm32f4xx_i2c.o ABSOLUTE
    ..\\..\\..\\..\\portable\\fwlib\\stm32f4xx_lib\\src\\stm32f4xx_iwdg.c 0x00000000   Number         0  stm32f4xx_iwdg.o ABSOLUTE
    ..\\..\\..\\..\\portable\\fwlib\\stm32f4xx_lib\\src\\stm32f4xx_ltdc.c 0x00000000   Number         0  stm32f4xx_ltdc.o ABSOLUTE
    ..\\..\\..\\..\\portable\\fwlib\\stm32f4xx_lib\\src\\stm32f4xx_pwr.c 0x00000000   Number         0  stm32f4xx_pwr.o ABSOLUTE
    ..\\..\\..\\..\\portable\\fwlib\\stm32f4xx_lib\\src\\stm32f4xx_rcc.c 0x00000000   Number         0  stm32f4xx_rcc.o ABSOLUTE
    ..\\..\\..\\..\\portable\\fwlib\\stm32f4xx_lib\\src\\stm32f4xx_rng.c 0x00000000   Number         0  stm32f4xx_rng.o ABSOLUTE
    ..\\..\\..\\..\\portable\\fwlib\\stm32f4xx_lib\\src\\stm32f4xx_rtc.c 0x00000000   Number         0  stm32f4xx_rtc.o ABSOLUTE
    ..\\..\\..\\..\\portable\\fwlib\\stm32f4xx_lib\\src\\stm32f4xx_sai.c 0x00000000   Number         0  stm32f4xx_sai.o ABSOLUTE
    ..\\..\\..\\..\\portable\\fwlib\\stm32f4xx_lib\\src\\stm32f4xx_sdio.c 0x00000000   Number         0  stm32f4xx_sdio.o ABSOLUTE
    ..\\..\\..\\..\\portable\\fwlib\\stm32f4xx_lib\\src\\stm32f4xx_spi.c 0x00000000   Number         0  stm32f4xx_spi.o ABSOLUTE
    ..\\..\\..\\..\\portable\\fwlib\\stm32f4xx_lib\\src\\stm32f4xx_syscfg.c 0x00000000   Number         0  stm32f4xx_syscfg.o ABSOLUTE
    ..\\..\\..\\..\\portable\\fwlib\\stm32f4xx_lib\\src\\stm32f4xx_tim.c 0x00000000   Number         0  stm32f4xx_tim.o ABSOLUTE
    ..\\..\\..\\..\\portable\\fwlib\\stm32f4xx_lib\\src\\stm32f4xx_usart.c 0x00000000   Number         0  stm32f4xx_usart.o ABSOLUTE
    ..\\..\\..\\..\\portable\\fwlib\\stm32f4xx_lib\\src\\stm32f4xx_wwdg.c 0x00000000   Number         0  stm32f4xx_wwdg.o ABSOLUTE
    ..\\..\\..\\..\\portable\\startlib\\stm32f40_41xxx_start\\portable\\keil\\Retarget.c 0x00000000   Number         0  retarget.o ABSOLUTE
    ..\\..\\..\\..\\portable\\startlib\\stm32f40_41xxx_start\\system_stm32f4xx.c 0x00000000   Number         0  system_stm32f4xx.o ABSOLUTE
    ..\\..\\app\\main.c                      0x00000000   Number         0  main.o ABSOLUTE
    dc.s                                     0x00000000   Number         0  dc.o ABSOLUTE
    RESET                                    0x08000000   Section      392  startup_stm32f40_41xxx.o(RESET)
    !!!main                                  0x08000188   Section        8  __main.o(!!!main)
    !!!scatter                               0x08000190   Section       52  __scatter.o(!!!scatter)
    !!handler_copy                           0x080001c4   Section       26  __scatter_copy.o(!!handler_copy)
    !!handler_zi                             0x080001e0   Section       28  __scatter_zi.o(!!handler_zi)
    .ARM.Collect$$_printf_percent$$00000000  0x080001fc   Section        0  _printf_percent.o(.ARM.Collect$$_printf_percent$$00000000)
    .ARM.Collect$$_printf_percent$$00000009  0x080001fc   Section        6  _printf_d.o(.ARM.Collect$$_printf_percent$$00000009)
    .ARM.Collect$$_printf_percent$$00000014  0x08000202   Section        6  _printf_s.o(.ARM.Collect$$_printf_percent$$00000014)
    .ARM.Collect$$_printf_percent$$00000017  0x08000208   Section        4  _printf_percent_end.o(.ARM.Collect$$_printf_percent$$00000017)
    .ARM.Collect$$libinit$$00000000          0x0800020c   Section        2  libinit.o(.ARM.Collect$$libinit$$00000000)
    .ARM.Collect$$libinit$$00000001          0x0800020e   Section        4  libinit2.o(.ARM.Collect$$libinit$$00000001)
    .ARM.Collect$$libinit$$00000004          0x08000212   Section        0  libinit2.o(.ARM.Collect$$libinit$$00000004)
    .ARM.Collect$$libinit$$0000000A          0x08000212   Section        0  libinit2.o(.ARM.Collect$$libinit$$0000000A)
    .ARM.Collect$$libinit$$0000000C          0x08000212   Section        0  libinit2.o(.ARM.Collect$$libinit$$0000000C)
    .ARM.Collect$$libinit$$0000000E          0x08000212   Section        0  libinit2.o(.ARM.Collect$$libinit$$0000000E)
    .ARM.Collect$$libinit$$00000011          0x08000212   Section        0  libinit2.o(.ARM.Collect$$libinit$$00000011)
    .ARM.Collect$$libinit$$00000013          0x08000212   Section        0  libinit2.o(.ARM.Collect$$libinit$$00000013)
    .ARM.Collect$$libinit$$00000015          0x08000212   Section        0  libinit2.o(.ARM.Collect$$libinit$$00000015)
    .ARM.Collect$$libinit$$00000017          0x08000212   Section        0  libinit2.o(.ARM.Collect$$libinit$$00000017)
    .ARM.Collect$$libinit$$00000019          0x08000212   Section        0  libinit2.o(.ARM.Collect$$libinit$$00000019)
    .ARM.Collect$$libinit$$0000001B          0x08000212   Section        0  libinit2.o(.ARM.Collect$$libinit$$0000001B)
    .ARM.Collect$$libinit$$0000001D          0x08000212   Section        0  libinit2.o(.ARM.Collect$$libinit$$0000001D)
    .ARM.Collect$$libinit$$0000001F          0x08000212   Section        0  libinit2.o(.ARM.Collect$$libinit$$0000001F)
    .ARM.Collect$$libinit$$00000021          0x08000212   Section        0  libinit2.o(.ARM.Collect$$libinit$$00000021)
    .ARM.Collect$$libinit$$00000023          0x08000212   Section        0  libinit2.o(.ARM.Collect$$libinit$$00000023)
    .ARM.Collect$$libinit$$00000025          0x08000212   Section        0  libinit2.o(.ARM.Collect$$libinit$$00000025)
    .ARM.Collect$$libinit$$0000002C          0x08000212   Section        0  libinit2.o(.ARM.Collect$$libinit$$0000002C)
    .ARM.Collect$$libinit$$0000002E          0x08000212   Section        0  libinit2.o(.ARM.Collect$$libinit$$0000002E)
    .ARM.Collect$$libinit$$00000030          0x08000212   Section        0  libinit2.o(.ARM.Collect$$libinit$$00000030)
    .ARM.Collect$$libinit$$00000032          0x08000212   Section        0  libinit2.o(.ARM.Collect$$libinit$$00000032)
    .ARM.Collect$$libinit$$00000033          0x08000212   Section        2  libinit2.o(.ARM.Collect$$libinit$$00000033)
    .ARM.Collect$$libshutdown$$00000000      0x08000214   Section        2  libshutdown.o(.ARM.Collect$$libshutdown$$00000000)
    .ARM.Collect$$libshutdown$$00000002      0x08000216   Section        0  libshutdown2.o(.ARM.Collect$$libshutdown$$00000002)
    .ARM.Collect$$libshutdown$$00000004      0x08000216   Section        0  libshutdown2.o(.ARM.Collect$$libshutdown$$00000004)
    .ARM.Collect$$libshutdown$$00000006      0x08000216   Section        0  libshutdown2.o(.ARM.Collect$$libshutdown$$00000006)
    .ARM.Collect$$libshutdown$$00000009      0x08000216   Section        0  libshutdown2.o(.ARM.Collect$$libshutdown$$00000009)
    .ARM.Collect$$libshutdown$$0000000C      0x08000216   Section        0  libshutdown2.o(.ARM.Collect$$libshutdown$$0000000C)
    .ARM.Collect$$libshutdown$$0000000E      0x08000216   Section        0  libshutdown2.o(.ARM.Collect$$libshutdown$$0000000E)
    .ARM.Collect$$libshutdown$$00000011      0x08000216   Section        0  libshutdown2.o(.ARM.Collect$$libshutdown$$00000011)
    .ARM.Collect$$libshutdown$$00000012      0x08000216   Section        2  libshutdown2.o(.ARM.Collect$$libshutdown$$00000012)
    .ARM.Collect$$rtentry$$00000000          0x08000218   Section        0  __rtentry.o(.ARM.Collect$$rtentry$$00000000)
    .ARM.Collect$$rtentry$$00000002          0x08000218   Section        0  __rtentry2.o(.ARM.Collect$$rtentry$$00000002)
    .ARM.Collect$$rtentry$$00000004          0x08000218   Section        6  __rtentry4.o(.ARM.Collect$$rtentry$$00000004)
    .ARM.Collect$$rtentry$$00000009          0x0800021e   Section        0  __rtentry2.o(.ARM.Collect$$rtentry$$00000009)
    .ARM.Collect$$rtentry$$0000000A          0x0800021e   Section        4  __rtentry2.o(.ARM.Collect$$rtentry$$0000000A)
    .ARM.Collect$$rtentry$$0000000C          0x08000222   Section        0  __rtentry2.o(.ARM.Collect$$rtentry$$0000000C)
    .ARM.Collect$$rtentry$$0000000D          0x08000222   Section        8  __rtentry2.o(.ARM.Collect$$rtentry$$0000000D)
    .ARM.Collect$$rtexit$$00000000           0x0800022a   Section        2  rtexit.o(.ARM.Collect$$rtexit$$00000000)
    .ARM.Collect$$rtexit$$00000002           0x0800022c   Section        0  rtexit2.o(.ARM.Collect$$rtexit$$00000002)
    .ARM.Collect$$rtexit$$00000003           0x0800022c   Section        4  rtexit2.o(.ARM.Collect$$rtexit$$00000003)
    .ARM.Collect$$rtexit$$00000004           0x08000230   Section        6  rtexit2.o(.ARM.Collect$$rtexit$$00000004)
    .emb_text                                0x08000238   Section      182  port.o(.emb_text)
    $v0                                      0x08000238   Number         0  port.o(.emb_text)
    .text                                    0x080002f0   Section       76  startup_stm32f40_41xxx.o(.text)
    $v0                                      0x080002f0   Number         0  startup_stm32f40_41xxx.o(.text)
    .text                                    0x0800033c   Section        2  use_no_semi_2.o(.text)
    .text                                    0x08000340   Section        0  noretval__2printf.o(.text)
    .text                                    0x08000358   Section        0  __printf.o(.text)
    .text                                    0x080003c0   Section        0  _printf_str.o(.text)
    .text                                    0x08000414   Section        0  _printf_dec.o(.text)
    .text                                    0x0800048c   Section      138  rt_memcpy_v6.o(.text)
    .text                                    0x08000516   Section       16  aeabi_memset.o(.text)
    .text                                    0x08000526   Section        0  heapauxi.o(.text)
    .text                                    0x0800052c   Section        2  use_no_semi.o(.text)
    .text                                    0x0800052e   Section        0  _printf_intcommon.o(.text)
    .text                                    0x080005e0   Section        0  _printf_char_common.o(.text)
    _printf_input_char                       0x080005e1   Thumb Code    10  _printf_char_common.o(.text)
    .text                                    0x08000610   Section        0  _printf_char.o(.text)
    .text                                    0x0800063c   Section        0  _printf_char_file.o(.text)
    .text                                    0x08000660   Section      100  rt_memcpy_w.o(.text)
    .text                                    0x080006c4   Section       68  rt_memclr.o(.text)
    .text                                    0x08000708   Section        0  ferror.o(.text)
    .text                                    0x08000710   Section       78  rt_memclr_w.o(.text)
    .text                                    0x0800075e   Section       74  sys_stackheap_outer.o(.text)
    .text                                    0x080007a8   Section        0  exit.o(.text)
    .text                                    0x080007bc   Section        8  libspace.o(.text)
    i.BSP_UART1_Init                         0x080007c4   Section        0  bsp_uart1.o(i.BSP_UART1_Init)
    i.BusFault_Handler                       0x08000870   Section        0  pad_stm32f4xx_it.o(i.BusFault_Handler)
    i.DebugMon_Handler                       0x08000874   Section        0  pad_stm32f4xx_it.o(i.DebugMon_Handler)
    i.GPIO_Init                              0x08000876   Section        0  stm32f4xx_gpio.o(i.GPIO_Init)
    i.GPIO_PinAFConfig                       0x08000906   Section        0  stm32f4xx_gpio.o(i.GPIO_PinAFConfig)
    i.HardFault_Handler                      0x0800094c   Section        0  pad_stm32f4xx_it.o(i.HardFault_Handler)
    i.MemManage_Handler                      0x08000950   Section        0  pad_stm32f4xx_it.o(i.MemManage_Handler)
    i.NMI_Handler                            0x08000954   Section        0  pad_stm32f4xx_it.o(i.NMI_Handler)
    i.NVIC_Init                              0x08000958   Section        0  misc.o(i.NVIC_Init)
    i.NVIC_PriorityGroupConfig               0x080009d0   Section        0  misc.o(i.NVIC_PriorityGroupConfig)
    i.RCC_AHB1PeriphClockCmd                 0x080009e4   Section        0  stm32f4xx_rcc.o(i.RCC_AHB1PeriphClockCmd)
    i.RCC_APB2PeriphClockCmd                 0x08000a04   Section        0  stm32f4xx_rcc.o(i.RCC_APB2PeriphClockCmd)
    i.RCC_GetClocksFreq                      0x08000a24   Section        0  stm32f4xx_rcc.o(i.RCC_GetClocksFreq)
    i.SetSysClock                            0x08000b0c   Section        0  system_stm32f4xx.o(i.SetSysClock)
    SetSysClock                              0x08000b0d   Thumb Code   220  system_stm32f4xx.o(i.SetSysClock)
    i.SysTick_Handler                        0x08000bf8   Section        0  pad_stm32f4xx_it.o(i.SysTick_Handler)
    i.SystemInit                             0x08000c08   Section        0  system_stm32f4xx.o(i.SystemInit)
    i.USART_Cmd                              0x08000c70   Section        0  stm32f4xx_usart.o(i.USART_Cmd)
    i.USART_Init                             0x08000c88   Section        0  stm32f4xx_usart.o(i.USART_Init)
    i.UsageFault_Handler                     0x08000d5c   Section        0  pad_stm32f4xx_it.o(i.UsageFault_Handler)
    i._Z10start_taskPv                       0x08000d60   Section        0  app_hello.o(i._Z10start_taskPv)
    i._Z10task1_taskPv                       0x08000d98   Section        0  app_hello.o(i._Z10task1_taskPv)
    i._sys_exit                              0x08000dc0   Section        0  retarget.o(i._sys_exit)
    i.app_hello_main                         0x08000dc4   Section        0  app_hello.o(i.app_hello_main)
    i.fputc                                  0x08000df0   Section        0  retarget.o(i.fputc)
    i.main                                   0x08000e0c   Section        0  main.o(i.main)
    i.prvAddCurrentTaskToDelayedList         0x08000e80   Section        0  tasks.o(i.prvAddCurrentTaskToDelayedList)
    prvAddCurrentTaskToDelayedList           0x08000e81   Thumb Code   124  tasks.o(i.prvAddCurrentTaskToDelayedList)
    i.prvAddNewTaskToReadyList               0x08000f18   Section        0  tasks.o(i.prvAddNewTaskToReadyList)
    prvAddNewTaskToReadyList                 0x08000f19   Thumb Code   156  tasks.o(i.prvAddNewTaskToReadyList)
    i.prvCheckForValidListAndQueue           0x08000fd0   Section        0  timers.o(i.prvCheckForValidListAndQueue)
    prvCheckForValidListAndQueue             0x08000fd1   Thumb Code    72  timers.o(i.prvCheckForValidListAndQueue)
    i.prvCheckTasksWaitingTermination        0x08001034   Section        0  tasks.o(i.prvCheckTasksWaitingTermination)
    prvCheckTasksWaitingTermination          0x08001035   Thumb Code    86  tasks.o(i.prvCheckTasksWaitingTermination)
    i.prvCopyDataFromQueue                   0x08001098   Section        0  queue.o(i.prvCopyDataFromQueue)
    prvCopyDataFromQueue                     0x08001099   Thumb Code    42  queue.o(i.prvCopyDataFromQueue)
    i.prvCopyDataToQueue                     0x080010c2   Section        0  queue.o(i.prvCopyDataToQueue)
    prvCopyDataToQueue                       0x080010c3   Thumb Code   124  queue.o(i.prvCopyDataToQueue)
    i.prvDeleteTCB                           0x0800113e   Section        0  tasks.o(i.prvDeleteTCB)
    prvDeleteTCB                             0x0800113f   Thumb Code    18  tasks.o(i.prvDeleteTCB)
    i.prvGetNextExpireTime                   0x08001150   Section        0  timers.o(i.prvGetNextExpireTime)
    prvGetNextExpireTime                     0x08001151   Thumb Code    36  timers.o(i.prvGetNextExpireTime)
    i.prvHeapInit                            0x08001178   Section        0  heap_4.o(i.prvHeapInit)
    prvHeapInit                              0x08001179   Thumb Code    98  heap_4.o(i.prvHeapInit)
    i.prvIdleTask                            0x080011f4   Section        0  tasks.o(i.prvIdleTask)
    prvIdleTask                              0x080011f5   Thumb Code    32  tasks.o(i.prvIdleTask)
    i.prvInitialiseNewQueue                  0x0800121c   Section        0  queue.o(i.prvInitialiseNewQueue)
    prvInitialiseNewQueue                    0x0800121d   Thumb Code    46  queue.o(i.prvInitialiseNewQueue)
    i.prvInitialiseNewTask                   0x0800124c   Section        0  tasks.o(i.prvInitialiseNewTask)
    prvInitialiseNewTask                     0x0800124d   Thumb Code   170  tasks.o(i.prvInitialiseNewTask)
    i.prvInitialiseTaskLists                 0x08001340   Section        0  tasks.o(i.prvInitialiseTaskLists)
    prvInitialiseTaskLists                   0x08001341   Thumb Code    70  tasks.o(i.prvInitialiseTaskLists)
    i.prvInsertBlockIntoFreeList             0x080013a8   Section        0  heap_4.o(i.prvInsertBlockIntoFreeList)
    prvInsertBlockIntoFreeList               0x080013a9   Thumb Code    96  heap_4.o(i.prvInsertBlockIntoFreeList)
    i.prvInsertTimerInActiveList             0x08001410   Section        0  timers.o(i.prvInsertTimerInActiveList)
    prvInsertTimerInActiveList               0x08001411   Thumb Code    80  timers.o(i.prvInsertTimerInActiveList)
    i.prvIsQueueEmpty                        0x08001468   Section        0  queue.o(i.prvIsQueueEmpty)
    prvIsQueueEmpty                          0x08001469   Thumb Code    26  queue.o(i.prvIsQueueEmpty)
    i.prvIsQueueFull                         0x08001482   Section        0  queue.o(i.prvIsQueueFull)
    prvIsQueueFull                           0x08001483   Thumb Code    30  queue.o(i.prvIsQueueFull)
    i.prvNotifyQueueSetContainer             0x080014a0   Section        0  queue.o(i.prvNotifyQueueSetContainer)
    prvNotifyQueueSetContainer               0x080014a1   Thumb Code   124  queue.o(i.prvNotifyQueueSetContainer)
    i.prvProcessExpiredTimer                 0x08001564   Section        0  timers.o(i.prvProcessExpiredTimer)
    prvProcessExpiredTimer                   0x08001565   Thumb Code    84  timers.o(i.prvProcessExpiredTimer)
    i.prvProcessReceivedCommands             0x08001604   Section        0  timers.o(i.prvProcessReceivedCommands)
    prvProcessReceivedCommands               0x08001605   Thumb Code   254  timers.o(i.prvProcessReceivedCommands)
    i.prvProcessTimerOrBlockTask             0x08001750   Section        0  timers.o(i.prvProcessTimerOrBlockTask)
    prvProcessTimerOrBlockTask               0x08001751   Thumb Code   102  timers.o(i.prvProcessTimerOrBlockTask)
    i.prvResetNextTaskUnblockTime            0x080017c4   Section        0  tasks.o(i.prvResetNextTaskUnblockTime)
    prvResetNextTaskUnblockTime              0x080017c5   Thumb Code    42  tasks.o(i.prvResetNextTaskUnblockTime)
    i.prvSampleTimeNow                       0x080017f8   Section        0  timers.o(i.prvSampleTimeNow)
    prvSampleTimeNow                         0x080017f9   Thumb Code    40  timers.o(i.prvSampleTimeNow)
    i.prvSwitchTimerLists                    0x08001824   Section        0  timers.o(i.prvSwitchTimerLists)
    prvSwitchTimerLists                      0x08001825   Thumb Code   140  timers.o(i.prvSwitchTimerLists)
    i.prvTaskExitError                       0x08001900   Section        0  port.o(i.prvTaskExitError)
    prvTaskExitError                         0x08001901   Thumb Code    50  port.o(i.prvTaskExitError)
    i.prvTimerTask                           0x0800194c   Section        0  timers.o(i.prvTimerTask)
    prvTimerTask                             0x0800194d   Thumb Code    26  timers.o(i.prvTimerTask)
    i.prvUnlockQueue                         0x08001966   Section        0  queue.o(i.prvUnlockQueue)
    prvUnlockQueue                           0x08001967   Thumb Code   146  queue.o(i.prvUnlockQueue)
    i.pvPortMalloc                           0x080019f8   Section        0  heap_4.o(i.pvPortMalloc)
    i.pvTaskIncrementMutexHeldCount          0x08001b28   Section        0  tasks.o(i.pvTaskIncrementMutexHeldCount)
    i.pxPortInitialiseStack                  0x08001b48   Section        0  port.o(i.pxPortInitialiseStack)
    i.uxListRemove                           0x08001b74   Section        0  list.o(i.uxListRemove)
    i.vListInitialise                        0x08001b9c   Section        0  list.o(i.vListInitialise)
    i.vListInitialiseItem                    0x08001bb6   Section        0  list.o(i.vListInitialiseItem)
    i.vListInsert                            0x08001bbc   Section        0  list.o(i.vListInsert)
    i.vListInsertEnd                         0x08001bf0   Section        0  list.o(i.vListInsertEnd)
    i.vPortEnterCritical                     0x08001c08   Section        0  port.o(i.vPortEnterCritical)
    i.vPortExitCritical                      0x08001c68   Section        0  port.o(i.vPortExitCritical)
    i.vPortFree                              0x08001cb0   Section        0  heap_4.o(i.vPortFree)
    i.vPortSetupTimerInterrupt               0x08001d44   Section        0  port.o(i.vPortSetupTimerInterrupt)
    i.vPortValidateInterruptPriority         0x08001d64   Section        0  port.o(i.vPortValidateInterruptPriority)
    i.vQueueAddToRegistry                    0x08001ddc   Section        0  queue.o(i.vQueueAddToRegistry)
    i.vQueueWaitForMessageRestricted         0x08001e08   Section        0  queue.o(i.vQueueWaitForMessageRestricted)
    i.vTaskDelay                             0x08001e54   Section        0  tasks.o(i.vTaskDelay)
    i.vTaskMissedYield                       0x08001eec   Section        0  tasks.o(i.vTaskMissedYield)
    i.vTaskPlaceOnEventList                  0x08001ef8   Section        0  tasks.o(i.vTaskPlaceOnEventList)
    i.vTaskPlaceOnEventListRestricted        0x08001f70   Section        0  tasks.o(i.vTaskPlaceOnEventListRestricted)
    i.vTaskPriorityInherit                   0x08001ff0   Section        0  tasks.o(i.vTaskPriorityInherit)
    i.vTaskSetTimeOutState                   0x080020a0   Section        0  tasks.o(i.vTaskSetTimeOutState)
    i.vTaskStartScheduler                    0x08002110   Section        0  tasks.o(i.vTaskStartScheduler)
    i.vTaskSuspendAll                        0x080021e0   Section        0  tasks.o(i.vTaskSuspendAll)
    i.vTaskSwitchContext                     0x080021f0   Section        0  tasks.o(i.vTaskSwitchContext)
    i.xPortStartScheduler                    0x080022bc   Section        0  port.o(i.xPortStartScheduler)
    i.xPortSysTickHandler                    0x080023f0   Section        0  port.o(i.xPortSysTickHandler)
    i.xQueueGenericCreate                    0x08002424   Section        0  queue.o(i.xQueueGenericCreate)
    i.xQueueGenericReceive                   0x080024bc   Section        0  queue.o(i.xQueueGenericReceive)
    i.xQueueGenericReset                     0x080026a8   Section        0  queue.o(i.xQueueGenericReset)
    i.xQueueGenericSend                      0x0800277c   Section        0  queue.o(i.xQueueGenericSend)
    i.xQueueGenericSendFromISR               0x08002964   Section        0  queue.o(i.xQueueGenericSendFromISR)
    i.xTaskCheckForTimeOut                   0x08002a98   Section        0  tasks.o(i.xTaskCheckForTimeOut)
    i.xTaskCreate                            0x08002b5c   Section        0  tasks.o(i.xTaskCreate)
    i.xTaskGetSchedulerState                 0x08002bbc   Section        0  tasks.o(i.xTaskGetSchedulerState)
    i.xTaskGetTickCount                      0x08002bdc   Section        0  tasks.o(i.xTaskGetTickCount)
    i.xTaskIncrementTick                     0x08002be8   Section        0  tasks.o(i.xTaskIncrementTick)
    i.xTaskPriorityDisinherit                0x08002d70   Section        0  tasks.o(i.xTaskPriorityDisinherit)
    i.xTaskRemoveFromEventList               0x08002e6c   Section        0  tasks.o(i.xTaskRemoveFromEventList)
    i.xTaskResumeAll                         0x08002f44   Section        0  tasks.o(i.xTaskResumeAll)
    i.xTimerCreateTimerTask                  0x08003088   Section        0  timers.o(i.xTimerCreateTimerTask)
    i.xTimerGenericCommand                   0x0800311c   Section        0  timers.o(i.xTimerGenericCommand)
    x$fpl$fpinit                             0x080031e0   Section       10  fpinit.o(x$fpl$fpinit)
    $v0                                      0x080031e0   Number         0  fpinit.o(x$fpl$fpinit)
    .conststring                             0x080031ec   Section       72  heap_4.o(.conststring)
    .conststring                             0x08003234   Section       76  port.o(.conststring)
    .data                                    0x20000000   Section       20  system_stm32f4xx.o(.data)
    .data                                    0x20000014   Section        4  retarget.o(.data)
    .data                                    0x20000018   Section       16  stm32f4xx_rcc.o(.data)
    APBAHBPrescTable                         0x20000018   Data          16  stm32f4xx_rcc.o(.data)
    .data                                    0x20000028   Section       60  tasks.o(.data)
    pxDelayedTaskList                        0x2000002c   Data           4  tasks.o(.data)
    pxOverflowDelayedTaskList                0x20000030   Data           4  tasks.o(.data)
    uxDeletedTasksWaitingCleanUp             0x20000034   Data           4  tasks.o(.data)
    uxCurrentNumberOfTasks                   0x20000038   Data           4  tasks.o(.data)
    xTickCount                               0x2000003c   Data           4  tasks.o(.data)
    uxTopReadyPriority                       0x20000040   Data           4  tasks.o(.data)
    xSchedulerRunning                        0x20000044   Data           4  tasks.o(.data)
    uxPendedTicks                            0x20000048   Data           4  tasks.o(.data)
    xYieldPending                            0x2000004c   Data           4  tasks.o(.data)
    xNumOfOverflows                          0x20000050   Data           4  tasks.o(.data)
    uxTaskNumber                             0x20000054   Data           4  tasks.o(.data)
    xNextTaskUnblockTime                     0x20000058   Data           4  tasks.o(.data)
    xIdleTaskHandle                          0x2000005c   Data           4  tasks.o(.data)
    uxSchedulerSuspended                     0x20000060   Data           4  tasks.o(.data)
    .data                                    0x20000064   Section       20  timers.o(.data)
    pxCurrentTimerList                       0x20000064   Data           4  timers.o(.data)
    pxOverflowTimerList                      0x20000068   Data           4  timers.o(.data)
    xTimerQueue                              0x2000006c   Data           4  timers.o(.data)
    xTimerTaskHandle                         0x20000070   Data           4  timers.o(.data)
    xLastTime                                0x20000074   Data           4  timers.o(.data)
    .data                                    0x20000078   Section       24  heap_4.o(.data)
    xStart                                   0x20000078   Data           8  heap_4.o(.data)
    pxEnd                                    0x20000080   Data           4  heap_4.o(.data)
    xFreeBytesRemaining                      0x20000084   Data           4  heap_4.o(.data)
    xMinimumEverFreeBytesRemaining           0x20000088   Data           4  heap_4.o(.data)
    xBlockAllocatedBit                       0x2000008c   Data           4  heap_4.o(.data)
    .data                                    0x20000090   Section       12  port.o(.data)
    uxCriticalNesting                        0x20000090   Data           4  port.o(.data)
    ucMaxSysCallPriority                     0x20000094   Data           1  port.o(.data)
    ulMaxPRIGROUPValue                       0x20000098   Data           4  port.o(.data)
    .data                                    0x2000009c   Section        8  app_hello.o(.data)
    .bss                                     0x200000a4   Section       64  queue.o(.bss)
    .bss                                     0x200000e4   Section      200  tasks.o(.bss)
    pxReadyTasksLists                        0x200000e4   Data         100  tasks.o(.bss)
    xDelayedTaskList1                        0x20000148   Data          20  tasks.o(.bss)
    xDelayedTaskList2                        0x2000015c   Data          20  tasks.o(.bss)
    xPendingReadyList                        0x20000170   Data          20  tasks.o(.bss)
    xTasksWaitingTermination                 0x20000184   Data          20  tasks.o(.bss)
    xSuspendedTaskList                       0x20000198   Data          20  tasks.o(.bss)
    .bss                                     0x200001ac   Section       40  timers.o(.bss)
    xActiveTimerList1                        0x200001ac   Data          20  timers.o(.bss)
    xActiveTimerList2                        0x200001c0   Data          20  timers.o(.bss)
    .bss                                     0x200001d4   Section    76800  heap_4.o(.bss)
    ucHeap                                   0x200001d4   Data       76800  heap_4.o(.bss)
    .bss                                     0x20012dd4   Section       96  libspace.o(.bss)
    HEAP                                     0x20012e38   Section        0  startup_stm32f40_41xxx.o(HEAP)
    STACK                                    0x20012e38   Section     1024  startup_stm32f40_41xxx.o(STACK)
    Heap_Mem                                 0x20012e38   Data           0  startup_stm32f40_41xxx.o(HEAP)
    Stack_Mem                                0x20012e38   Data        1024  startup_stm32f40_41xxx.o(STACK)
    __initial_sp                             0x20013238   Data           0  startup_stm32f40_41xxx.o(STACK)

    Global Symbols

    Symbol Name                              Value     Ov Type        Size  Object(Section)

    BuildAttributes$$THM_ISAv4$E$P$D$K$B$S$7EM$VFPi3$EXTD16$VFPS$VFMA$PE$A:L22UL41UL21$X:L11$S22US41US21$IEEE1$IW$USESV6$~STKCKD$USESV7$~SHL$OSPACE$ROPI$EBA8$UX$STANDARDLIB$REQ8$PRES8$EABIv2 0x00000000   Number         0  anon$$obj.o ABSOLUTE
    __ARM_use_no_argv                        0x00000000   Number         0  main.o ABSOLUTE
    __ARM_exceptions_init                     - Undefined Weak Reference
    __alloca_initialize                       - Undefined Weak Reference
    __arm_fini_                               - Undefined Weak Reference
    __arm_preinit_                            - Undefined Weak Reference
    __cpp_initialize__aeabi_                  - Undefined Weak Reference
    __cxa_finalize                            - Undefined Weak Reference
    __rt_locale                               - Undefined Weak Reference
    __sigvec_lookup                           - Undefined Weak Reference
    _atexit_init                              - Undefined Weak Reference
    _call_atexit_fns                          - Undefined Weak Reference
    _clock_init                               - Undefined Weak Reference
    _fp_trap_init                             - Undefined Weak Reference
    _fp_trap_shutdown                         - Undefined Weak Reference
    _get_lc_collate                           - Undefined Weak Reference
    _get_lc_ctype                             - Undefined Weak Reference
    _get_lc_monetary                          - Undefined Weak Reference
    _get_lc_numeric                           - Undefined Weak Reference
    _get_lc_time                              - Undefined Weak Reference
    _getenv_init                              - Undefined Weak Reference
    _handle_redirection                       - Undefined Weak Reference
    _init_alloc                               - Undefined Weak Reference
    _init_user_alloc                          - Undefined Weak Reference
    _initio                                   - Undefined Weak Reference
    _mutex_acquire                            - Undefined Weak Reference
    _mutex_release                            - Undefined Weak Reference
    _printf_mbtowc                            - Undefined Weak Reference
    _printf_post_padding                      - Undefined Weak Reference
    _printf_pre_padding                       - Undefined Weak Reference
    _printf_truncate_signed                   - Undefined Weak Reference
    _printf_truncate_unsigned                 - Undefined Weak Reference
    _rand_init                                - Undefined Weak Reference
    _signal_finish                            - Undefined Weak Reference
    _signal_init                              - Undefined Weak Reference
    _terminate_alloc                          - Undefined Weak Reference
    _terminate_user_alloc                     - Undefined Weak Reference
    _terminateio                              - Undefined Weak Reference
    __Vectors_Size                           0x00000188   Number         0  startup_stm32f40_41xxx.o ABSOLUTE
    __Vectors                                0x08000000   Data           4  startup_stm32f40_41xxx.o(RESET)
    __Vectors_End                            0x08000188   Data           0  startup_stm32f40_41xxx.o(RESET)
    __main                                   0x08000189   Thumb Code     8  __main.o(!!!main)
    __scatterload                            0x08000191   Thumb Code     0  __scatter.o(!!!scatter)
    __scatterload_rt2                        0x08000191   Thumb Code    44  __scatter.o(!!!scatter)
    __scatterload_rt2_thumb_only             0x08000191   Thumb Code     0  __scatter.o(!!!scatter)
    __scatterload_null                       0x0800019f   Thumb Code     0  __scatter.o(!!!scatter)
    __scatterload_copy                       0x080001c5   Thumb Code    26  __scatter_copy.o(!!handler_copy)
    __scatterload_zeroinit                   0x080001e1   Thumb Code    28  __scatter_zi.o(!!handler_zi)
    _printf_d                                0x080001fd   Thumb Code     0  _printf_d.o(.ARM.Collect$$_printf_percent$$00000009)
    _printf_percent                          0x080001fd   Thumb Code     0  _printf_percent.o(.ARM.Collect$$_printf_percent$$00000000)
    _printf_s                                0x08000203   Thumb Code     0  _printf_s.o(.ARM.Collect$$_printf_percent$$00000014)
    _printf_percent_end                      0x08000209   Thumb Code     0  _printf_percent_end.o(.ARM.Collect$$_printf_percent$$00000017)
    __rt_lib_init                            0x0800020d   Thumb Code     0  libinit.o(.ARM.Collect$$libinit$$00000000)
    __rt_lib_init_fp_1                       0x0800020f   Thumb Code     0  libinit2.o(.ARM.Collect$$libinit$$00000001)
    __rt_lib_init_alloca_1                   0x08000213   Thumb Code     0  libinit2.o(.ARM.Collect$$libinit$$0000002E)
    __rt_lib_init_argv_1                     0x08000213   Thumb Code     0  libinit2.o(.ARM.Collect$$libinit$$0000002C)
    __rt_lib_init_atexit_1                   0x08000213   Thumb Code     0  libinit2.o(.ARM.Collect$$libinit$$0000001B)
    __rt_lib_init_clock_1                    0x08000213   Thumb Code     0  libinit2.o(.ARM.Collect$$libinit$$00000021)
    __rt_lib_init_cpp_1                      0x08000213   Thumb Code     0  libinit2.o(.ARM.Collect$$libinit$$00000032)
    __rt_lib_init_exceptions_1               0x08000213   Thumb Code     0  libinit2.o(.ARM.Collect$$libinit$$00000030)
    __rt_lib_init_fp_trap_1                  0x08000213   Thumb Code     0  libinit2.o(.ARM.Collect$$libinit$$0000001F)
    __rt_lib_init_getenv_1                   0x08000213   Thumb Code     0  libinit2.o(.ARM.Collect$$libinit$$00000023)
    __rt_lib_init_heap_1                     0x08000213   Thumb Code     0  libinit2.o(.ARM.Collect$$libinit$$0000000A)
    __rt_lib_init_lc_collate_1               0x08000213   Thumb Code     0  libinit2.o(.ARM.Collect$$libinit$$00000011)
    __rt_lib_init_lc_ctype_1                 0x08000213   Thumb Code     0  libinit2.o(.ARM.Collect$$libinit$$00000013)
    __rt_lib_init_lc_monetary_1              0x08000213   Thumb Code     0  libinit2.o(.ARM.Collect$$libinit$$00000015)
    __rt_lib_init_lc_numeric_1               0x08000213   Thumb Code     0  libinit2.o(.ARM.Collect$$libinit$$00000017)
    __rt_lib_init_lc_time_1                  0x08000213   Thumb Code     0  libinit2.o(.ARM.Collect$$libinit$$00000019)
    __rt_lib_init_preinit_1                  0x08000213   Thumb Code     0  libinit2.o(.ARM.Collect$$libinit$$00000004)
    __rt_lib_init_rand_1                     0x08000213   Thumb Code     0  libinit2.o(.ARM.Collect$$libinit$$0000000E)
    __rt_lib_init_return                     0x08000213   Thumb Code     0  libinit2.o(.ARM.Collect$$libinit$$00000033)
    __rt_lib_init_signal_1                   0x08000213   Thumb Code     0  libinit2.o(.ARM.Collect$$libinit$$0000001D)
    __rt_lib_init_stdio_1                    0x08000213   Thumb Code     0  libinit2.o(.ARM.Collect$$libinit$$00000025)
    __rt_lib_init_user_alloc_1               0x08000213   Thumb Code     0  libinit2.o(.ARM.Collect$$libinit$$0000000C)
    __rt_lib_shutdown                        0x08000215   Thumb Code     0  libshutdown.o(.ARM.Collect$$libshutdown$$00000000)
    __rt_lib_shutdown_cpp_1                  0x08000217   Thumb Code     0  libshutdown2.o(.ARM.Collect$$libshutdown$$00000004)
    __rt_lib_shutdown_fini_1                 0x08000217   Thumb Code     0  libshutdown2.o(.ARM.Collect$$libshutdown$$00000002)
    __rt_lib_shutdown_fp_trap_1              0x08000217   Thumb Code     0  libshutdown2.o(.ARM.Collect$$libshutdown$$00000009)
    __rt_lib_shutdown_heap_1                 0x08000217   Thumb Code     0  libshutdown2.o(.ARM.Collect$$libshutdown$$00000011)
    __rt_lib_shutdown_return                 0x08000217   Thumb Code     0  libshutdown2.o(.ARM.Collect$$libshutdown$$00000012)
    __rt_lib_shutdown_signal_1               0x08000217   Thumb Code     0  libshutdown2.o(.ARM.Collect$$libshutdown$$0000000C)
    __rt_lib_shutdown_stdio_1                0x08000217   Thumb Code     0  libshutdown2.o(.ARM.Collect$$libshutdown$$00000006)
    __rt_lib_shutdown_user_alloc_1           0x08000217   Thumb Code     0  libshutdown2.o(.ARM.Collect$$libshutdown$$0000000E)
    __rt_entry                               0x08000219   Thumb Code     0  __rtentry.o(.ARM.Collect$$rtentry$$00000000)
    __rt_entry_presh_1                       0x08000219   Thumb Code     0  __rtentry2.o(.ARM.Collect$$rtentry$$00000002)
    __rt_entry_sh                            0x08000219   Thumb Code     0  __rtentry4.o(.ARM.Collect$$rtentry$$00000004)
    __rt_entry_li                            0x0800021f   Thumb Code     0  __rtentry2.o(.ARM.Collect$$rtentry$$0000000A)
    __rt_entry_postsh_1                      0x0800021f   Thumb Code     0  __rtentry2.o(.ARM.Collect$$rtentry$$00000009)
    __rt_entry_main                          0x08000223   Thumb Code     0  __rtentry2.o(.ARM.Collect$$rtentry$$0000000D)
    __rt_entry_postli_1                      0x08000223   Thumb Code     0  __rtentry2.o(.ARM.Collect$$rtentry$$0000000C)
    __rt_exit                                0x0800022b   Thumb Code     0  rtexit.o(.ARM.Collect$$rtexit$$00000000)
    __rt_exit_ls                             0x0800022d   Thumb Code     0  rtexit2.o(.ARM.Collect$$rtexit$$00000003)
    __rt_exit_prels_1                        0x0800022d   Thumb Code     0  rtexit2.o(.ARM.Collect$$rtexit$$00000002)
    __rt_exit_exit                           0x08000231   Thumb Code     0  rtexit2.o(.ARM.Collect$$rtexit$$00000004)
    SVC_Handler                              0x08000239   Thumb Code    28  port.o(.emb_text)
    __asm___6_port_c_39a90d8d__prvStartFirstTask 0x08000259   Thumb Code    28  port.o(.emb_text)
    __asm___6_port_c_39a90d8d__prvEnableVFP  0x08000279   Thumb Code    16  port.o(.emb_text)
    PendSV_Handler                           0x0800028d   Thumb Code    88  port.o(.emb_text)
    vPortGetIPSR                             0x080002e9   Thumb Code     6  port.o(.emb_text)
    Reset_Handler                            0x080002f1   Thumb Code    18  startup_stm32f40_41xxx.o(.text)
    ADC_IRQHandler                           0x08000315   Thumb Code     0  startup_stm32f40_41xxx.o(.text)
    CAN1_RX0_IRQHandler                      0x08000315   Thumb Code     0  startup_stm32f40_41xxx.o(.text)
    CAN1_RX1_IRQHandler                      0x08000315   Thumb Code     0  startup_stm32f40_41xxx.o(.text)
    CAN1_SCE_IRQHandler                      0x08000315   Thumb Code     0  startup_stm32f40_41xxx.o(.text)
    CAN1_TX_IRQHandler                       0x08000315   Thumb Code     0  startup_stm32f40_41xxx.o(.text)
    CAN2_RX0_IRQHandler                      0x08000315   Thumb Code     0  startup_stm32f40_41xxx.o(.text)
    CAN2_RX1_IRQHandler                      0x08000315   Thumb Code     0  startup_stm32f40_41xxx.o(.text)
    CAN2_SCE_IRQHandler                      0x08000315   Thumb Code     0  startup_stm32f40_41xxx.o(.text)
    CAN2_TX_IRQHandler                       0x08000315   Thumb Code     0  startup_stm32f40_41xxx.o(.text)
    CRYP_IRQHandler                          0x08000315   Thumb Code     0  startup_stm32f40_41xxx.o(.text)
    DCMI_IRQHandler                          0x08000315   Thumb Code     0  startup_stm32f40_41xxx.o(.text)
    DMA1_Stream0_IRQHandler                  0x08000315   Thumb Code     0  startup_stm32f40_41xxx.o(.text)
    DMA1_Stream1_IRQHandler                  0x08000315   Thumb Code     0  startup_stm32f40_41xxx.o(.text)
    DMA1_Stream2_IRQHandler                  0x08000315   Thumb Code     0  startup_stm32f40_41xxx.o(.text)
    DMA1_Stream3_IRQHandler                  0x08000315   Thumb Code     0  startup_stm32f40_41xxx.o(.text)
    DMA1_Stream4_IRQHandler                  0x08000315   Thumb Code     0  startup_stm32f40_41xxx.o(.text)
    DMA1_Stream5_IRQHandler                  0x08000315   Thumb Code     0  startup_stm32f40_41xxx.o(.text)
    DMA1_Stream6_IRQHandler                  0x08000315   Thumb Code     0  startup_stm32f40_41xxx.o(.text)
    DMA1_Stream7_IRQHandler                  0x08000315   Thumb Code     0  startup_stm32f40_41xxx.o(.text)
    DMA2_Stream0_IRQHandler                  0x08000315   Thumb Code     0  startup_stm32f40_41xxx.o(.text)
    DMA2_Stream1_IRQHandler                  0x08000315   Thumb Code     0  startup_stm32f40_41xxx.o(.text)
    DMA2_Stream2_IRQHandler                  0x08000315   Thumb Code     0  startup_stm32f40_41xxx.o(.text)
    DMA2_Stream3_IRQHandler                  0x08000315   Thumb Code     0  startup_stm32f40_41xxx.o(.text)
    DMA2_Stream4_IRQHandler                  0x08000315   Thumb Code     0  startup_stm32f40_41xxx.o(.text)
    DMA2_Stream5_IRQHandler                  0x08000315   Thumb Code     0  startup_stm32f40_41xxx.o(.text)
    DMA2_Stream6_IRQHandler                  0x08000315   Thumb Code     0  startup_stm32f40_41xxx.o(.text)
    DMA2_Stream7_IRQHandler                  0x08000315   Thumb Code     0  startup_stm32f40_41xxx.o(.text)
    ETH_IRQHandler                           0x08000315   Thumb Code     0  startup_stm32f40_41xxx.o(.text)
    ETH_WKUP_IRQHandler                      0x08000315   Thumb Code     0  startup_stm32f40_41xxx.o(.text)
    EXTI0_IRQHandler                         0x08000315   Thumb Code     0  startup_stm32f40_41xxx.o(.text)
    EXTI15_10_IRQHandler                     0x08000315   Thumb Code     0  startup_stm32f40_41xxx.o(.text)
    EXTI1_IRQHandler                         0x08000315   Thumb Code     0  startup_stm32f40_41xxx.o(.text)
    EXTI2_IRQHandler                         0x08000315   Thumb Code     0  startup_stm32f40_41xxx.o(.text)
    EXTI3_IRQHandler                         0x08000315   Thumb Code     0  startup_stm32f40_41xxx.o(.text)
    EXTI4_IRQHandler                         0x08000315   Thumb Code     0  startup_stm32f40_41xxx.o(.text)
    EXTI9_5_IRQHandler                       0x08000315   Thumb Code     0  startup_stm32f40_41xxx.o(.text)
    FLASH_IRQHandler                         0x08000315   Thumb Code     0  startup_stm32f40_41xxx.o(.text)
    FPU_IRQHandler                           0x08000315   Thumb Code     0  startup_stm32f40_41xxx.o(.text)
    FSMC_IRQHandler                          0x08000315   Thumb Code     0  startup_stm32f40_41xxx.o(.text)
    HASH_RNG_IRQHandler                      0x08000315   Thumb Code     0  startup_stm32f40_41xxx.o(.text)
    I2C1_ER_IRQHandler                       0x08000315   Thumb Code     0  startup_stm32f40_41xxx.o(.text)
    I2C1_EV_IRQHandler                       0x08000315   Thumb Code     0  startup_stm32f40_41xxx.o(.text)
    I2C2_ER_IRQHandler                       0x08000315   Thumb Code     0  startup_stm32f40_41xxx.o(.text)
    I2C2_EV_IRQHandler                       0x08000315   Thumb Code     0  startup_stm32f40_41xxx.o(.text)
    I2C3_ER_IRQHandler                       0x08000315   Thumb Code     0  startup_stm32f40_41xxx.o(.text)
    I2C3_EV_IRQHandler                       0x08000315   Thumb Code     0  startup_stm32f40_41xxx.o(.text)
    OTG_FS_IRQHandler                        0x08000315   Thumb Code     0  startup_stm32f40_41xxx.o(.text)
    OTG_FS_WKUP_IRQHandler                   0x08000315   Thumb Code     0  startup_stm32f40_41xxx.o(.text)
    OTG_HS_EP1_IN_IRQHandler                 0x08000315   Thumb Code     0  startup_stm32f40_41xxx.o(.text)
    OTG_HS_EP1_OUT_IRQHandler                0x08000315   Thumb Code     0  startup_stm32f40_41xxx.o(.text)
    OTG_HS_IRQHandler                        0x08000315   Thumb Code     0  startup_stm32f40_41xxx.o(.text)
    OTG_HS_WKUP_IRQHandler                   0x08000315   Thumb Code     0  startup_stm32f40_41xxx.o(.text)
    PVD_IRQHandler                           0x08000315   Thumb Code     0  startup_stm32f40_41xxx.o(.text)
    RCC_IRQHandler                           0x08000315   Thumb Code     0  startup_stm32f40_41xxx.o(.text)
    RTC_Alarm_IRQHandler                     0x08000315   Thumb Code     0  startup_stm32f40_41xxx.o(.text)
    RTC_WKUP_IRQHandler                      0x08000315   Thumb Code     0  startup_stm32f40_41xxx.o(.text)
    SDIO_IRQHandler                          0x08000315   Thumb Code     0  startup_stm32f40_41xxx.o(.text)
    SPI1_IRQHandler                          0x08000315   Thumb Code     0  startup_stm32f40_41xxx.o(.text)
    SPI2_IRQHandler                          0x08000315   Thumb Code     0  startup_stm32f40_41xxx.o(.text)
    SPI3_IRQHandler                          0x08000315   Thumb Code     0  startup_stm32f40_41xxx.o(.text)
    TAMP_STAMP_IRQHandler                    0x08000315   Thumb Code     0  startup_stm32f40_41xxx.o(.text)
    TIM10_IRQHandler                         0x08000315   Thumb Code     0  startup_stm32f40_41xxx.o(.text)
    TIM1_BRK_TIM9_IRQHandler                 0x08000315   Thumb Code     0  startup_stm32f40_41xxx.o(.text)
    TIM1_CC_IRQHandler                       0x08000315   Thumb Code     0  startup_stm32f40_41xxx.o(.text)
    TIM1_TRG_COM_TIM11_IRQHandler            0x08000315   Thumb Code     0  startup_stm32f40_41xxx.o(.text)
    TIM1_UP_TIM10_IRQHandler                 0x08000315   Thumb Code     0  startup_stm32f40_41xxx.o(.text)
    TIM2_IRQHandler                          0x08000315   Thumb Code     0  startup_stm32f40_41xxx.o(.text)
    TIM3_IRQHandler                          0x08000315   Thumb Code     0  startup_stm32f40_41xxx.o(.text)
    TIM4_IRQHandler                          0x08000315   Thumb Code     0  startup_stm32f40_41xxx.o(.text)
    TIM5_IRQHandler                          0x08000315   Thumb Code     0  startup_stm32f40_41xxx.o(.text)
    TIM6_DAC_IRQHandler                      0x08000315   Thumb Code     0  startup_stm32f40_41xxx.o(.text)
    TIM7_IRQHandler                          0x08000315   Thumb Code     0  startup_stm32f40_41xxx.o(.text)
    TIM8_BRK_TIM12_IRQHandler                0x08000315   Thumb Code     0  startup_stm32f40_41xxx.o(.text)
    TIM8_CC_IRQHandler                       0x08000315   Thumb Code     0  startup_stm32f40_41xxx.o(.text)
    TIM8_TRG_COM_TIM14_IRQHandler            0x08000315   Thumb Code     0  startup_stm32f40_41xxx.o(.text)
    TIM8_UP_TIM13_IRQHandler                 0x08000315   Thumb Code     0  startup_stm32f40_41xxx.o(.text)
    UART4_IRQHandler                         0x08000315   Thumb Code     0  startup_stm32f40_41xxx.o(.text)
    UART5_IRQHandler                         0x08000315   Thumb Code     0  startup_stm32f40_41xxx.o(.text)
    USART1_IRQHandler                        0x08000315   Thumb Code     0  startup_stm32f40_41xxx.o(.text)
    USART2_IRQHandler                        0x08000315   Thumb Code     0  startup_stm32f40_41xxx.o(.text)
    USART3_IRQHandler                        0x08000315   Thumb Code     0  startup_stm32f40_41xxx.o(.text)
    USART6_IRQHandler                        0x08000315   Thumb Code     0  startup_stm32f40_41xxx.o(.text)
    WWDG_IRQHandler                          0x08000315   Thumb Code     0  startup_stm32f40_41xxx.o(.text)
    __user_initial_stackheap                 0x08000319   Thumb Code     0  startup_stm32f40_41xxx.o(.text)
    __use_no_semihosting                     0x0800033d   Thumb Code     2  use_no_semi_2.o(.text)
    __2printf                                0x08000341   Thumb Code    20  noretval__2printf.o(.text)
    __printf                                 0x08000359   Thumb Code   104  __printf.o(.text)
    _printf_str                              0x080003c1   Thumb Code    82  _printf_str.o(.text)
    _printf_int_dec                          0x08000415   Thumb Code   104  _printf_dec.o(.text)
    __aeabi_memcpy                           0x0800048d   Thumb Code     0  rt_memcpy_v6.o(.text)
    __rt_memcpy                              0x0800048d   Thumb Code   138  rt_memcpy_v6.o(.text)
    _memcpy_lastbytes                        0x080004f3   Thumb Code     0  rt_memcpy_v6.o(.text)
    __aeabi_memset                           0x08000517   Thumb Code    16  aeabi_memset.o(.text)
    __use_two_region_memory                  0x08000527   Thumb Code     2  heapauxi.o(.text)
    __rt_heap_escrow$2region                 0x08000529   Thumb Code     2  heapauxi.o(.text)
    __rt_heap_expand$2region                 0x0800052b   Thumb Code     2  heapauxi.o(.text)
    __I$use$semihosting                      0x0800052d   Thumb Code     0  use_no_semi.o(.text)
    __use_no_semihosting_swi                 0x0800052d   Thumb Code     2  use_no_semi.o(.text)
    _printf_int_common                       0x0800052f   Thumb Code   178  _printf_intcommon.o(.text)
    _printf_char_common                      0x080005eb   Thumb Code    32  _printf_char_common.o(.text)
    _printf_cs_common                        0x08000611   Thumb Code    20  _printf_char.o(.text)
    _printf_char                             0x08000625   Thumb Code    16  _printf_char.o(.text)
    _printf_string                           0x08000635   Thumb Code     8  _printf_char.o(.text)
    _printf_char_file                        0x0800063d   Thumb Code    32  _printf_char_file.o(.text)
    __aeabi_memcpy4                          0x08000661   Thumb Code     0  rt_memcpy_w.o(.text)
    __aeabi_memcpy8                          0x08000661   Thumb Code     0  rt_memcpy_w.o(.text)
    __rt_memcpy_w                            0x08000661   Thumb Code   100  rt_memcpy_w.o(.text)
    _memcpy_lastbytes_aligned                0x080006a9   Thumb Code     0  rt_memcpy_w.o(.text)
    __aeabi_memclr                           0x080006c5   Thumb Code     0  rt_memclr.o(.text)
    __rt_memclr                              0x080006c5   Thumb Code    68  rt_memclr.o(.text)
    _memset                                  0x080006c9   Thumb Code     0  rt_memclr.o(.text)
    ferror                                   0x08000709   Thumb Code     8  ferror.o(.text)
    __aeabi_memclr4                          0x08000711   Thumb Code     0  rt_memclr_w.o(.text)
    __aeabi_memclr8                          0x08000711   Thumb Code     0  rt_memclr_w.o(.text)
    __rt_memclr_w                            0x08000711   Thumb Code    78  rt_memclr_w.o(.text)
    _memset_w                                0x08000715   Thumb Code     0  rt_memclr_w.o(.text)
    __user_setup_stackheap                   0x0800075f   Thumb Code    74  sys_stackheap_outer.o(.text)
    exit                                     0x080007a9   Thumb Code    18  exit.o(.text)
    __user_libspace                          0x080007bd   Thumb Code     8  libspace.o(.text)
    __user_perproc_libspace                  0x080007bd   Thumb Code     0  libspace.o(.text)
    __user_perthread_libspace                0x080007bd   Thumb Code     0  libspace.o(.text)
    BSP_UART1_Init                           0x080007c5   Thumb Code   162  bsp_uart1.o(i.BSP_UART1_Init)
    BusFault_Handler                         0x08000871   Thumb Code     4  pad_stm32f4xx_it.o(i.BusFault_Handler)
    DebugMon_Handler                         0x08000875   Thumb Code     2  pad_stm32f4xx_it.o(i.DebugMon_Handler)
    GPIO_Init                                0x08000877   Thumb Code   144  stm32f4xx_gpio.o(i.GPIO_Init)
    GPIO_PinAFConfig                         0x08000907   Thumb Code    70  stm32f4xx_gpio.o(i.GPIO_PinAFConfig)
    HardFault_Handler                        0x0800094d   Thumb Code     4  pad_stm32f4xx_it.o(i.HardFault_Handler)
    MemManage_Handler                        0x08000951   Thumb Code     4  pad_stm32f4xx_it.o(i.MemManage_Handler)
    NMI_Handler                              0x08000955   Thumb Code     2  pad_stm32f4xx_it.o(i.NMI_Handler)
    NVIC_Init                                0x08000959   Thumb Code   106  misc.o(i.NVIC_Init)
    NVIC_PriorityGroupConfig                 0x080009d1   Thumb Code    10  misc.o(i.NVIC_PriorityGroupConfig)
    RCC_AHB1PeriphClockCmd                   0x080009e5   Thumb Code    26  stm32f4xx_rcc.o(i.RCC_AHB1PeriphClockCmd)
    RCC_APB2PeriphClockCmd                   0x08000a05   Thumb Code    26  stm32f4xx_rcc.o(i.RCC_APB2PeriphClockCmd)
    RCC_GetClocksFreq                        0x08000a25   Thumb Code   214  stm32f4xx_rcc.o(i.RCC_GetClocksFreq)
    SysTick_Handler                          0x08000bf9   Thumb Code    16  pad_stm32f4xx_it.o(i.SysTick_Handler)
    SystemInit                               0x08000c09   Thumb Code    88  system_stm32f4xx.o(i.SystemInit)
    USART_Cmd                                0x08000c71   Thumb Code    24  stm32f4xx_usart.o(i.USART_Cmd)
    USART_Init                               0x08000c89   Thumb Code   204  stm32f4xx_usart.o(i.USART_Init)
    UsageFault_Handler                       0x08000d5d   Thumb Code     4  pad_stm32f4xx_it.o(i.UsageFault_Handler)
    start_task(void*)                        0x08000d61   Thumb Code    34  app_hello.o(i._Z10start_taskPv)
    task1_task(void*)                        0x08000d99   Thumb Code    18  app_hello.o(i._Z10task1_taskPv)
    _sys_exit                                0x08000dc1   Thumb Code     4  retarget.o(i._sys_exit)
    app_hello_main                           0x08000dc5   Thumb Code    24  app_hello.o(i.app_hello_main)
    fputc                                    0x08000df1   Thumb Code    22  retarget.o(i.fputc)
    main                                     0x08000e0d   Thumb Code   104  main.o(i.main)
    pvPortMalloc                             0x080019f9   Thumb Code   262  heap_4.o(i.pvPortMalloc)
    pvTaskIncrementMutexHeldCount            0x08001b29   Thumb Code    26  tasks.o(i.pvTaskIncrementMutexHeldCount)
    pxPortInitialiseStack                    0x08001b49   Thumb Code    38  port.o(i.pxPortInitialiseStack)
    uxListRemove                             0x08001b75   Thumb Code    40  list.o(i.uxListRemove)
    vListInitialise                          0x08001b9d   Thumb Code    26  list.o(i.vListInitialise)
    vListInitialiseItem                      0x08001bb7   Thumb Code     6  list.o(i.vListInitialiseItem)
    vListInsert                              0x08001bbd   Thumb Code    52  list.o(i.vListInsert)
    vListInsertEnd                           0x08001bf1   Thumb Code    24  list.o(i.vListInsertEnd)
    vPortEnterCritical                       0x08001c09   Thumb Code    68  port.o(i.vPortEnterCritical)
    vPortExitCritical                        0x08001c69   Thumb Code    48  port.o(i.vPortExitCritical)
    vPortFree                                0x08001cb1   Thumb Code   120  heap_4.o(i.vPortFree)
    vPortSetupTimerInterrupt                 0x08001d45   Thumb Code    26  port.o(i.vPortSetupTimerInterrupt)
    vPortValidateInterruptPriority           0x08001d65   Thumb Code    86  port.o(i.vPortValidateInterruptPriority)
    vQueueAddToRegistry                      0x08001ddd   Thumb Code    38  queue.o(i.vQueueAddToRegistry)
    vQueueWaitForMessageRestricted           0x08001e09   Thumb Code    74  queue.o(i.vQueueWaitForMessageRestricted)
    vTaskDelay                               0x08001e55   Thumb Code    72  tasks.o(i.vTaskDelay)
    vTaskMissedYield                         0x08001eed   Thumb Code     8  tasks.o(i.vTaskMissedYield)
    vTaskPlaceOnEventList                    0x08001ef9   Thumb Code    42  tasks.o(i.vTaskPlaceOnEventList)
    vTaskPlaceOnEventListRestricted          0x08001f71   Thumb Code    50  tasks.o(i.vTaskPlaceOnEventListRestricted)
    vTaskPriorityInherit                     0x08001ff1   Thumb Code   164  tasks.o(i.vTaskPriorityInherit)
    vTaskSetTimeOutState                     0x080020a1   Thumb Code    32  tasks.o(i.vTaskSetTimeOutState)
    vTaskStartScheduler                      0x08002111   Thumb Code   108  tasks.o(i.vTaskStartScheduler)
    vTaskSuspendAll                          0x080021e1   Thumb Code    12  tasks.o(i.vTaskSuspendAll)
    vTaskSwitchContext                       0x080021f1   Thumb Code   110  tasks.o(i.vTaskSwitchContext)
    xPortStartScheduler                      0x080022bd   Thumb Code   258  port.o(i.xPortStartScheduler)
    xPortSysTickHandler                      0x080023f1   Thumb Code    46  port.o(i.xPortSysTickHandler)
    xQueueGenericCreate                      0x08002425   Thumb Code    78  queue.o(i.xQueueGenericCreate)
    xQueueGenericReceive                     0x080024bd   Thumb Code   416  queue.o(i.xQueueGenericReceive)
    xQueueGenericReset                       0x080026a9   Thumb Code   136  queue.o(i.xQueueGenericReset)
    xQueueGenericSend                        0x0800277d   Thumb Code   412  queue.o(i.xQueueGenericSend)
    xQueueGenericSendFromISR                 0x08002965   Thumb Code   234  queue.o(i.xQueueGenericSendFromISR)
    xTaskCheckForTimeOut                     0x08002a99   Thumb Code   116  tasks.o(i.xTaskCheckForTimeOut)
    xTaskCreate                              0x08002b5d   Thumb Code    96  tasks.o(i.xTaskCreate)
    xTaskGetSchedulerState                   0x08002bbd   Thumb Code    24  tasks.o(i.xTaskGetSchedulerState)
    xTaskGetTickCount                        0x08002bdd   Thumb Code     6  tasks.o(i.xTaskGetTickCount)
    xTaskIncrementTick                       0x08002be9   Thumb Code   274  tasks.o(i.xTaskIncrementTick)
    xTaskPriorityDisinherit                  0x08002d71   Thumb Code   168  tasks.o(i.xTaskPriorityDisinherit)
    xTaskRemoveFromEventList                 0x08002e6d   Thumb Code   118  tasks.o(i.xTaskRemoveFromEventList)
    xTaskResumeAll                           0x08002f45   Thumb Code   214  tasks.o(i.xTaskResumeAll)
    xTimerCreateTimerTask                    0x08003089   Thumb Code    56  timers.o(i.xTimerCreateTimerTask)
    xTimerGenericCommand                     0x0800311d   Thumb Code   118  timers.o(i.xTimerGenericCommand)
    _fp_init                                 0x080031e1   Thumb Code    10  fpinit.o(x$fpl$fpinit)
    __fplib_config_fpu_vfp                   0x080031e9   Thumb Code     0  fpinit.o(x$fpl$fpinit)
    __fplib_config_pureend_doubles           0x080031e9   Thumb Code     0  fpinit.o(x$fpl$fpinit)
    Region$$Table$$Base                      0x08003280   Number         0  anon$$obj.o(Region$$Table)
    Region$$Table$$Limit                     0x080032a0   Number         0  anon$$obj.o(Region$$Table)
    SystemCoreClock                          0x20000000   Data           4  system_stm32f4xx.o(.data)
    AHBPrescTable                            0x20000004   Data          16  system_stm32f4xx.o(.data)
    __stdout                                 0x20000014   Data           4  retarget.o(.data)
    pxCurrentTCB                             0x20000028   Data           4  tasks.o(.data)
    StartTask_Handler                        0x2000009c   Data           4  app_hello.o(.data)
    Task1Task_Handler                        0x200000a0   Data           4  app_hello.o(.data)
    xQueueRegistry                           0x200000a4   Data          64  queue.o(.bss)
    __libspace_start                         0x20012dd4   Data          96  libspace.o(.bss)
    __temporary_stack_top$libspace           0x20012e34   Data           0  libspace.o(.bss)



==============================================================================

Memory Map of the image

  Image Entry point : 0x08000189

  Load Region LR_IROM1 (Base: 0x08000000, Size: 0x00003344, Max: 0x00100000, ABSOLUTE)

    Execution Region ER_IROM1 (Exec base: 0x08000000, Load base: 0x08000000, Size: 0x000032a0, Max: 0x00100000, ABSOLUTE)

    Exec Addr    Load Addr    Size         Type   Attr      Idx    E Section Name        Object

    0x08000000   0x08000000   0x00000188   Data   RO          143    RESET               startup_stm32f40_41xxx.o
    0x08000188   0x08000188   0x00000008   Code   RO         6137  * !!!main             c_w.l(__main.o)
    0x08000190   0x08000190   0x00000034   Code   RO         6317    !!!scatter          c_w.l(__scatter.o)
    0x080001c4   0x080001c4   0x0000001a   Code   RO         6319    !!handler_copy      c_w.l(__scatter_copy.o)
    0x080001de   0x080001de   0x00000002   PAD
    0x080001e0   0x080001e0   0x0000001c   Code   RO         6321    !!handler_zi        c_w.l(__scatter_zi.o)
    0x080001fc   0x080001fc   0x00000000   Code   RO         6126    .ARM.Collect$$_printf_percent$$00000000  c_w.l(_printf_percent.o)
    0x080001fc   0x080001fc   0x00000006   Code   RO         6124    .ARM.Collect$$_printf_percent$$00000009  c_w.l(_printf_d.o)
    0x08000202   0x08000202   0x00000006   Code   RO         6123    .ARM.Collect$$_printf_percent$$00000014  c_w.l(_printf_s.o)
    0x08000208   0x08000208   0x00000004   Code   RO         6152    .ARM.Collect$$_printf_percent$$00000017  c_w.l(_printf_percent_end.o)
    0x0800020c   0x0800020c   0x00000002   Code   RO         6189    .ARM.Collect$$libinit$$00000000  c_w.l(libinit.o)
    0x0800020e   0x0800020e   0x00000004   Code   RO         6195    .ARM.Collect$$libinit$$00000001  c_w.l(libinit2.o)
    0x08000212   0x08000212   0x00000000   Code   RO         6198    .ARM.Collect$$libinit$$00000004  c_w.l(libinit2.o)
    0x08000212   0x08000212   0x00000000   Code   RO         6201    .ARM.Collect$$libinit$$0000000A  c_w.l(libinit2.o)
    0x08000212   0x08000212   0x00000000   Code   RO         6203    .ARM.Collect$$libinit$$0000000C  c_w.l(libinit2.o)
    0x08000212   0x08000212   0x00000000   Code   RO         6205    .ARM.Collect$$libinit$$0000000E  c_w.l(libinit2.o)
    0x08000212   0x08000212   0x00000000   Code   RO         6208    .ARM.Collect$$libinit$$00000011  c_w.l(libinit2.o)
    0x08000212   0x08000212   0x00000000   Code   RO         6210    .ARM.Collect$$libinit$$00000013  c_w.l(libinit2.o)
    0x08000212   0x08000212   0x00000000   Code   RO         6212    .ARM.Collect$$libinit$$00000015  c_w.l(libinit2.o)
    0x08000212   0x08000212   0x00000000   Code   RO         6214    .ARM.Collect$$libinit$$00000017  c_w.l(libinit2.o)
    0x08000212   0x08000212   0x00000000   Code   RO         6216    .ARM.Collect$$libinit$$00000019  c_w.l(libinit2.o)
    0x08000212   0x08000212   0x00000000   Code   RO         6218    .ARM.Collect$$libinit$$0000001B  c_w.l(libinit2.o)
    0x08000212   0x08000212   0x00000000   Code   RO         6220    .ARM.Collect$$libinit$$0000001D  c_w.l(libinit2.o)
    0x08000212   0x08000212   0x00000000   Code   RO         6222    .ARM.Collect$$libinit$$0000001F  c_w.l(libinit2.o)
    0x08000212   0x08000212   0x00000000   Code   RO         6224    .ARM.Collect$$libinit$$00000021  c_w.l(libinit2.o)
    0x08000212   0x08000212   0x00000000   Code   RO         6226    .ARM.Collect$$libinit$$00000023  c_w.l(libinit2.o)
    0x08000212   0x08000212   0x00000000   Code   RO         6228    .ARM.Collect$$libinit$$00000025  c_w.l(libinit2.o)
    0x08000212   0x08000212   0x00000000   Code   RO         6232    .ARM.Collect$$libinit$$0000002C  c_w.l(libinit2.o)
    0x08000212   0x08000212   0x00000000   Code   RO         6234    .ARM.Collect$$libinit$$0000002E  c_w.l(libinit2.o)
    0x08000212   0x08000212   0x00000000   Code   RO         6236    .ARM.Collect$$libinit$$00000030  c_w.l(libinit2.o)
    0x08000212   0x08000212   0x00000000   Code   RO         6238    .ARM.Collect$$libinit$$00000032  c_w.l(libinit2.o)
    0x08000212   0x08000212   0x00000002   Code   RO         6239    .ARM.Collect$$libinit$$00000033  c_w.l(libinit2.o)
    0x08000214   0x08000214   0x00000002   Code   RO         6257    .ARM.Collect$$libshutdown$$00000000  c_w.l(libshutdown.o)
    0x08000216   0x08000216   0x00000000   Code   RO         6267    .ARM.Collect$$libshutdown$$00000002  c_w.l(libshutdown2.o)
    0x08000216   0x08000216   0x00000000   Code   RO         6269    .ARM.Collect$$libshutdown$$00000004  c_w.l(libshutdown2.o)
    0x08000216   0x08000216   0x00000000   Code   RO         6271    .ARM.Collect$$libshutdown$$00000006  c_w.l(libshutdown2.o)
    0x08000216   0x08000216   0x00000000   Code   RO         6274    .ARM.Collect$$libshutdown$$00000009  c_w.l(libshutdown2.o)
    0x08000216   0x08000216   0x00000000   Code   RO         6277    .ARM.Collect$$libshutdown$$0000000C  c_w.l(libshutdown2.o)
    0x08000216   0x08000216   0x00000000   Code   RO         6279    .ARM.Collect$$libshutdown$$0000000E  c_w.l(libshutdown2.o)
    0x08000216   0x08000216   0x00000000   Code   RO         6282    .ARM.Collect$$libshutdown$$00000011  c_w.l(libshutdown2.o)
    0x08000216   0x08000216   0x00000002   Code   RO         6283    .ARM.Collect$$libshutdown$$00000012  c_w.l(libshutdown2.o)
    0x08000218   0x08000218   0x00000000   Code   RO         6141    .ARM.Collect$$rtentry$$00000000  c_w.l(__rtentry.o)
    0x08000218   0x08000218   0x00000000   Code   RO         6158    .ARM.Collect$$rtentry$$00000002  c_w.l(__rtentry2.o)
    0x08000218   0x08000218   0x00000006   Code   RO         6170    .ARM.Collect$$rtentry$$00000004  c_w.l(__rtentry4.o)
    0x0800021e   0x0800021e   0x00000000   Code   RO         6160    .ARM.Collect$$rtentry$$00000009  c_w.l(__rtentry2.o)
    0x0800021e   0x0800021e   0x00000004   Code   RO         6161    .ARM.Collect$$rtentry$$0000000A  c_w.l(__rtentry2.o)
    0x08000222   0x08000222   0x00000000   Code   RO         6163    .ARM.Collect$$rtentry$$0000000C  c_w.l(__rtentry2.o)
    0x08000222   0x08000222   0x00000008   Code   RO         6164    .ARM.Collect$$rtentry$$0000000D  c_w.l(__rtentry2.o)
    0x0800022a   0x0800022a   0x00000002   Code   RO         6193    .ARM.Collect$$rtexit$$00000000  c_w.l(rtexit.o)
    0x0800022c   0x0800022c   0x00000000   Code   RO         6241    .ARM.Collect$$rtexit$$00000002  c_w.l(rtexit2.o)
    0x0800022c   0x0800022c   0x00000004   Code   RO         6242    .ARM.Collect$$rtexit$$00000003  c_w.l(rtexit2.o)
    0x08000230   0x08000230   0x00000006   Code   RO         6243    .ARM.Collect$$rtexit$$00000004  c_w.l(rtexit2.o)
    0x08000236   0x08000236   0x00000002   PAD
    0x08000238   0x08000238   0x000000b6   Code   RO         5938    .emb_text           port.o
    0x080002ee   0x080002ee   0x00000002   PAD
    0x080002f0   0x080002f0   0x0000004c   Code   RO          144    .text               startup_stm32f40_41xxx.o
    0x0800033c   0x0800033c   0x00000002   Code   RO         6086    .text               c_w.l(use_no_semi_2.o)
    0x0800033e   0x0800033e   0x00000002   PAD
    0x08000340   0x08000340   0x00000018   Code   RO         6092    .text               c_w.l(noretval__2printf.o)
    0x08000358   0x08000358   0x00000068   Code   RO         6096    .text               c_w.l(__printf.o)
    0x080003c0   0x080003c0   0x00000052   Code   RO         6098    .text               c_w.l(_printf_str.o)
    0x08000412   0x08000412   0x00000002   PAD
    0x08000414   0x08000414   0x00000078   Code   RO         6100    .text               c_w.l(_printf_dec.o)
    0x0800048c   0x0800048c   0x0000008a   Code   RO         6131    .text               c_w.l(rt_memcpy_v6.o)
    0x08000516   0x08000516   0x00000010   Code   RO         6133    .text               c_w.l(aeabi_memset.o)
    0x08000526   0x08000526   0x00000006   Code   RO         6135    .text               c_w.l(heapauxi.o)
    0x0800052c   0x0800052c   0x00000002   Code   RO         6139    .text               c_w.l(use_no_semi.o)
    0x0800052e   0x0800052e   0x000000b2   Code   RO         6142    .text               c_w.l(_printf_intcommon.o)
    0x080005e0   0x080005e0   0x00000030   Code   RO         6144    .text               c_w.l(_printf_char_common.o)
    0x08000610   0x08000610   0x0000002c   Code   RO         6148    .text               c_w.l(_printf_char.o)
    0x0800063c   0x0800063c   0x00000024   Code   RO         6150    .text               c_w.l(_printf_char_file.o)
    0x08000660   0x08000660   0x00000064   Code   RO         6153    .text               c_w.l(rt_memcpy_w.o)
    0x080006c4   0x080006c4   0x00000044   Code   RO         6155    .text               c_w.l(rt_memclr.o)
    0x08000708   0x08000708   0x00000008   Code   RO         6174    .text               c_w.l(ferror.o)
    0x08000710   0x08000710   0x0000004e   Code   RO         6178    .text               c_w.l(rt_memclr_w.o)
    0x0800075e   0x0800075e   0x0000004a   Code   RO         6180    .text               c_w.l(sys_stackheap_outer.o)
    0x080007a8   0x080007a8   0x00000012   Code   RO         6182    .text               c_w.l(exit.o)
    0x080007ba   0x080007ba   0x00000002   PAD
    0x080007bc   0x080007bc   0x00000008   Code   RO         6190    .text               c_w.l(libspace.o)
    0x080007c4   0x080007c4   0x000000ac   Code   RO         5027    i.BSP_UART1_Init    bsp_uart1.o
    0x08000870   0x08000870   0x00000004   Code   RO          148    i.BusFault_Handler  pad_stm32f4xx_it.o
    0x08000874   0x08000874   0x00000002   Code   RO          149    i.DebugMon_Handler  pad_stm32f4xx_it.o
    0x08000876   0x08000876   0x00000090   Code   RO         1993    i.GPIO_Init         stm32f4xx_gpio.o
    0x08000906   0x08000906   0x00000046   Code   RO         1994    i.GPIO_PinAFConfig  stm32f4xx_gpio.o
    0x0800094c   0x0800094c   0x00000004   Code   RO          150    i.HardFault_Handler  pad_stm32f4xx_it.o
    0x08000950   0x08000950   0x00000004   Code   RO          151    i.MemManage_Handler  pad_stm32f4xx_it.o
    0x08000954   0x08000954   0x00000002   Code   RO          152    i.NMI_Handler       pad_stm32f4xx_it.o
    0x08000956   0x08000956   0x00000002   PAD
    0x08000958   0x08000958   0x00000078   Code   RO          270    i.NVIC_Init         misc.o
    0x080009d0   0x080009d0   0x00000014   Code   RO          271    i.NVIC_PriorityGroupConfig  misc.o
    0x080009e4   0x080009e4   0x00000020   Code   RO         2857    i.RCC_AHB1PeriphClockCmd  stm32f4xx_rcc.o
    0x08000a04   0x08000a04   0x00000020   Code   RO         2869    i.RCC_APB2PeriphClockCmd  stm32f4xx_rcc.o
    0x08000a24   0x08000a24   0x000000e8   Code   RO         2878    i.RCC_GetClocksFreq  stm32f4xx_rcc.o
    0x08000b0c   0x08000b0c   0x000000ec   Code   RO            3    i.SetSysClock       system_stm32f4xx.o
    0x08000bf8   0x08000bf8   0x00000010   Code   RO          153    i.SysTick_Handler   pad_stm32f4xx_it.o
    0x08000c08   0x08000c08   0x00000068   Code   RO            5    i.SystemInit        system_stm32f4xx.o
    0x08000c70   0x08000c70   0x00000018   Code   RO         4754    i.USART_Cmd         stm32f4xx_usart.o
    0x08000c88   0x08000c88   0x000000d4   Code   RO         4761    i.USART_Init        stm32f4xx_usart.o
    0x08000d5c   0x08000d5c   0x00000004   Code   RO          154    i.UsageFault_Handler  pad_stm32f4xx_it.o
    0x08000d60   0x08000d60   0x00000038   Code   RO         6016    i._Z10start_taskPv  app_hello.o
    0x08000d98   0x08000d98   0x00000028   Code   RO         6017    i._Z10task1_taskPv  app_hello.o
    0x08000dc0   0x08000dc0   0x00000004   Code   RO          233    i._sys_exit         retarget.o
    0x08000dc4   0x08000dc4   0x0000002c   Code   RO         6018    i.app_hello_main    app_hello.o
    0x08000df0   0x08000df0   0x0000001c   Code   RO          234    i.fputc             retarget.o
    0x08000e0c   0x08000e0c   0x00000074   Code   RO         5056    i.main              main.o
    0x08000e80   0x08000e80   0x00000098   Code   RO         5389    i.prvAddCurrentTaskToDelayedList  tasks.o
    0x08000f18   0x08000f18   0x000000b8   Code   RO         5390    i.prvAddNewTaskToReadyList  tasks.o
    0x08000fd0   0x08000fd0   0x00000064   Code   RO         5758    i.prvCheckForValidListAndQueue  timers.o
    0x08001034   0x08001034   0x00000064   Code   RO         5391    i.prvCheckTasksWaitingTermination  tasks.o
    0x08001098   0x08001098   0x0000002a   Code   RO         5141    i.prvCopyDataFromQueue  queue.o
    0x080010c2   0x080010c2   0x0000007c   Code   RO         5142    i.prvCopyDataToQueue  queue.o
    0x0800113e   0x0800113e   0x00000012   Code   RO         5392    i.prvDeleteTCB      tasks.o
    0x08001150   0x08001150   0x00000028   Code   RO         5759    i.prvGetNextExpireTime  timers.o
    0x08001178   0x08001178   0x0000007c   Code   RO         5888    i.prvHeapInit       heap_4.o
    0x080011f4   0x080011f4   0x00000028   Code   RO         5393    i.prvIdleTask       tasks.o
    0x0800121c   0x0800121c   0x0000002e   Code   RO         5144    i.prvInitialiseNewQueue  queue.o
    0x0800124a   0x0800124a   0x00000002   PAD
    0x0800124c   0x0800124c   0x000000f4   Code   RO         5394    i.prvInitialiseNewTask  tasks.o
    0x08001340   0x08001340   0x00000068   Code   RO         5395    i.prvInitialiseTaskLists  tasks.o
    0x080013a8   0x080013a8   0x00000068   Code   RO         5889    i.prvInsertBlockIntoFreeList  heap_4.o
    0x08001410   0x08001410   0x00000058   Code   RO         5761    i.prvInsertTimerInActiveList  timers.o
    0x08001468   0x08001468   0x0000001a   Code   RO         5145    i.prvIsQueueEmpty   queue.o
    0x08001482   0x08001482   0x0000001e   Code   RO         5146    i.prvIsQueueFull    queue.o
    0x080014a0   0x080014a0   0x000000c4   Code   RO         5147    i.prvNotifyQueueSetContainer  queue.o
    0x08001564   0x08001564   0x000000a0   Code   RO         5762    i.prvProcessExpiredTimer  timers.o
    0x08001604   0x08001604   0x0000014c   Code   RO         5763    i.prvProcessReceivedCommands  timers.o
    0x08001750   0x08001750   0x00000074   Code   RO         5764    i.prvProcessTimerOrBlockTask  timers.o
    0x080017c4   0x080017c4   0x00000034   Code   RO         5397    i.prvResetNextTaskUnblockTime  tasks.o
    0x080017f8   0x080017f8   0x0000002c   Code   RO         5765    i.prvSampleTimeNow  timers.o
    0x08001824   0x08001824   0x000000dc   Code   RO         5766    i.prvSwitchTimerLists  timers.o
    0x08001900   0x08001900   0x0000004c   Code   RO         5939    i.prvTaskExitError  port.o
    0x0800194c   0x0800194c   0x0000001a   Code   RO         5767    i.prvTimerTask      timers.o
    0x08001966   0x08001966   0x00000092   Code   RO         5148    i.prvUnlockQueue    queue.o
    0x080019f8   0x080019f8   0x00000130   Code   RO         5890    i.pvPortMalloc      heap_4.o
    0x08001b28   0x08001b28   0x00000020   Code   RO         5401    i.pvTaskIncrementMutexHeldCount  tasks.o
    0x08001b48   0x08001b48   0x0000002c   Code   RO         5940    i.pxPortInitialiseStack  port.o
    0x08001b74   0x08001b74   0x00000028   Code   RO         5091    i.uxListRemove      list.o
    0x08001b9c   0x08001b9c   0x0000001a   Code   RO         5092    i.vListInitialise   list.o
    0x08001bb6   0x08001bb6   0x00000006   Code   RO         5093    i.vListInitialiseItem  list.o
    0x08001bbc   0x08001bbc   0x00000034   Code   RO         5094    i.vListInsert       list.o
    0x08001bf0   0x08001bf0   0x00000018   Code   RO         5095    i.vListInsertEnd    list.o
    0x08001c08   0x08001c08   0x00000060   Code   RO         5942    i.vPortEnterCritical  port.o
    0x08001c68   0x08001c68   0x00000048   Code   RO         5943    i.vPortExitCritical  port.o
    0x08001cb0   0x08001cb0   0x00000094   Code   RO         5891    i.vPortFree         heap_4.o
    0x08001d44   0x08001d44   0x00000020   Code   RO         5944    i.vPortSetupTimerInterrupt  port.o
    0x08001d64   0x08001d64   0x00000078   Code   RO         5945    i.vPortValidateInterruptPriority  port.o
    0x08001ddc   0x08001ddc   0x0000002c   Code   RO         5154    i.vQueueAddToRegistry  queue.o
    0x08001e08   0x08001e08   0x0000004a   Code   RO         5158    i.vQueueWaitForMessageRestricted  queue.o
    0x08001e52   0x08001e52   0x00000002   PAD
    0x08001e54   0x08001e54   0x00000098   Code   RO         5409    i.vTaskDelay        tasks.o
    0x08001eec   0x08001eec   0x0000000c   Code   RO         5415    i.vTaskMissedYield  tasks.o
    0x08001ef8   0x08001ef8   0x00000078   Code   RO         5417    i.vTaskPlaceOnEventList  tasks.o
    0x08001f70   0x08001f70   0x00000080   Code   RO         5418    i.vTaskPlaceOnEventListRestricted  tasks.o
    0x08001ff0   0x08001ff0   0x000000b0   Code   RO         5420    i.vTaskPriorityInherit  tasks.o
    0x080020a0   0x080020a0   0x00000070   Code   RO         5424    i.vTaskSetTimeOutState  tasks.o
    0x08002110   0x08002110   0x000000d0   Code   RO         5425    i.vTaskStartScheduler  tasks.o
    0x080021e0   0x080021e0   0x00000010   Code   RO         5427    i.vTaskSuspendAll   tasks.o
    0x080021f0   0x080021f0   0x000000cc   Code   RO         5428    i.vTaskSwitchContext  tasks.o
    0x080022bc   0x080022bc   0x00000134   Code   RO         5946    i.xPortStartScheduler  port.o
    0x080023f0   0x080023f0   0x00000034   Code   RO         5947    i.xPortSysTickHandler  port.o
    0x08002424   0x08002424   0x00000098   Code   RO         5163    i.xQueueGenericCreate  queue.o
    0x080024bc   0x080024bc   0x000001ec   Code   RO         5164    i.xQueueGenericReceive  queue.o
    0x080026a8   0x080026a8   0x000000d4   Code   RO         5165    i.xQueueGenericReset  queue.o
    0x0800277c   0x0800277c   0x000001e8   Code   RO         5166    i.xQueueGenericSend  queue.o
    0x08002964   0x08002964   0x00000134   Code   RO         5167    i.xQueueGenericSendFromISR  queue.o
    0x08002a98   0x08002a98   0x000000c4   Code   RO         5429    i.xTaskCheckForTimeOut  tasks.o
    0x08002b5c   0x08002b5c   0x00000060   Code   RO         5430    i.xTaskCreate       tasks.o
    0x08002bbc   0x08002bbc   0x00000020   Code   RO         5435    i.xTaskGetSchedulerState  tasks.o
    0x08002bdc   0x08002bdc   0x0000000c   Code   RO         5436    i.xTaskGetTickCount  tasks.o
    0x08002be8   0x08002be8   0x00000188   Code   RO         5438    i.xTaskIncrementTick  tasks.o
    0x08002d70   0x08002d70   0x000000fc   Code   RO         5441    i.xTaskPriorityDisinherit  tasks.o
    0x08002e6c   0x08002e6c   0x000000d8   Code   RO         5442    i.xTaskRemoveFromEventList  tasks.o
    0x08002f44   0x08002f44   0x00000144   Code   RO         5444    i.xTaskResumeAll    tasks.o
    0x08003088   0x08003088   0x00000094   Code   RO         5771    i.xTimerCreateTimerTask  timers.o
    0x0800311c   0x0800311c   0x000000c4   Code   RO         5772    i.xTimerGenericCommand  timers.o
    0x080031e0   0x080031e0   0x0000000a   Code   RO         6249    x$fpl$fpinit        fz_wm.l(fpinit.o)
    0x080031ea   0x080031ea   0x00000002   PAD
    0x080031ec   0x080031ec   0x00000048   Data   RO         5896    .conststring        heap_4.o
    0x08003234   0x08003234   0x0000004c   Data   RO         5948    .conststring        port.o
    0x08003280   0x08003280   0x00000020   Data   RO         6315    Region$$Table       anon$$obj.o


    Execution Region RW_IRAM1 (Exec base: 0x20000000, Load base: 0x080032a0, Size: 0x00013238, Max: 0x00020000, ABSOLUTE)

    Exec Addr    Load Addr    Size         Type   Attr      Idx    E Section Name        Object

    0x20000000   0x080032a0   0x00000014   Data   RW            6    .data               system_stm32f4xx.o
    0x20000014   0x080032b4   0x00000004   Data   RW          235    .data               retarget.o
    0x20000018   0x080032b8   0x00000010   Data   RW         2910    .data               stm32f4xx_rcc.o
    0x20000028   0x080032c8   0x0000003c   Data   RW         5447    .data               tasks.o
    0x20000064   0x08003304   0x00000014   Data   RW         5780    .data               timers.o
    0x20000078   0x08003318   0x00000018   Data   RW         5897    .data               heap_4.o
    0x20000090   0x08003330   0x0000000c   Data   RW         5949    .data               port.o
    0x2000009c   0x0800333c   0x00000008   Data   RW         6022    .data               app_hello.o
    0x200000a4        -       0x00000040   Zero   RW         5178    .bss                queue.o
    0x200000e4        -       0x000000c8   Zero   RW         5446    .bss                tasks.o
    0x200001ac        -       0x00000028   Zero   RW         5779    .bss                timers.o
    0x200001d4        -       0x00012c00   Zero   RW         5895    .bss                heap_4.o
    0x20012dd4        -       0x00000060   Zero   RW         6191    .bss                c_w.l(libspace.o)
    0x20012e34   0x08003344   0x00000004   PAD
    0x20012e38        -       0x00000000   Zero   RW          142    HEAP                startup_stm32f40_41xxx.o
    0x20012e38        -       0x00000400   Zero   RW          141    STACK               startup_stm32f40_41xxx.o


==============================================================================

Image component sizes


      Code (inc. data)   RO Data    RW Data    ZI Data      Debug   Object Name

       140         64          0          8          0      13873   app_hello.o
       172         10          0          0          0        777   bsp_uart1.o
       680        104         72         24      76800       4427   heap_4.o
       148          0          0          0          0       5186   list.o
       116         12          0          0          0      27262   main.o
       140         24          0          0          0       1775   misc.o
        36          0          0          0          0      13747   pad_stm32f4xx_it.o
       982        196         76         12          0      11789   port.o
      2380        454          0          0         64      25277   queue.o
        32          6          0          4          0       3262   retarget.o
        76         28        392          0       1024        984   startup_stm32f40_41xxx.o
       214          0          0          0          0       2011   stm32f4xx_gpio.o
       296         30          0         16          0       4378   stm32f4xx_rcc.o
       236          8          0          0          0       2289   stm32f4xx_usart.o
       340         32          0         20          0     264509   system_stm32f4xx.o
      3574       1236          0         60        200      33693   tasks.o
      1470        472          0         20         40       9823   timers.o

    ----------------------------------------------------------------------
     11040       2676        572        164      78128     425062   Object Totals
         0          0         32          0          0          0   (incl. Generated)
         8          0          0          0          0          0   (incl. Padding)

    ----------------------------------------------------------------------

      Code (inc. data)   RO Data    RW Data    ZI Data      Debug   Library Member Name

         8          0          0          0          0         68   __main.o
       104          0          0          0          0         84   __printf.o
         0          0          0          0          0          0   __rtentry.o
        12          0          0          0          0          0   __rtentry2.o
         6          0          0          0          0          0   __rtentry4.o
        52          8          0          0          0          0   __scatter.o
        26          0          0          0          0          0   __scatter_copy.o
        28          0          0          0          0          0   __scatter_zi.o
        44          0          0          0          0        108   _printf_char.o
        48          6          0          0          0         96   _printf_char_common.o
        36          4          0          0          0         80   _printf_char_file.o
         6          0          0          0          0          0   _printf_d.o
       120         16          0          0          0         92   _printf_dec.o
       178          0          0          0          0         88   _printf_intcommon.o
         0          0          0          0          0          0   _printf_percent.o
         4          0          0          0          0          0   _printf_percent_end.o
         6          0          0          0          0          0   _printf_s.o
        82          0          0          0          0         80   _printf_str.o
        16          0          0          0          0         68   aeabi_memset.o
        18          0          0          0          0         80   exit.o
         8          0          0          0          0         68   ferror.o
         6          0          0          0          0        152   heapauxi.o
         2          0          0          0          0          0   libinit.o
         6          0          0          0          0          0   libinit2.o
         2          0          0          0          0          0   libshutdown.o
         2          0          0          0          0          0   libshutdown2.o
         8          4          0          0         96         68   libspace.o
        24          4          0          0          0         84   noretval__2printf.o
        68          0          0          0          0         68   rt_memclr.o
        78          0          0          0          0         80   rt_memclr_w.o
       138          0          0          0          0         68   rt_memcpy_v6.o
       100          0          0          0          0         80   rt_memcpy_w.o
         2          0          0          0          0          0   rtexit.o
        10          0          0          0          0          0   rtexit2.o
        74          0          0          0          0         80   sys_stackheap_outer.o
         2          0          0          0          0         68   use_no_semi.o
         2          0          0          0          0         68   use_no_semi_2.o
        10          0          0          0          0        116   fpinit.o

    ----------------------------------------------------------------------
      1348         42          0          0        100       1844   Library Totals
        12          0          0          0          4          0   (incl. Padding)

    ----------------------------------------------------------------------

      Code (inc. data)   RO Data    RW Data    ZI Data      Debug   Library Name

      1326         42          0          0         96       1728   c_w.l
        10          0          0          0          0        116   fz_wm.l

    ----------------------------------------------------------------------
      1348         42          0          0        100       1844   Library Totals

    ----------------------------------------------------------------------

==============================================================================


      Code (inc. data)   RO Data    RW Data    ZI Data      Debug   

     12388       2718        572        164      78228     417222   Grand Totals
     12388       2718        572        164      78228     417222   ELF Image Totals
     12388       2718        572        164          0          0   ROM Totals

==============================================================================

    Total RO  Size (Code + RO Data)                12960 (  12.66kB)
    Total RW  Size (RW Data + ZI Data)             78392 (  76.55kB)
    Total ROM Size (Code + RO Data + RW Data)      13124 (  12.82kB)

==============================================================================

